Archive member included because of file (symbol)

c:/altera/11.1/nios2eds/bin/gnu/h-i686-mingw32/bin/../lib/gcc/nios2-elf/4.1.2\libgcc.a(_mul_sf.o)
                              obj/default/terasic_fat/FatFileSystem.o (__mulsf3)
c:/altera/11.1/nios2eds/bin/gnu/h-i686-mingw32/bin/../lib/gcc/nios2-elf/4.1.2\libgcc.a(_div_sf.o)
                              obj/default/terasic_fat/FatFileSystem.o (__divsf3)
c:/altera/11.1/nios2eds/bin/gnu/h-i686-mingw32/bin/../lib/gcc/nios2-elf/4.1.2\libgcc.a(_sf_to_df.o)
                              obj/default/terasic_fat/FatFileSystem.o (__extendsfdf2)
c:/altera/11.1/nios2eds/bin/gnu/h-i686-mingw32/bin/../lib/gcc/nios2-elf/4.1.2\libgcc.a(_thenan_sf.o)
                              c:/altera/11.1/nios2eds/bin/gnu/h-i686-mingw32/bin/../lib/gcc/nios2-elf/4.1.2\libgcc.a(_mul_sf.o) (__thenan_sf)
c:/altera/11.1/nios2eds/bin/gnu/h-i686-mingw32/bin/../lib/gcc/nios2-elf/4.1.2\libgcc.a(_usi_to_sf.o)
                              obj/default/terasic_fat/FatFileSystem.o (__floatunsisf)
c:/altera/11.1/nios2eds/bin/gnu/h-i686-mingw32/bin/../lib/gcc/nios2-elf/4.1.2\libgcc.a(_div_df.o)
                              obj/default/terasic_fat/FatFileSystem.o (__divdf3)
c:/altera/11.1/nios2eds/bin/gnu/h-i686-mingw32/bin/../lib/gcc/nios2-elf/4.1.2\libgcc.a(_make_df.o)
                              c:/altera/11.1/nios2eds/bin/gnu/h-i686-mingw32/bin/../lib/gcc/nios2-elf/4.1.2\libgcc.a(_sf_to_df.o) (__make_dp)
c:/altera/11.1/nios2eds/bin/gnu/h-i686-mingw32/bin/../lib/gcc/nios2-elf/4.1.2\libgcc.a(_df_to_sf.o)
                              obj/default/terasic_fat/FatFileSystem.o (__truncdfsf2)
c:/altera/11.1/nios2eds/bin/gnu/h-i686-mingw32/bin/../lib/gcc/nios2-elf/4.1.2\libgcc.a(_thenan_df.o)
                              c:/altera/11.1/nios2eds/bin/gnu/h-i686-mingw32/bin/../lib/gcc/nios2-elf/4.1.2\libgcc.a(_div_df.o) (__thenan_df)
c:/altera/11.1/nios2eds/bin/gnu/h-i686-mingw32/bin/../lib/gcc/nios2-elf/4.1.2\libgcc.a(lib2-divmod.o)
                              obj/default/main.o (__udivsi3)
c:/altera/11.1/nios2eds/bin/gnu/h-i686-mingw32/bin/../lib/gcc/nios2-elf/4.1.2\libgcc.a(_muldi3.o)
                              c:/altera/11.1/nios2eds/bin/gnu/h-i686-mingw32/bin/../lib/gcc/nios2-elf/4.1.2\libgcc.a(_mul_sf.o) (__muldi3)
c:/altera/11.1/nios2eds/bin/gnu/h-i686-mingw32/bin/../lib/gcc/nios2-elf/4.1.2\libgcc.a(_clzsi2.o)
                              c:/altera/11.1/nios2eds/bin/gnu/h-i686-mingw32/bin/../lib/gcc/nios2-elf/4.1.2\libgcc.a(_usi_to_sf.o) (__clzsi2)
c:/altera/11.1/nios2eds/bin/gnu/h-i686-mingw32/bin/../lib/gcc/nios2-elf/4.1.2\libgcc.a(_pack_sf.o)
                              c:/altera/11.1/nios2eds/bin/gnu/h-i686-mingw32/bin/../lib/gcc/nios2-elf/4.1.2\libgcc.a(_mul_sf.o) (__pack_f)
c:/altera/11.1/nios2eds/bin/gnu/h-i686-mingw32/bin/../lib/gcc/nios2-elf/4.1.2\libgcc.a(_unpack_sf.o)
                              c:/altera/11.1/nios2eds/bin/gnu/h-i686-mingw32/bin/../lib/gcc/nios2-elf/4.1.2\libgcc.a(_mul_sf.o) (__unpack_f)
c:/altera/11.1/nios2eds/bin/gnu/h-i686-mingw32/bin/../lib/gcc/nios2-elf/4.1.2\libgcc.a(_make_sf.o)
                              c:/altera/11.1/nios2eds/bin/gnu/h-i686-mingw32/bin/../lib/gcc/nios2-elf/4.1.2\libgcc.a(_df_to_sf.o) (__make_fp)
c:/altera/11.1/nios2eds/bin/gnu/h-i686-mingw32/bin/../lib/gcc/nios2-elf/4.1.2\libgcc.a(_pack_df.o)
                              c:/altera/11.1/nios2eds/bin/gnu/h-i686-mingw32/bin/../lib/gcc/nios2-elf/4.1.2\libgcc.a(_div_df.o) (__pack_d)
c:/altera/11.1/nios2eds/bin/gnu/h-i686-mingw32/bin/../lib/gcc/nios2-elf/4.1.2\libgcc.a(_unpack_df.o)
                              c:/altera/11.1/nios2eds/bin/gnu/h-i686-mingw32/bin/../lib/gcc/nios2-elf/4.1.2\libgcc.a(_div_df.o) (__unpack_d)
c:/altera/11.1/nios2eds/bin/gnu/h-i686-mingw32/bin/../lib/gcc/nios2-elf/4.1.2\libgcc.a(_clz.o)
                              c:/altera/11.1/nios2eds/bin/gnu/h-i686-mingw32/bin/../lib/gcc/nios2-elf/4.1.2\libgcc.a(_clzsi2.o) (__clz_tab)
c:/altera/11.1/nios2eds/bin/gnu/h-i686-mingw32/bin/../lib/gcc/nios2-elf/4.1.2/../../../../nios2-elf/lib\libc.a(lib_a-fclose.o)
                              obj/default/terasic_lib/LCD.o (fclose)
c:/altera/11.1/nios2eds/bin/gnu/h-i686-mingw32/bin/../lib/gcc/nios2-elf/4.1.2/../../../../nios2-elf/lib\libc.a(lib_a-fflush.o)
                              c:/altera/11.1/nios2eds/bin/gnu/h-i686-mingw32/bin/../lib/gcc/nios2-elf/4.1.2/../../../../nios2-elf/lib\libc.a(lib_a-fclose.o) (_fflush_r)
c:/altera/11.1/nios2eds/bin/gnu/h-i686-mingw32/bin/../lib/gcc/nios2-elf/4.1.2/../../../../nios2-elf/lib\libc.a(lib_a-findfp.o)
                              c:/altera/11.1/nios2eds/bin/gnu/h-i686-mingw32/bin/../lib/gcc/nios2-elf/4.1.2/../../../../nios2-elf/lib\libc.a(lib_a-fclose.o) (__sfp_lock_acquire)
c:/altera/11.1/nios2eds/bin/gnu/h-i686-mingw32/bin/../lib/gcc/nios2-elf/4.1.2/../../../../nios2-elf/lib\libc.a(lib_a-fopen.o)
                              obj/default/terasic_lib/LCD.o (fopen)
[...]
Memory Configuration

Name             Origin             Length             Attributes
cfi_flash_0      0x00000000         0x00400000
sram_0           0x00600000         0x00080000
epcs_controller  0x00681800         0x00000800
reset            0x01000000         0x00000020
sdram_0          0x01000020         0x007fffe0
*default*        0x00000000         0xffffffff

Linker script and memory map

LOAD ../DE2_SD_Card_Audio_bsp//obj/HAL/src/crt0.o
LOAD obj/default/main.o
LOAD obj/default/terasic_fat/FatFileSystem.o
LOAD obj/default/terasic_fat/FatInternal.o
LOAD obj/default/terasic_lib/AUDIO.o
LOAD obj/default/terasic_lib/I2C.o
LOAD obj/default/terasic_lib/LCD.o
LOAD obj/default/terasic_lib/LED.o
LOAD obj/default/terasic_lib/SEG7.o
LOAD obj/default/terasic_lib/WaveLib.o
LOAD obj/default/terasic_lib/debug.o
LOAD obj/default/terasic_sdcard/crc16.o
LOAD obj/default/terasic_sdcard/crc7.o
LOAD obj/default/terasic_sdcard/sd_hal.o
LOAD obj/default/terasic_sdcard/sd_lib.o
LOAD obj/default/terasic_sdcard/sd_protocol.o
LOAD c:/altera/11.1/nios2eds/bin/gnu/h-i686-mingw32/bin/../lib/gcc/nios2-elf/4.1.2/../../../../nios2-elf/lib\libstdc++.a
LOAD c:/altera/11.1/nios2eds/bin/gnu/h-i686-mingw32/bin/../lib/gcc/nios2-elf/4.1.2/../../../../nios2-elf/lib\libm.a
LOAD c:/altera/11.1/nios2eds/bin/gnu/h-i686-mingw32/bin/../lib/gcc/nios2-elf/4.1.2\libgcc.a
START GROUP
LOAD c:/altera/11.1/nios2eds/bin/gnu/h-i686-mingw32/bin/../lib/gcc/nios2-elf/4.1.2/../../../../nios2-elf/lib\libc.a
LOAD c:/altera/11.1/nios2eds/bin/gnu/h-i686-mingw32/bin/../lib/gcc/nios2-elf/4.1.2\libgcc.a
LOAD ../DE2_SD_Card_Audio_bsp/\libhal_bsp.a
END GROUP
LOAD c:/altera/11.1/nios2eds/bin/gnu/h-i686-mingw32/bin/../lib/gcc/nios2-elf/4.1.2\libgcc.a
                0x00000000                __alt_mem_cfi_flash_0 = 0x0
                0x00600000                __alt_mem_sram_0 = 0x600000
                0x00681800                __alt_mem_epcs_controller = 0x681800
                0x01000000                __alt_mem_sdram_0 = 0x1000000

.entry          0x01000000       0x20
 *(.entry)
 .entry         0x01000000       0x20 ../DE2_SD_Card_Audio_bsp//obj/HAL/src/crt0.o
                0x01000000                __reset

.exceptions     0x01000020      0x194
                0x01000020                PROVIDE (__ram_exceptions_start, ABSOLUTE (.))
                0x01000020                . = ALIGN (0x20)
 *(.irq)
 *(.exceptions.entry.label)
 .exceptions.entry.label
                0x01000020        0x0 ../DE2_SD_Card_Audio_bsp/\libhal_bsp.a(alt_irq_entry.o)
                0x01000020                alt_irq_entry
 .exceptions.entry.label
                0x01000020        0x0 ../DE2_SD_Card_Audio_bsp/\libhal_bsp.a(alt_exception_entry.o)
                0x01000020                alt_exception
 *(.exceptions.entry.user)
 *(.exceptions.entry)
 .exceptions.entry
                0x01000020       0x54 ../DE2_SD_Card_Audio_bsp/\libhal_bsp.a(alt_exception_entry.o)
 *(.exceptions.irqtest.user)
 *(.exceptions.irqtest)
 .exceptions.irqtest
                0x01000074       0x10 ../DE2_SD_Card_Audio_bsp/\libhal_bsp.a(alt_irq_entry.o)
 *(.exceptions.irqhandler.user)
 *(.exceptions.irqhandler)
 .exceptions.irqhandler
                0x01000084        0x4 ../DE2_SD_Card_Audio_bsp/\libhal_bsp.a(alt_irq_entry.o)
 *(.exceptions.irqreturn.user)
 *(.exceptions.irqreturn)
 .exceptions.irqreturn
                0x01000088        0x4 ../DE2_SD_Card_Audio_bsp/\libhal_bsp.a(alt_irq_entry.o)
 *(.exceptions.notirq.label)
 .exceptions.notirq.label
                0x0100008c        0x0 ../DE2_SD_Card_Audio_bsp/\libhal_bsp.a(alt_irq_entry.o)
 *(.exceptions.notirq.user)
 *(.exceptions.notirq)
 .exceptions.notirq
                0x0100008c        0x8 ../DE2_SD_Card_Audio_bsp/\libhal_bsp.a(alt_exception_entry.o)
 *(.exceptions.soft.user)
 *(.exceptions.soft)
 *(.exceptions.unknown.user)
 *(.exceptions.unknown)
 .exceptions.unknown
                0x01000094        0x4 ../DE2_SD_Card_Audio_bsp/\libhal_bsp.a(alt_exception_entry.o)
 *(.exceptions.exit.label)
 .exceptions.exit.label
                0x01000098        0x0 ../DE2_SD_Card_Audio_bsp/\libhal_bsp.a(alt_irq_entry.o)
 .exceptions.exit.label
                0x01000098        0x0 ../DE2_SD_Card_Audio_bsp/\libhal_bsp.a(alt_exception_entry.o)
 *(.exceptions.exit.user)
 *(.exceptions.exit)
 .exceptions.exit
                0x01000098       0x54 ../DE2_SD_Card_Audio_bsp/\libhal_bsp.a(alt_exception_entry.o)
 *(.exceptions)
 .exceptions    0x010000ec       0xc8 ../DE2_SD_Card_Audio_bsp/\libhal_bsp.a(alt_irq_handler.o)
                0x010000ec                alt_irq_handler
                0x010001b4                PROVIDE (__ram_exceptions_end, ABSOLUTE (.))
                0x01000020                PROVIDE (__flash_exceptions_start, LOADADDR (.exceptions))

.text           0x010001b4    0x1b9b0
                0x010001b4                PROVIDE (stext, ABSOLUTE (.))
 *(.interp)
 *(.hash)
 *(.dynsym)
 *(.dynstr)
 *(.gnu.version)
 *(.gnu.version_d)
 *(.gnu.version_r)
 *(.rel.init)
 *(.rela.init)
 *(.rel.text .rel.text.* .rel.gnu.linkonce.t.*)
 *(.rela.text .rela.text.* .rela.gnu.linkonce.t.*)
 *(.rel.fini)
 *(.rela.fini)
 *(.rel.rodata .rel.rodata.* .rel.gnu.linkonce.r.*)
 *(.rela.rodata .rela.rodata.* .rela.gnu.linkonce.r.*)
 *(.rel.data .rel.data.* .rel.gnu.linkonce.d.*)
 *(.rela.data .rela.data.* .rela.gnu.linkonce.d.*)
 *(.rel.tdata .rel.tdata.* .rel.gnu.linkonce.td.*)
 *(.rela.tdata .rela.tdata.* .rela.gnu.linkonce.td.*)
 *(.rel.tbss .rel.tbss.* .rel.gnu.linkonce.tb.*)
 *(.rela.tbss .rela.tbss.* .rela.gnu.linkonce.tb.*)
 *(.rel.ctors)
 *(.rela.ctors)
 *(.rel.dtors)
 *(.rela.dtors)
 *(.rel.got)
 *(.rela.got)
 *(.rel.sdata .rel.sdata.* .rel.gnu.linkonce.s.*)
 *(.rela.sdata .rela.sdata.* .rela.gnu.linkonce.s.*)
 *(.rel.sbss .rel.sbss.* .rel.gnu.linkonce.sb.*)
 *(.rela.sbss .rela.sbss.* .rela.gnu.linkonce.sb.*)
 *(.rel.sdata2 .rel.sdata2.* .rel.gnu.linkonce.s2.*)
 *(.rela.sdata2 .rela.sdata2.* .rela.gnu.linkonce.s2.*)
 *(.rel.sbss2 .rel.sbss2.* .rel.gnu.linkonce.sb2.*)
 *(.rela.sbss2 .rela.sbss2.* .rela.gnu.linkonce.sb2.*)
 *(.rel.bss .rel.bss.* .rel.gnu.linkonce.b.*)
 *(.rela.bss .rela.bss.* .rela.gnu.linkonce.b.*)
 *(.rel.plt)
 *(.rela.plt)
 *(.rel.dyn)
 *(.init)
 *(.plt)
 *(.text .stub .text.* .gnu.linkonce.t.*)
 .text          0x010001b4       0x4c ../DE2_SD_Card_Audio_bsp//obj/HAL/src/crt0.o
                0x010001b4                _start
 .text          0x01000200     0x1980 obj/default/main.o
                0x01000200                welcome_display
                0x01000268                demo_introduce
                0x01000304                update_status
                0x010003a0                DisplayTime
                0x010003f4                lcd_open
                0x0100041c                lcd_display
                0x01000450                led_display
                0x01000480                led_display_count
                0x010004b0                wait_sdcard_insert
                0x01000554                is_supporrted_sample_rate
                0x010005e0                build_wave_play_list
                0x010009d0                waveplay_start
                0x01000c4c                waveplay_execute
                0x01000f84                waveplay_stop
                0x01000fa0                handle_key
                0x01001198                IRDA_init
                0x010011e4                handle_IrDA
                0x010014f4                Fat_Test
                0x010017b8                main
 .text          0x01001b80     0x14e4 obj/default/terasic_fat/FatFileSystem.o
                0x01001b80                Fat_Mount
                0x01001bc8                Fat_Unmount
                0x01001c14                Fat_Type
                0x01001c84                Fat_FileBrowseBegin
                0x01001d00                Fat_FileBrowseNext
                0x010021f8                Fat_FileCount
                0x01002260                fatSameLongFilename
                0x01002300                fatComposeShortFilename
                0x010024d8                Fat_FileExist
                0x01002588                Fat_FileOpen
                0x010027c0                Fat_FileSize
                0x01002810                Fat_FileRead
                0x01002ce8                Fat_FileSeek
                0x01002e0c                Fat_FileClose
                0x01002e50                Fat_SpeedTest
 .text          0x01003064     0x1824 obj/default/terasic_fat/FatInternal.o
                0x01003064                fat16ClusterType
                0x0100311c                fat32ClusterType
                0x010031f0                fatNextCluster
                0x01003348                fatFindUnusedCluster
                0x010034c0                fatDelClusterList
                0x010036a4                fatDumpDate
                0x01003728                fatDumpTime
                0x010037ac                fatIsLastDir
                0x010037fc                fatIsValidDir
                0x010038a4                fatIsUnusedDir
                0x010038f4                fatDump
                0x01004004                fatArray2Value
                0x01004090                fatReadSecter
                0x01004120                fatFindDirectory
                0x010041c0                fatFindUnusedDirectory
                0x010042d4                fatMount
                0x010046a4                SD_ReadBlock512
                0x010046e0                SD_WriteBlock512
                0x0100471c                fatMountSdcard
 .text          0x01004888      0xd98 obj/default/terasic_lib/AUDIO.o
                0x01004888                AUDIO_Init
                0x01004a4c                AUDIO_InterfaceActive
                0x01004a8c                AUDIO_MicBoost
                0x01004b04                AUDIO_AdcEnableHighPassFilter
                0x01004b7c                AUDIO_DacDeemphasisControl
                0x01004c34                AUDIO_DacEnableZeroCross
                0x01004d14                AUDIO_DacEnableSoftMute
                0x01004da0                AUDIO_MicMute
                0x01004e2c                AUDIO_LineInMute
                0x01004f0c                AUDIO_SetInputSource
                0x01004f98                AUDIO_SetSampleRate
                0x01005084                AUDIO_SetLineInVol
                0x010051a0                AUDIO_SetLineOutVol
                0x010052bc                AUDIO_EnableByPass
                0x01005348                AUDIO_EnableSiteTone
                0x010053d4                aduio_RegWrite
                0x010054d0                AUDIO_DacFifoNotFull
                0x01005524                AUDIO_DacFifoSetData
                0x01005568                AUDIO_AdcFifoNotEmpty
                0x010055a0                AUDIO_AdcFifoGetData
                0x010055f4                AUDIO_FifoClear
 .text          0x01005620      0x718 obj/default/terasic_lib/I2C.o
                0x01005620                I2C_Write
                0x0100571c                I2C_Read
                0x01005844                I2C_MultipleRead
                0x010059c8                i2c_start
                0x01005a50                i2c_stop
                0x01005ac8                i2c_write
                0x01005bec                i2c_read
 .text          0x01005d38      0x184 obj/default/terasic_lib/LCD.o
                0x01005d38                LCD_Open
                0x01005d94                LCD_TextOut
                0x01005df8                LCD_Clear
                0x01005e80                LCD_Close
 .text          0x01005ebc      0x12c obj/default/terasic_lib/LED.o
                0x01005ebc                LED_AllOn
                0x01005ee8                LED_AllOff
                0x01005f14                LED_Display
                0x01005f64                LED_LightCount
 .text          0x01005fe8      0x2ec obj/default/terasic_lib/SEG7.o
                0x01005fe8                SEG7_Clear
                0x01006044                SEG7_Full
                0x010060a8                SEG7_Number
                0x01006120                SEG7_Hex
                0x010061f0                SEG7_Decimal
 .text          0x010062d4      0x534 obj/default/terasic_lib/WaveLib.o
                0x010062d4                waveGetChunkOffset
                0x01006408                WAVE_IsWaveFile
                0x0100655c                Wave_GetSampleRate
                0x010065f8                Wave_GetChannelNum
                0x01006680                Wave_GetSampleBitNum
                0x01006708                Wave_GetDataByteSize
                0x010067a4                Wave_GetWaveOffset
 .text          0x01006808      0x194 obj/default/terasic_lib/debug.o
                0x01006808                debug_output
                0x01006838                myprintf
                0x01006898                myprintf_hexarray
                0x01006918                myprintf_dwordarray
 .text          0x0100699c       0xa8 obj/default/terasic_sdcard/crc16.o
                0x0100699c                crc16
 .text          0x01006a44       0xc0 obj/default/terasic_sdcard/crc7.o
                0x01006a44                crc7_byte
                0x01006a90                crc7
 .text          0x01006b04      0x7b4 obj/default/terasic_sdcard/sd_hal.o
                0x01006b04                SDHAL_IsSupport4Bits
                0x01006b30                SDHAL_Init
                0x01006b94                SDHAL_SendCmd
                0x01006c88                SDHAL_GetResponse
                0x01006f28                SDHAL_ReadData
                0x01007080                SDHAL_WriteData
                0x0100725c                SDHAL_DummyClock
 .text          0x010072b8      0x4bc obj/default/terasic_sdcard/sd_lib.o
                0x010072b8                SDLIB_Init
                0x01007654                SDLIB_ReadBlock512
                0x010076e4                SDLIB_WriteBlock512
 .text          0x01007774     0x16f4 obj/default/terasic_sdcard/sd_protocol.o
                0x01007774                SD_Init
                0x0100779c                SD_IsSupport4Bits
                0x010077c4                SD_CMD0
                0x01007844                SD_CMD8
                0x010079d4                SD_CMD55
                0x01007b58                SD_ACMD41
                0x01007cfc                SD_CMD2
                0x01007ea0                SD_CMD3
                0x01008044                SD_CMD9
                0x01008218                SD_CMD10
                0x010083ec                SD_CMD7
                0x01008574                SD_CMD16
                0x01008714                SD_ACMD6
                0x010088ac                SD_ACMD42
                0x01008a28                SD_CMD17
                0x01008bcc                SD_CMD24
                0x01008d70                SD_ReadData
                0x01008db0                SD_WriteData
                0x01008df0                ArrayToU32
 .text          0x01008e68      0x1e0 c:/altera/11.1/nios2eds/bin/gnu/h-i686-mingw32/bin/../lib/gcc/nios2-elf/4.1.2\libgcc.a(_mul_sf.o)
                0x01008e68                __mulsf3
 .text          0x01009048      0x174 c:/altera/11.1/nios2eds/bin/gnu/h-i686-mingw32/bin/../lib/gcc/nios2-elf/4.1.2\libgcc.a(_div_sf.o)
                0x01009048                __divsf3
 .text          0x010091bc       0x54 c:/altera/11.1/nios2eds/bin/gnu/h-i686-mingw32/bin/../lib/gcc/nios2-elf/4.1.2\libgcc.a(_sf_to_df.o)
                0x010091bc                __extendsfdf2
 .text          0x01009210        0x0 c:/altera/11.1/nios2eds/bin/gnu/h-i686-mingw32/bin/../lib/gcc/nios2-elf/4.1.2\libgcc.a(_thenan_sf.o)
 .text          0x01009210       0xc0 c:/altera/11.1/nios2eds/bin/gnu/h-i686-mingw32/bin/../lib/gcc/nios2-elf/4.1.2\libgcc.a(_usi_to_sf.o)
                0x01009210                __floatunsisf
 .text          0x010092d0      0x258 c:/altera/11.1/nios2eds/bin/gnu/h-i686-mingw32/bin/../lib/gcc/nios2-elf/4.1.2\libgcc.a(_div_df.o)
                0x010092d0                __divdf3
 .text          0x01009528       0x38 c:/altera/11.1/nios2eds/bin/gnu/h-i686-mingw32/bin/../lib/gcc/nios2-elf/4.1.2\libgcc.a(_make_df.o)
                0x01009528                __make_dp
 .text          0x01009560       0x74 c:/altera/11.1/nios2eds/bin/gnu/h-i686-mingw32/bin/../lib/gcc/nios2-elf/4.1.2\libgcc.a(_df_to_sf.o)
                0x01009560                __truncdfsf2
 .text          0x010095d4        0x0 c:/altera/11.1/nios2eds/bin/gnu/h-i686-mingw32/bin/../lib/gcc/nios2-elf/4.1.2\libgcc.a(_thenan_df.o)
 .text          0x010095d4      0x14c c:/altera/11.1/nios2eds/bin/gnu/h-i686-mingw32/bin/../lib/gcc/nios2-elf/4.1.2\libgcc.a(lib2-divmod.o)
                0x01009650                __divsi3
                0x010096b0                __modsi3
                0x01009710                __udivsi3
                0x01009718                __umodsi3
 .text          0x01009720       0x98 c:/altera/11.1/nios2eds/bin/gnu/h-i686-mingw32/bin/../lib/gcc/nios2-elf/4.1.2\libgcc.a(_muldi3.o)
                0x01009720                __muldi3
 .text          0x010097b8       0x80 c:/altera/11.1/nios2eds/bin/gnu/h-i686-mingw32/bin/../lib/gcc/nios2-elf/4.1.2\libgcc.a(_clzsi2.o)
                0x010097b8                __clzsi2
 .text          0x01009838      0x160 c:/altera/11.1/nios2eds/bin/gnu/h-i686-mingw32/bin/../lib/gcc/nios2-elf/4.1.2\libgcc.a(_pack_sf.o)
                0x01009838                __pack_f
 .text          0x01009998       0xc8 c:/altera/11.1/nios2eds/bin/gnu/h-i686-mingw32/bin/../lib/gcc/nios2-elf/4.1.2\libgcc.a(_unpack_sf.o)
                0x01009998                __unpack_f
 .text          0x01009a60       0x2c c:/altera/11.1/nios2eds/bin/gnu/h-i686-mingw32/bin/../lib/gcc/nios2-elf/4.1.2\libgcc.a(_make_sf.o)
                0x01009a60                __make_fp
 .text          0x01009a8c      0x314 c:/altera/11.1/nios2eds/bin/gnu/h-i686-mingw32/bin/../lib/gcc/nios2-elf/4.1.2\libgcc.a(_pack_df.o)
                0x01009a8c                __pack_d
 .text          0x01009da0      0x138 c:/altera/11.1/nios2eds/bin/gnu/h-i686-mingw32/bin/../lib/gcc/nios2-elf/4.1.2\libgcc.a(_unpack_df.o)
                0x01009da0                __unpack_d
 .text          0x01009ed8        0x0 c:/altera/11.1/nios2eds/bin/gnu/h-i686-mingw32/bin/../lib/gcc/nios2-elf/4.1.2\libgcc.a(_clz.o)
 .text          0x01009ed8      0x124 c:/altera/11.1/nios2eds/bin/gnu/h-i686-mingw32/bin/../lib/gcc/nios2-elf/4.1.2/../../../../nios2-elf/lib\libc.a(lib_a-fclose.o)
                0x01009ed8                _fclose_r
                0x01009fe8                fclose
 .text          0x01009ffc      0x230 c:/altera/11.1/nios2eds/bin/gnu/h-i686-mingw32/bin/../lib/gcc/nios2-elf/4.1.2/../../../../nios2-elf/lib\libc.a(lib_a-fflush.o)
                0x01009ffc                _fflush_r
                0x0100a1f8                fflush
 .text          0x0100a22c      0x2c0 c:/altera/11.1/nios2eds/bin/gnu/h-i686-mingw32/bin/../lib/gcc/nios2-elf/4.1.2/../../../../nios2-elf/lib\libc.a(lib_a-findfp.o)
                0x0100a284                __sfp_lock_acquire
                0x0100a288                __sfp_lock_release
                0x0100a28c                __sinit_lock_acquire
                0x0100a290                __sinit_lock_release
                0x0100a294                __sinit
                0x0100a348                __fp_unlock_all
                0x0100a360                __fp_lock_all
                0x0100a378                _cleanup_r
                0x0100a384                _cleanup
                0x0100a394                __sfmoreglue
                0x0100a3fc                __sfp
 .text          0x0100a4ec      0x110 c:/altera/11.1/nios2eds/bin/gnu/h-i686-mingw32/bin/../lib/gcc/nios2-elf/4.1.2/../../../../nios2-elf/lib\libc.a(lib_a-fopen.o)
                0x0100a4ec                _fopen_r
                0x0100a5e0                fopen
 .text          0x0100a5fc      0x440 c:/altera/11.1/nios2eds/bin/gnu/h-i686-mingw32/bin/../lib/gcc/nios2-elf/4.1.2/../../../../nios2-elf/lib\libc.a(lib_a-freer.o)
                0x0100a5fc                _malloc_trim_r
                0x0100a728                _free_r
 .text          0x0100aa3c      0x460 c:/altera/11.1/nios2eds/bin/gnu/h-i686-mingw32/bin/../lib/gcc/nios2-elf/4.1.2/../../../../nios2-elf/lib\libc.a(lib_a-fseek.o)
                0x0100aa3c                _fseek_r
                0x0100ae78                fseek
 .text          0x0100ae9c       0x74 c:/altera/11.1/nios2eds/bin/gnu/h-i686-mingw32/bin/../lib/gcc/nios2-elf/4.1.2/../../../../nios2-elf/lib\libc.a(lib_a-fstatr.o)
                0x0100ae9c                _fstat_r
 .text          0x0100af10      0x180 c:/altera/11.1/nios2eds/bin/gnu/h-i686-mingw32/bin/../lib/gcc/nios2-elf/4.1.2/../../../../nios2-elf/lib\libc.a(lib_a-fwalk.o)
                0x0100af10                _fwalk_reent
                0x0100afd8                _fwalk
 .text          0x0100b090       0xdc c:/altera/11.1/nios2eds/bin/gnu/h-i686-mingw32/bin/../lib/gcc/nios2-elf/4.1.2/../../../../nios2-elf/lib\libc.a(lib_a-fwrite.o)
                0x0100b090                _fwrite_r
                0x0100b12c                fwrite
 .text          0x0100b16c        0x0 c:/altera/11.1/nios2eds/bin/gnu/h-i686-mingw32/bin/../lib/gcc/nios2-elf/4.1.2/../../../../nios2-elf/lib\libc.a(lib_a-impure.o)
 .text          0x0100b16c        0x0 c:/altera/11.1/nios2eds/bin/gnu/h-i686-mingw32/bin/../lib/gcc/nios2-elf/4.1.2/../../../../nios2-elf/lib\libc.a(lib_a-int_errno.o)
 .text          0x0100b16c      0x194 c:/altera/11.1/nios2eds/bin/gnu/h-i686-mingw32/bin/../lib/gcc/nios2-elf/4.1.2/../../../../nios2-elf/lib\libc.a(lib_a-makebuf.o)
                0x0100b16c                __smakebuf_r
 .text          0x0100b300       0x28 c:/altera/11.1/nios2eds/bin/gnu/h-i686-mingw32/bin/../lib/gcc/nios2-elf/4.1.2/../../../../nios2-elf/lib\libc.a(lib_a-malloc.o)
                0x0100b300                free
                0x0100b314                malloc
 .text          0x0100b328      0x740 c:/altera/11.1/nios2eds/bin/gnu/h-i686-mingw32/bin/../lib/gcc/nios2-elf/4.1.2/../../../../nios2-elf/lib\libc.a(lib_a-mallocr.o)
                0x0100b328                _malloc_r
 .text          0x0100ba68       0xa0 c:/altera/11.1/nios2eds/bin/gnu/h-i686-mingw32/bin/../lib/gcc/nios2-elf/4.1.2/../../../../nios2-elf/lib\libc.a(lib_a-memcpy.o)
                0x0100ba68                memcpy
 .text          0x0100bb08       0x98 c:/altera/11.1/nios2eds/bin/gnu/h-i686-mingw32/bin/../lib/gcc/nios2-elf/4.1.2/../../../../nios2-elf/lib\libc.a(lib_a-memset.o)
                0x0100bb08                memset
 .text          0x0100bba0       0x78 c:/altera/11.1/nios2eds/bin/gnu/h-i686-mingw32/bin/../lib/gcc/nios2-elf/4.1.2/../../../../nios2-elf/lib\libc.a(lib_a-openr.o)
                0x0100bba0                _open_r
 .text          0x0100bc18       0x78 c:/altera/11.1/nios2eds/bin/gnu/h-i686-mingw32/bin/../lib/gcc/nios2-elf/4.1.2/../../../../nios2-elf/lib\libc.a(lib_a-printf.o)
                0x0100bc18                printf
                0x0100bc5c                _printf_r
 .text          0x0100bc90       0x24 c:/altera/11.1/nios2eds/bin/gnu/h-i686-mingw32/bin/../lib/gcc/nios2-elf/4.1.2/../../../../nios2-elf/lib\libc.a(lib_a-putchar.o)
                0x0100bc90                putchar
                0x0100bcac                _putchar_r
 .text          0x0100bcb4       0xb4 c:/altera/11.1/nios2eds/bin/gnu/h-i686-mingw32/bin/../lib/gcc/nios2-elf/4.1.2/../../../../nios2-elf/lib\libc.a(lib_a-puts.o)
                0x0100bcb4                _puts_r
                0x0100bd54                puts
 .text          0x0100bd68      0x1e0 c:/altera/11.1/nios2eds/bin/gnu/h-i686-mingw32/bin/../lib/gcc/nios2-elf/4.1.2/../../../../nios2-elf/lib\libc.a(lib_a-refill.o)
                0x0100bd68                __srefill_r
 .text          0x0100bf48       0x70 c:/altera/11.1/nios2eds/bin/gnu/h-i686-mingw32/bin/../lib/gcc/nios2-elf/4.1.2/../../../../nios2-elf/lib\libc.a(lib_a-sbrkr.o)
                0x0100bf48                _sbrk_r
 .text          0x0100bfb8       0xd4 c:/altera/11.1/nios2eds/bin/gnu/h-i686-mingw32/bin/../lib/gcc/nios2-elf/4.1.2/../../../../nios2-elf/lib\libc.a(lib_a-sprintf.o)
                0x0100bfb8                sprintf
                0x0100c02c                _sprintf_r
 .text          0x0100c08c      0x14c c:/altera/11.1/nios2eds/bin/gnu/h-i686-mingw32/bin/../lib/gcc/nios2-elf/4.1.2/../../../../nios2-elf/lib\libc.a(lib_a-stdio.o)
                0x0100c08c                __sclose
                0x0100c094                __sseek
                0x0100c0fc                __swrite
                0x0100c178                __sread
 .text          0x0100c1d8       0xb0 c:/altera/11.1/nios2eds/bin/gnu/h-i686-mingw32/bin/../lib/gcc/nios2-elf/4.1.2/../../../../nios2-elf/lib\libc.a(lib_a-strcasecmp.o)
                0x0100c1d8                strcasecmp
 .text          0x0100c288       0xbc c:/altera/11.1/nios2eds/bin/gnu/h-i686-mingw32/bin/../lib/gcc/nios2-elf/4.1.2/../../../../nios2-elf/lib\libc.a(lib_a-strcmp.o)
                0x0100c288                strcmp
 .text          0x0100c344       0x8c c:/altera/11.1/nios2eds/bin/gnu/h-i686-mingw32/bin/../lib/gcc/nios2-elf/4.1.2/../../../../nios2-elf/lib\libc.a(lib_a-strcpy.o)
                0x0100c344                strcpy
 .text          0x0100c3d0       0x74 c:/altera/11.1/nios2eds/bin/gnu/h-i686-mingw32/bin/../lib/gcc/nios2-elf/4.1.2/../../../../nios2-elf/lib\libc.a(lib_a-strlen.o)
                0x0100c3d0                strlen
 .text          0x0100c444     0x1f28 c:/altera/11.1/nios2eds/bin/gnu/h-i686-mingw32/bin/../lib/gcc/nios2-elf/4.1.2/../../../../nios2-elf/lib\libc.a(lib_a-vfprintf.o)
                0x0100c49c                ___vfprintf_internal_r
                0x0100e348                __vfprintf_internal
 .text          0x0100e36c       0xf4 c:/altera/11.1/nios2eds/bin/gnu/h-i686-mingw32/bin/../lib/gcc/nios2-elf/4.1.2/../../../../nios2-elf/lib\libc.a(lib_a-vsnprintf.o)
                0x0100e36c                _vsnprintf_r
                0x0100e420                vsnprintf
 .text          0x0100e460       0x78 c:/altera/11.1/nios2eds/bin/gnu/h-i686-mingw32/bin/../lib/gcc/nios2-elf/4.1.2/../../../../nios2-elf/lib\libc.a(lib_a-writer.o)
                0x0100e460                _write_r
 .text          0x0100e4d8      0x13c c:/altera/11.1/nios2eds/bin/gnu/h-i686-mingw32/bin/../lib/gcc/nios2-elf/4.1.2/../../../../nios2-elf/lib\libc.a(lib_a-wsetup.o)
                0x0100e4d8                __swsetup_r
 .text          0x0100e614       0x70 c:/altera/11.1/nios2eds/bin/gnu/h-i686-mingw32/bin/../lib/gcc/nios2-elf/4.1.2/../../../../nios2-elf/lib\libc.a(lib_a-closer.o)
                0x0100e614                _close_r
 .text          0x0100e684        0x0 c:/altera/11.1/nios2eds/bin/gnu/h-i686-mingw32/bin/../lib/gcc/nios2-elf/4.1.2/../../../../nios2-elf/lib\libc.a(lib_a-ctype_.o)
 .text          0x0100e684     0x17cc c:/altera/11.1/nios2eds/bin/gnu/h-i686-mingw32/bin/../lib/gcc/nios2-elf/4.1.2/../../../../nios2-elf/lib\libc.a(lib_a-dtoa.o)
                0x0100e89c                _dtoa_r
 .text          0x0100fe50       0xa0 c:/altera/11.1/nios2eds/bin/gnu/h-i686-mingw32/bin/../lib/gcc/nios2-elf/4.1.2/../../../../nios2-elf/lib\libc.a(lib_a-flags.o)
                0x0100fe50                __sflags
 .text          0x0100fef0      0x49c c:/altera/11.1/nios2eds/bin/gnu/h-i686-mingw32/bin/../lib/gcc/nios2-elf/4.1.2/../../../../nios2-elf/lib\libc.a(lib_a-fvwrite.o)
                0x0100fef0                __sfvwrite_r
 .text          0x0101038c       0x70 c:/altera/11.1/nios2eds/bin/gnu/h-i686-mingw32/bin/../lib/gcc/nios2-elf/4.1.2/../../../../nios2-elf/lib\libc.a(lib_a-isattyr.o)
                0x0101038c                _isatty_r
 .text          0x010103fc       0xc4 c:/altera/11.1/nios2eds/bin/gnu/h-i686-mingw32/bin/../lib/gcc/nios2-elf/4.1.2/../../../../nios2-elf/lib\libc.a(lib_a-locale.o)
                0x010103fc                __locale_charset
                0x01010404                _localeconv_r
                0x01010410                localeconv
                0x01010420                _setlocale_r
                0x010104a4                setlocale
 .text          0x010104c0       0x78 c:/altera/11.1/nios2eds/bin/gnu/h-i686-mingw32/bin/../lib/gcc/nios2-elf/4.1.2/../../../../nios2-elf/lib\libc.a(lib_a-lseekr.o)
                0x010104c0                _lseek_r
 .text          0x01010538       0xe4 c:/altera/11.1/nios2eds/bin/gnu/h-i686-mingw32/bin/../lib/gcc/nios2-elf/4.1.2/../../../../nios2-elf/lib\libc.a(lib_a-memchr.o)
                0x01010538                memchr
 .text          0x0101061c       0xe0 c:/altera/11.1/nios2eds/bin/gnu/h-i686-mingw32/bin/../lib/gcc/nios2-elf/4.1.2/../../../../nios2-elf/lib\libc.a(lib_a-memmove.o)
                0x0101061c                memmove
 .text          0x010106fc      0xff4 c:/altera/11.1/nios2eds/bin/gnu/h-i686-mingw32/bin/../lib/gcc/nios2-elf/4.1.2/../../../../nios2-elf/lib\libc.a(lib_a-mprec.o)
                0x010106fc                _Bfree
                0x01010724                __hi0bits
                0x01010794                __lo0bits
                0x01010858                __mcmp
                0x010108b8                __ulp
                0x01010938                __b2d
                0x01010a58                __ratio
                0x01010b08                _mprec_log10
                0x01010b9c                __copybits
                0x01010bf4                __any_on
                0x01010c7c                _Balloc
                0x01010d38                __d2b
                0x01010eb4                __mdiff
                0x01011040                __lshift
                0x0101118c                __multiply
                0x01011374                __i2b
                0x010113b0                __multadd
                0x010114b0                __pow5mult
                0x010115d0                __s2b
 .text          0x010116f0      0x1ec c:/altera/11.1/nios2eds/bin/gnu/h-i686-mingw32/bin/../lib/gcc/nios2-elf/4.1.2/../../../../nios2-elf/lib\libc.a(lib_a-putc.o)
                0x010116f0                putc
                0x010117f4                _putc_r
 .text          0x010118dc       0x78 c:/altera/11.1/nios2eds/bin/gnu/h-i686-mingw32/bin/../lib/gcc/nios2-elf/4.1.2/../../../../nios2-elf/lib\libc.a(lib_a-readr.o)
                0x010118dc                _read_r
 .text          0x01011954      0x5f4 c:/altera/11.1/nios2eds/bin/gnu/h-i686-mingw32/bin/../lib/gcc/nios2-elf/4.1.2/../../../../nios2-elf/lib\libc.a(lib_a-reallocr.o)
                0x01011954                _realloc_r
 .text          0x01011f48       0x40 c:/altera/11.1/nios2eds/bin/gnu/h-i686-mingw32/bin/../lib/gcc/nios2-elf/4.1.2/../../../../nios2-elf/lib\libc.a(lib_a-s_isinfd.o)
                0x01011f48                __isinfd
 .text          0x01011f88       0x30 c:/altera/11.1/nios2eds/bin/gnu/h-i686-mingw32/bin/../lib/gcc/nios2-elf/4.1.2/../../../../nios2-elf/lib\libc.a(lib_a-s_isnand.o)
                0x01011f88                __isnand
 .text          0x01011fb8      0x14c c:/altera/11.1/nios2eds/bin/gnu/h-i686-mingw32/bin/../lib/gcc/nios2-elf/4.1.2/../../../../nios2-elf/lib\libc.a(lib_a-wbuf.o)
                0x01011fb8                __swbuf_r
                0x010120e8                __swbuf
 .text          0x01012104       0xb4 c:/altera/11.1/nios2eds/bin/gnu/h-i686-mingw32/bin/../lib/gcc/nios2-elf/4.1.2/../../../../nios2-elf/lib\libc.a(lib_a-callocr.o)
                0x01012104                _calloc_r
 .text          0x010121b8      0x5dc c:/altera/11.1/nios2eds/bin/gnu/h-i686-mingw32/bin/../lib/gcc/nios2-elf/4.1.2\libgcc.a(_udivdi3.o)
                0x010121b8                __udivdi3
 .text          0x01012794      0x5b0 c:/altera/11.1/nios2eds/bin/gnu/h-i686-mingw32/bin/../lib/gcc/nios2-elf/4.1.2\libgcc.a(_umoddi3.o)
                0x01012794                __umoddi3
 .text          0x01012d44      0x504 c:/altera/11.1/nios2eds/bin/gnu/h-i686-mingw32/bin/../lib/gcc/nios2-elf/4.1.2\libgcc.a(_addsub_df.o)
                0x01013154                __subdf3
                0x010131d4                __adddf3
 .text          0x01013248      0x3c4 c:/altera/11.1/nios2eds/bin/gnu/h-i686-mingw32/bin/../lib/gcc/nios2-elf/4.1.2\libgcc.a(_mul_df.o)
                0x01013248                __muldf3
 .text          0x0101360c       0x88 c:/altera/11.1/nios2eds/bin/gnu/h-i686-mingw32/bin/../lib/gcc/nios2-elf/4.1.2\libgcc.a(_eq_df.o)
                0x0101360c                __eqdf2
 .text          0x01013694       0x88 c:/altera/11.1/nios2eds/bin/gnu/h-i686-mingw32/bin/../lib/gcc/nios2-elf/4.1.2\libgcc.a(_ne_df.o)
                0x01013694                __nedf2
 .text          0x0101371c       0x88 c:/altera/11.1/nios2eds/bin/gnu/h-i686-mingw32/bin/../lib/gcc/nios2-elf/4.1.2\libgcc.a(_gt_df.o)
                0x0101371c                __gtdf2
 .text          0x010137a4       0x88 c:/altera/11.1/nios2eds/bin/gnu/h-i686-mingw32/bin/../lib/gcc/nios2-elf/4.1.2\libgcc.a(_ge_df.o)
                0x010137a4                __gedf2
 .text          0x0101382c       0x88 c:/altera/11.1/nios2eds/bin/gnu/h-i686-mingw32/bin/../lib/gcc/nios2-elf/4.1.2\libgcc.a(_lt_df.o)
                0x0101382c                __ltdf2
 .text          0x010138b4       0xf8 c:/altera/11.1/nios2eds/bin/gnu/h-i686-mingw32/bin/../lib/gcc/nios2-elf/4.1.2\libgcc.a(_si_to_df.o)
                0x010138b4                __floatsidf
 .text          0x010139ac       0xd8 c:/altera/11.1/nios2eds/bin/gnu/h-i686-mingw32/bin/../lib/gcc/nios2-elf/4.1.2\libgcc.a(_df_to_si.o)
                0x010139ac                __fixdfsi
 .text          0x01013a84      0x194 c:/altera/11.1/nios2eds/bin/gnu/h-i686-mingw32/bin/../lib/gcc/nios2-elf/4.1.2\libgcc.a(_usi_to_df.o)
                0x01013a84                __floatunsidf
 .text          0x01013c18       0xc8 c:/altera/11.1/nios2eds/bin/gnu/h-i686-mingw32/bin/../lib/gcc/nios2-elf/4.1.2\libgcc.a(_fpcmp_parts_df.o)
                0x01013c18                __fpcmp_parts_d
 .text          0x01013ce0      0x15c ../DE2_SD_Card_Audio_bsp/\libhal_bsp.a(alt_close.o)
                0x01013ce0                close
 .text          0x01013e3c       0x2c ../DE2_SD_Card_Audio_bsp/\libhal_bsp.a(alt_dev.o)
 .text          0x01013e68        0x0 ../DE2_SD_Card_Audio_bsp/\libhal_bsp.a(alt_errno.o)
 .text          0x01013e68      0x134 ../DE2_SD_Card_Audio_bsp/\libhal_bsp.a(alt_fstat.o)
                0x01013e68                fstat
 .text          0x01013f9c      0x1c0 ../DE2_SD_Card_Audio_bsp/\libhal_bsp.a(alt_irq_register.o)
                0x01013f9c                alt_irq_register
 .text          0x0101415c        0x0 ../DE2_SD_Card_Audio_bsp/\libhal_bsp.a(alt_irq_vars.o)
 .text          0x0101415c      0x120 ../DE2_SD_Card_Audio_bsp/\libhal_bsp.a(alt_isatty.o)
                0x0101415c                isatty
 .text          0x0101427c       0xec ../DE2_SD_Card_Audio_bsp/\libhal_bsp.a(alt_load.o)
                0x0101427c                alt_load
 .text          0x01014368      0x150 ../DE2_SD_Card_Audio_bsp/\libhal_bsp.a(alt_lseek.o)
                0x01014368                lseek
 .text          0x010144b8       0x6c ../DE2_SD_Card_Audio_bsp/\libhal_bsp.a(alt_main.o)
                0x010144b8                alt_main
 .text          0x01014524       0x40 ../DE2_SD_Card_Audio_bsp/\libhal_bsp.a(alt_malloc_lock.o)
                0x01014524                __malloc_lock
                0x01014544                __malloc_unlock
 .text          0x01014564      0x2c4 ../DE2_SD_Card_Audio_bsp/\libhal_bsp.a(alt_open.o)
                0x01014640                open
 .text          0x01014828      0x180 ../DE2_SD_Card_Audio_bsp/\libhal_bsp.a(alt_read.o)
                0x01014828                read
 .text          0x010149a8       0x60 ../DE2_SD_Card_Audio_bsp/\libhal_bsp.a(alt_release_fd.o)
                0x010149a8                alt_release_fd
 .text          0x01014a08       0xbc ../DE2_SD_Card_Audio_bsp/\libhal_bsp.a(alt_sbrk.o)
                0x01014a08                sbrk
 .text          0x01014ac4      0x1a4 ../DE2_SD_Card_Audio_bsp/\libhal_bsp.a(alt_tick.o)
                0x01014ac4                alt_alarm_stop
                0x01014b5c                alt_tick
 .text          0x01014c68       0x30 ../DE2_SD_Card_Audio_bsp/\libhal_bsp.a(alt_usleep.o)
                0x01014c68                usleep
 .text          0x01014c98      0x180 ../DE2_SD_Card_Audio_bsp/\libhal_bsp.a(alt_write.o)
                0x01014c98                write
 .text          0x01014e18      0x140 ../DE2_SD_Card_Audio_bsp/\libhal_bsp.a(alt_sys_init.o)
                0x01014e18                alt_irq_init
                0x01014e4c                alt_sys_init
 .text          0x01014f58      0x8c8 ../DE2_SD_Card_Audio_bsp/\libhal_bsp.a(altera_avalon_cfi_flash.o)
                0x01014f58                alt_flash_cfi_init
                0x0101502c                alt_flash_cfi_write
                0x010152ec                alt_flash_cfi_get_info
                0x0101537c                alt_flash_cfi_read
                0x010153e4                alt_write_value_to_flash
                0x01015548                alt_flash_program_block
 .text          0x01015820     0x1448 ../DE2_SD_Card_Audio_bsp/\libhal_bsp.a(altera_avalon_cfi_flash_table.o)
                0x01015820                alt_read_query_entry_8bit
                0x01015860                alt_read_query_entry_16bit
                0x010158a4                alt_read_query_entry_32bit
                0x010158ec                alt_write_flash_command_8bit_device_8bit_mode
                0x01015928                alt_write_flash_command_16bit_device_8bit_mode
                0x010159a4                alt_write_flash_command_32bit_device_8bit_mode
                0x010159ec                alt_write_flash_command_16bit_device_16bit_mode
                0x01015a30                alt_write_flash_command_32bit_device_16bit_mode
                0x01015a78                alt_write_flash_command_32bit_device_32bit_mode
                0x01015ac0                alt_write_native_8bit
                0x01015af4                alt_write_native_16bit
                0x01015b28                alt_write_native_32bit
                0x01015b58                alt_set_flash_width_func
                0x01015d38                alt_set_flash_algorithm_func
                0x01015e60                alt_read_cfi_table
                0x010163e0                alt_read_cfi_width
                0x01016b8c                alt_check_primary_table
 .text          0x01016c68      0x934 ../DE2_SD_Card_Audio_bsp/\libhal_bsp.a(altera_avalon_epcs_flash_controller.o)
                0x01016c68                alt_epcs_flash_init
                0x01016fe8                alt_epcs_flash_write
                0x01017268                alt_epcs_flash_get_info
                0x010172f8                alt_epcs_flash_erase_block
                0x01017400                alt_epcs_flash_write_block
                0x01017510                alt_epcs_flash_read
 .text          0x0101759c      0x148 ../DE2_SD_Card_Audio_bsp/\libhal_bsp.a(altera_avalon_jtag_uart_fd.o)
                0x0101759c                altera_avalon_jtag_uart_read_fd
                0x010175f4                altera_avalon_jtag_uart_write_fd
                0x0101764c                altera_avalon_jtag_uart_close_fd
                0x01017694                altera_avalon_jtag_uart_ioctl_fd
 .text          0x010176e4      0x40c ../DE2_SD_Card_Audio_bsp/\libhal_bsp.a(altera_avalon_jtag_uart_init.o)
                0x010176e4                altera_avalon_jtag_uart_init
                0x01017a7c                altera_avalon_jtag_uart_close
 .text          0x01017af0       0xf4 ../DE2_SD_Card_Audio_bsp/\libhal_bsp.a(altera_avalon_jtag_uart_ioctl.o)
                0x01017af0                altera_avalon_jtag_uart_ioctl
 .text          0x01017be4      0x224 ../DE2_SD_Card_Audio_bsp/\libhal_bsp.a(altera_avalon_jtag_uart_read.o)
                0x01017be4                altera_avalon_jtag_uart_read
 .text          0x01017e08      0x240 ../DE2_SD_Card_Audio_bsp/\libhal_bsp.a(altera_avalon_jtag_uart_write.o)
                0x01017e08                altera_avalon_jtag_uart_write
 .text          0x01018048      0xee8 ../DE2_SD_Card_Audio_bsp/\libhal_bsp.a(altera_avalon_lcd_16207.o)
                0x0101881c                altera_avalon_lcd_16207_write
                0x01018df4                altera_avalon_lcd_16207_init
 .text          0x01018f30       0x58 ../DE2_SD_Card_Audio_bsp/\libhal_bsp.a(altera_avalon_lcd_16207_fd.o)
                0x01018f30                altera_avalon_lcd_16207_write_fd
 .text          0x01018f88      0x100 ../DE2_SD_Card_Audio_bsp/\libhal_bsp.a(altera_avalon_timer_sc.o)
                0x01018ff8                alt_avalon_timer_sc_init
 .text          0x01019088        0x0 ../DE2_SD_Card_Audio_bsp/\libhal_bsp.a(altera_avalon_timer_vars.o)
 .text          0x01019088       0xf8 ../DE2_SD_Card_Audio_bsp/\libhal_bsp.a(altera_avalon_uart_fd.o)
                0x01019088                altera_avalon_uart_read_fd
                0x010190e0                altera_avalon_uart_write_fd
                0x01019138                altera_avalon_uart_close_fd
 .text          0x01019180      0x400 ../DE2_SD_Card_Audio_bsp/\libhal_bsp.a(altera_avalon_uart_init.o)
                0x01019180                altera_avalon_uart_init
                0x01019520                altera_avalon_uart_close
 .text          0x01019580      0x290 ../DE2_SD_Card_Audio_bsp/\libhal_bsp.a(altera_avalon_uart_read.o)
                0x01019580                altera_avalon_uart_read
 .text          0x01019810      0x228 ../DE2_SD_Card_Audio_bsp/\libhal_bsp.a(altera_avalon_uart_write.o)
                0x01019810                altera_avalon_uart_write
 .text          0x01019a38      0x460 ../DE2_SD_Card_Audio_bsp/\libhal_bsp.a(epcs_commands.o)
                0x01019a38                epcs_read_status_register
                0x01019a98                epcs_sector_erase
                0x01019b84                epcs_read_buffer
                0x01019c38                epcs_write_enable
                0x01019c88                epcs_write_status_register
                0x01019cec                epcs_write_buffer
                0x01019dc4                epcs_read_electronic_signature
                0x01019e30                epcs_read_device_id
 .text          0x01019e98      0x154 ../DE2_SD_Card_Audio_bsp/\libhal_bsp.a(alt_alarm_start.o)
                0x01019e98                alt_alarm_start
 .text          0x01019fec      0x14c ../DE2_SD_Card_Audio_bsp/\libhal_bsp.a(alt_busy_sleep.o)
                0x01019fec                alt_busy_sleep
 .text          0x0101a138       0x78 ../DE2_SD_Card_Audio_bsp/\libhal_bsp.a(alt_dcache_flush.o)
                0x0101a138                alt_dcache_flush
 .text          0x0101a1b0       0x44 ../DE2_SD_Card_Audio_bsp/\libhal_bsp.a(alt_dcache_flush_all.o)
                0x0101a1b0                alt_dcache_flush_all
 .text          0x0101a1f4      0x114 ../DE2_SD_Card_Audio_bsp/\libhal_bsp.a(alt_dev_llist_insert.o)
                0x0101a1f4                alt_dev_llist_insert
 .text          0x0101a308       0x64 ../DE2_SD_Card_Audio_bsp/\libhal_bsp.a(alt_do_ctors.o)
                0x0101a308                _do_ctors
 .text          0x0101a36c       0x64 ../DE2_SD_Card_Audio_bsp/\libhal_bsp.a(alt_do_dtors.o)
                0x0101a36c                _do_dtors
 .text          0x0101a3d0       0x94 ../DE2_SD_Card_Audio_bsp/\libhal_bsp.a(alt_find_dev.o)
                0x0101a3d0                alt_find_dev
 .text          0x0101a464      0x120 ../DE2_SD_Card_Audio_bsp/\libhal_bsp.a(alt_find_file.o)
                0x0101a464                alt_find_file
 .text          0x0101a584       0xd0 ../DE2_SD_Card_Audio_bsp/\libhal_bsp.a(alt_flash_dev.o)
                0x0101a584                alt_flash_open_dev
                0x0101a600                alt_flash_close_dev
 .text          0x0101a654       0xb8 ../DE2_SD_Card_Audio_bsp/\libhal_bsp.a(alt_get_fd.o)
                0x0101a654                alt_get_fd
 .text          0x0101a70c       0x30 ../DE2_SD_Card_Audio_bsp/\libhal_bsp.a(alt_icache_flush_all.o)
                0x0101a70c                alt_icache_flush_all
 .text          0x0101a73c      0x1d4 ../DE2_SD_Card_Audio_bsp/\libhal_bsp.a(alt_iic.o)
                0x0101a73c                alt_ic_isr_register
                0x0101a78c                alt_ic_irq_enable
                0x0101a828                alt_ic_irq_disable
                0x0101a8c8                alt_ic_irq_enabled
 .text          0x0101a910       0xf8 ../DE2_SD_Card_Audio_bsp/\libhal_bsp.a(alt_iic_isr_register.o)
                0x0101a910                alt_iic_isr_register
 .text          0x0101aa08      0x13c ../DE2_SD_Card_Audio_bsp/\libhal_bsp.a(alt_io_redirect.o)
                0x0101aacc                alt_io_redirect
 .text          0x0101ab44        0x0 ../DE2_SD_Card_Audio_bsp/\libhal_bsp.a(alt_irq_entry.o)
 .text          0x0101ab44        0x0 ../DE2_SD_Card_Audio_bsp/\libhal_bsp.a(alt_irq_handler.o)
 .text          0x0101ab44       0x20 ../DE2_SD_Card_Audio_bsp/\libhal_bsp.a(altera_nios2_qsys_irq.o)
                0x0101ab44                altera_nios2_qsys_irq_init
 .text          0x0101ab64      0x460 ../DE2_SD_Card_Audio_bsp/\libhal_bsp.a(altera_avalon_cfi_flash_amd.o)
                0x0101ab64                alt_program_amd
                0x0101abcc                alt_erase_block_amd
 .text          0x0101afc4      0x460 ../DE2_SD_Card_Audio_bsp/\libhal_bsp.a(altera_avalon_cfi_flash_intel.o)
                0x0101afc4                alt_program_intel
                0x0101b048                alt_erase_block_intel
 .text          0x0101b424      0x238 ../DE2_SD_Card_Audio_bsp/\libhal_bsp.a(altera_avalon_spi.o)
                0x0101b424                alt_avalon_spi_command
 .text          0x0101b65c        0x0 ../DE2_SD_Card_Audio_bsp/\libhal_bsp.a(alt_exception_entry.o)
 .text          0x0101b65c       0x90 ../DE2_SD_Card_Audio_bsp/\libhal_bsp.a(alt_icache_flush.o)
                0x0101b65c                alt_icache_flush
 .text          0x0101b6ec       0x14 c:/altera/11.1/nios2eds/bin/gnu/h-i686-mingw32/bin/../lib/gcc/nios2-elf/4.1.2/../../../../nios2-elf/lib\libc.a(lib_a-atexit.o)
                0x0101b6ec                atexit
 .text          0x0101b700       0x38 c:/altera/11.1/nios2eds/bin/gnu/h-i686-mingw32/bin/../lib/gcc/nios2-elf/4.1.2/../../../../nios2-elf/lib\libc.a(lib_a-exit.o)
                0x0101b700                exit
 .text          0x0101b738       0x74 c:/altera/11.1/nios2eds/bin/gnu/h-i686-mingw32/bin/../lib/gcc/nios2-elf/4.1.2/../../../../nios2-elf/lib\libc.a(lib_a-memcmp.o)
                0x0101b738                memcmp
 .text          0x0101b7ac      0x134 c:/altera/11.1/nios2eds/bin/gnu/h-i686-mingw32/bin/../lib/gcc/nios2-elf/4.1.2/../../../../nios2-elf/lib\libc.a(lib_a-__atexit.o)
                0x0101b7ac                __register_exitproc
 .text          0x0101b8e0      0x1b4 c:/altera/11.1/nios2eds/bin/gnu/h-i686-mingw32/bin/../lib/gcc/nios2-elf/4.1.2/../../../../nios2-elf/lib\libc.a(lib_a-__call_atexit.o)
                0x0101b8e4                __call_exitprocs
 .text          0x0101ba94       0x60 ../DE2_SD_Card_Audio_bsp/\libhal_bsp.a(alt_exit.o)
                0x0101bad4                _exit
 *(.gnu.warning.*)
 *(.fini)
                0x0101baf4                PROVIDE (__etext, ABSOLUTE (.))
                0x0101baf4                PROVIDE (_etext, ABSOLUTE (.))
                0x0101baf4                PROVIDE (etext, ABSOLUTE (.))
 *(.eh_frame_hdr)
                0x0101baf4                . = ALIGN (0x4)
                0x0101baf4                PROVIDE (__preinit_array_start, ABSOLUTE (.))
 *(.preinit_array)
                0x0101baf4                PROVIDE (__preinit_array_end, ABSOLUTE (.))
                0x0101baf4                PROVIDE (__init_array_start, ABSOLUTE (.))
 *(.init_array)
                0x0101baf4                PROVIDE (__init_array_end, ABSOLUTE (.))
                0x0101baf4                PROVIDE (__fini_array_start, ABSOLUTE (.))
 *(.fini_array)
                0x0101baf4                PROVIDE (__fini_array_end, ABSOLUTE (.))
 *(.eh_frame)
 .eh_frame      0x0101baf4       0x40 c:/altera/11.1/nios2eds/bin/gnu/h-i686-mingw32/bin/../lib/gcc/nios2-elf/4.1.2\libgcc.a(_udivdi3.o)
 .eh_frame      0x0101bb34       0x2c c:/altera/11.1/nios2eds/bin/gnu/h-i686-mingw32/bin/../lib/gcc/nios2-elf/4.1.2\libgcc.a(_umoddi3.o)
                                 0x40 (size before relaxing)
 *(.gcc_except_table)
 *(.dynamic)
                0x0101bb60                PROVIDE (__CTOR_LIST__, ABSOLUTE (.))
 *(.ctors)
 *(SORT(.ctors.*))
 .ctors.65535   0x0101bb60        0x4 c:/altera/11.1/nios2eds/bin/gnu/h-i686-mingw32/bin/../lib/gcc/nios2-elf/4.1.2/../../../../nios2-elf/lib\libc.a(lib_a-__call_atexit.o)
                0x0101bb64                PROVIDE (__CTOR_END__, ABSOLUTE (.))
                0x0101bb64                PROVIDE (__DTOR_LIST__, ABSOLUTE (.))
 *(.dtors)
 *(SORT(.dtors.*))
                0x0101bb64                PROVIDE (__DTOR_END__, ABSOLUTE (.))
 *(.jcr)
                0x0101bb64                . = ALIGN (0x4)

.rodata         0x0101bb64     0x1308
                0x0101bb64                PROVIDE (__ram_rodata_start, ABSOLUTE (.))
                0x0101bb64                . = ALIGN (0x4)
 *(.rodata .rodata.* .gnu.linkonce.r.*)
 .rodata        0x0101bb64      0x4d0 obj/default/main.o
 .rodata        0x0101c034       0xa8 obj/default/terasic_fat/FatFileSystem.o
 .rodata        0x0101c0dc      0x2dc obj/default/terasic_fat/FatInternal.o
 .rodata        0x0101c3b8       0xd4 obj/default/terasic_lib/AUDIO.o
 .rodata        0x0101c48c       0x88 obj/default/terasic_lib/I2C.o
 .rodata        0x0101c514       0x30 obj/default/terasic_lib/LCD.o
 .rodata        0x0101c544       0x10 obj/default/terasic_lib/debug.o
 .rodata        0x0101c554      0x200 obj/default/terasic_sdcard/crc16.o
 .rodata        0x0101c754      0x100 obj/default/terasic_sdcard/crc7.o
 .rodata        0x0101c854       0x10 c:/altera/11.1/nios2eds/bin/gnu/h-i686-mingw32/bin/../lib/gcc/nios2-elf/4.1.2\libgcc.a(_thenan_sf.o)
                0x0101c854                __thenan_sf
 .rodata        0x0101c864       0x14 c:/altera/11.1/nios2eds/bin/gnu/h-i686-mingw32/bin/../lib/gcc/nios2-elf/4.1.2\libgcc.a(_thenan_df.o)
                0x0101c864                __thenan_df
 .rodata        0x0101c878      0x100 c:/altera/11.1/nios2eds/bin/gnu/h-i686-mingw32/bin/../lib/gcc/nios2-elf/4.1.2\libgcc.a(_clz.o)
                0x0101c878                __clz_tab
 .rodata.str1.4
                0x0101c978        0x2 c:/altera/11.1/nios2eds/bin/gnu/h-i686-mingw32/bin/../lib/gcc/nios2-elf/4.1.2/../../../../nios2-elf/lib\libc.a(lib_a-impure.o)
                                  0x4 (size before relaxing)
 *fill*         0x0101c97a        0x2 00
 .rodata.str1.4
                0x0101c97c        0x2 c:/altera/11.1/nios2eds/bin/gnu/h-i686-mingw32/bin/../lib/gcc/nios2-elf/4.1.2/../../../../nios2-elf/lib\libc.a(lib_a-puts.o)
                                  0x4 (size before relaxing)
 *fill*         0x0101c97e        0x2 00
 .rodata.str1.4
                0x0101c980       0x5e c:/altera/11.1/nios2eds/bin/gnu/h-i686-mingw32/bin/../lib/gcc/nios2-elf/4.1.2/../../../../nios2-elf/lib\libc.a(lib_a-vfprintf.o)
                                 0x60 (size before relaxing)
 .rodata        0x0101c9de       0x20 c:/altera/11.1/nios2eds/bin/gnu/h-i686-mingw32/bin/../lib/gcc/nios2-elf/4.1.2/../../../../nios2-elf/lib\libc.a(lib_a-vfprintf.o)
 .rodata        0x0101c9fe      0x281 c:/altera/11.1/nios2eds/bin/gnu/h-i686-mingw32/bin/../lib/gcc/nios2-elf/4.1.2/../../../../nios2-elf/lib\libc.a(lib_a-ctype_.o)
                0x0101c9fe                _ctype_
 *fill*         0x0101cc7f        0x1 00
 .rodata.str1.4
                0x0101cc80       0x10 c:/altera/11.1/nios2eds/bin/gnu/h-i686-mingw32/bin/../lib/gcc/nios2-elf/4.1.2/../../../../nios2-elf/lib\libc.a(lib_a-dtoa.o)
                                 0x14 (size before relaxing)
 .rodata.str1.4
                0x0101cc90       0x10 c:/altera/11.1/nios2eds/bin/gnu/h-i686-mingw32/bin/../lib/gcc/nios2-elf/4.1.2/../../../../nios2-elf/lib\libc.a(lib_a-locale.o)
                                 0x18 (size before relaxing)
 .rodata        0x0101cca0       0x30 c:/altera/11.1/nios2eds/bin/gnu/h-i686-mingw32/bin/../lib/gcc/nios2-elf/4.1.2/../../../../nios2-elf/lib\libc.a(lib_a-locale.o)
 .rodata        0x0101ccd0      0x124 c:/altera/11.1/nios2eds/bin/gnu/h-i686-mingw32/bin/../lib/gcc/nios2-elf/4.1.2/../../../../nios2-elf/lib\libc.a(lib_a-mprec.o)
                0x0101ccd0                __mprec_tens
                0x0101cd98                __mprec_bigtens
                0x0101cdc0                __mprec_tinytens
 .rodata        0x0101cdf4        0xc ../DE2_SD_Card_Audio_bsp/\libhal_bsp.a(alt_dev.o)
 .rodata        0x0101ce00       0x14 ../DE2_SD_Card_Audio_bsp/\libhal_bsp.a(alt_main.o)
 .rodata        0x0101ce14       0x58 ../DE2_SD_Card_Audio_bsp/\libhal_bsp.a(alt_sys_init.o)
 *(.rodata1)
                0x0101ce6c                . = ALIGN (0x4)
                0x0101ce6c                PROVIDE (__ram_rodata_end, ABSOLUTE (.))
                0x0101bb64                PROVIDE (__flash_rodata_start, LOADADDR (.rodata))

.rwdata         0x0101ce6c     0x1e08 load address 0x0101ec74
                0x0101ce6c                PROVIDE (__ram_rwdata_start, ABSOLUTE (.))
                0x0101ce6c                . = ALIGN (0x4)
 *(.got.plt)
 *(.got)
 *(.data1)
 *(.data .data.* .gnu.linkonce.d.*)
 .data          0x0101ce6c        0x0 ../DE2_SD_Card_Audio_bsp//obj/HAL/src/crt0.o
 .data          0x0101ce6c        0x0 obj/default/main.o
 .data          0x0101ce6c        0x0 obj/default/terasic_fat/FatFileSystem.o
 .data          0x0101ce6c        0x0 obj/default/terasic_fat/FatInternal.o
 .data          0x0101ce6c        0x0 obj/default/terasic_lib/AUDIO.o
 .data          0x0101ce6c        0x0 obj/default/terasic_lib/I2C.o
 .data          0x0101ce6c        0x0 obj/default/terasic_lib/LCD.o
 .data          0x0101ce6c        0x0 obj/default/terasic_lib/LED.o
 .data          0x0101ce6c       0x10 obj/default/terasic_lib/SEG7.o
 .data          0x0101ce7c        0x0 obj/default/terasic_lib/WaveLib.o
 .data          0x0101ce7c        0x0 obj/default/terasic_lib/debug.o
 .data          0x0101ce7c        0x0 obj/default/terasic_sdcard/crc16.o
 .data          0x0101ce7c        0x0 obj/default/terasic_sdcard/crc7.o
 .data          0x0101ce7c        0x0 obj/default/terasic_sdcard/sd_hal.o
 .data          0x0101ce7c        0x0 obj/default/terasic_sdcard/sd_lib.o
 .data          0x0101ce7c        0x0 obj/default/terasic_sdcard/sd_protocol.o
 .data          0x0101ce7c        0x0 c:/altera/11.1/nios2eds/bin/gnu/h-i686-mingw32/bin/../lib/gcc/nios2-elf/4.1.2\libgcc.a(_mul_sf.o)
 .data          0x0101ce7c        0x0 c:/altera/11.1/nios2eds/bin/gnu/h-i686-mingw32/bin/../lib/gcc/nios2-elf/4.1.2\libgcc.a(_div_sf.o)
 .data          0x0101ce7c        0x0 c:/altera/11.1/nios2eds/bin/gnu/h-i686-mingw32/bin/../lib/gcc/nios2-elf/4.1.2\libgcc.a(_sf_to_df.o)
 .data          0x0101ce7c        0x0 c:/altera/11.1/nios2eds/bin/gnu/h-i686-mingw32/bin/../lib/gcc/nios2-elf/4.1.2\libgcc.a(_thenan_sf.o)
 .data          0x0101ce7c        0x0 c:/altera/11.1/nios2eds/bin/gnu/h-i686-mingw32/bin/../lib/gcc/nios2-elf/4.1.2\libgcc.a(_usi_to_sf.o)
 .data          0x0101ce7c        0x0 c:/altera/11.1/nios2eds/bin/gnu/h-i686-mingw32/bin/../lib/gcc/nios2-elf/4.1.2\libgcc.a(_div_df.o)
 .data          0x0101ce7c        0x0 c:/altera/11.1/nios2eds/bin/gnu/h-i686-mingw32/bin/../lib/gcc/nios2-elf/4.1.2\libgcc.a(_make_df.o)
 .data          0x0101ce7c        0x0 c:/altera/11.1/nios2eds/bin/gnu/h-i686-mingw32/bin/../lib/gcc/nios2-elf/4.1.2\libgcc.a(_df_to_sf.o)
 .data          0x0101ce7c        0x0 c:/altera/11.1/nios2eds/bin/gnu/h-i686-mingw32/bin/../lib/gcc/nios2-elf/4.1.2\libgcc.a(_thenan_df.o)
 .data          0x0101ce7c        0x0 c:/altera/11.1/nios2eds/bin/gnu/h-i686-mingw32/bin/../lib/gcc/nios2-elf/4.1.2\libgcc.a(lib2-divmod.o)
 .data          0x0101ce7c        0x0 c:/altera/11.1/nios2eds/bin/gnu/h-i686-mingw32/bin/../lib/gcc/nios2-elf/4.1.2\libgcc.a(_muldi3.o)
 .data          0x0101ce7c        0x0 c:/altera/11.1/nios2eds/bin/gnu/h-i686-mingw32/bin/../lib/gcc/nios2-elf/4.1.2\libgcc.a(_clzsi2.o)
 .data          0x0101ce7c        0x0 c:/altera/11.1/nios2eds/bin/gnu/h-i686-mingw32/bin/../lib/gcc/nios2-elf/4.1.2\libgcc.a(_pack_sf.o)
 .data          0x0101ce7c        0x0 c:/altera/11.1/nios2eds/bin/gnu/h-i686-mingw32/bin/../lib/gcc/nios2-elf/4.1.2\libgcc.a(_unpack_sf.o)
 .data          0x0101ce7c        0x0 c:/altera/11.1/nios2eds/bin/gnu/h-i686-mingw32/bin/../lib/gcc/nios2-elf/4.1.2\libgcc.a(_make_sf.o)
 .data          0x0101ce7c        0x0 c:/altera/11.1/nios2eds/bin/gnu/h-i686-mingw32/bin/../lib/gcc/nios2-elf/4.1.2\libgcc.a(_pack_df.o)
 .data          0x0101ce7c        0x0 c:/altera/11.1/nios2eds/bin/gnu/h-i686-mingw32/bin/../lib/gcc/nios2-elf/4.1.2\libgcc.a(_unpack_df.o)
 .data          0x0101ce7c        0x0 c:/altera/11.1/nios2eds/bin/gnu/h-i686-mingw32/bin/../lib/gcc/nios2-elf/4.1.2\libgcc.a(_clz.o)
 .data          0x0101ce7c        0x0 c:/altera/11.1/nios2eds/bin/gnu/h-i686-mingw32/bin/../lib/gcc/nios2-elf/4.1.2/../../../../nios2-elf/lib\libc.a(lib_a-fclose.o)
 .data          0x0101ce7c        0x0 c:/altera/11.1/nios2eds/bin/gnu/h-i686-mingw32/bin/../lib/gcc/nios2-elf/4.1.2/../../../../nios2-elf/lib\libc.a(lib_a-fflush.o)
 .data          0x0101ce7c        0x0 c:/altera/11.1/nios2eds/bin/gnu/h-i686-mingw32/bin/../lib/gcc/nios2-elf/4.1.2/../../../../nios2-elf/lib\libc.a(lib_a-findfp.o)
 .data          0x0101ce7c        0x0 c:/altera/11.1/nios2eds/bin/gnu/h-i686-mingw32/bin/../lib/gcc/nios2-elf/4.1.2/../../../../nios2-elf/lib\libc.a(lib_a-fopen.o)
 .data          0x0101ce7c        0x0 c:/altera/11.1/nios2eds/bin/gnu/h-i686-mingw32/bin/../lib/gcc/nios2-elf/4.1.2/../../../../nios2-elf/lib\libc.a(lib_a-freer.o)
 .data          0x0101ce7c        0x0 c:/altera/11.1/nios2eds/bin/gnu/h-i686-mingw32/bin/../lib/gcc/nios2-elf/4.1.2/../../../../nios2-elf/lib\libc.a(lib_a-fseek.o)
 .data          0x0101ce7c        0x0 c:/altera/11.1/nios2eds/bin/gnu/h-i686-mingw32/bin/../lib/gcc/nios2-elf/4.1.2/../../../../nios2-elf/lib\libc.a(lib_a-fstatr.o)
 .data          0x0101ce7c        0x0 c:/altera/11.1/nios2eds/bin/gnu/h-i686-mingw32/bin/../lib/gcc/nios2-elf/4.1.2/../../../../nios2-elf/lib\libc.a(lib_a-fwalk.o)
 .data          0x0101ce7c        0x0 c:/altera/11.1/nios2eds/bin/gnu/h-i686-mingw32/bin/../lib/gcc/nios2-elf/4.1.2/../../../../nios2-elf/lib\libc.a(lib_a-fwrite.o)
 .data          0x0101ce7c      0x400 c:/altera/11.1/nios2eds/bin/gnu/h-i686-mingw32/bin/../lib/gcc/nios2-elf/4.1.2/../../../../nios2-elf/lib\libc.a(lib_a-impure.o)
 .data          0x0101d27c        0x0 c:/altera/11.1/nios2eds/bin/gnu/h-i686-mingw32/bin/../lib/gcc/nios2-elf/4.1.2/../../../../nios2-elf/lib\libc.a(lib_a-int_errno.o)
 .data          0x0101d27c        0x0 c:/altera/11.1/nios2eds/bin/gnu/h-i686-mingw32/bin/../lib/gcc/nios2-elf/4.1.2/../../../../nios2-elf/lib\libc.a(lib_a-makebuf.o)
 .data          0x0101d27c        0x0 c:/altera/11.1/nios2eds/bin/gnu/h-i686-mingw32/bin/../lib/gcc/nios2-elf/4.1.2/../../../../nios2-elf/lib\libc.a(lib_a-malloc.o)
 .data          0x0101d27c      0x408 c:/altera/11.1/nios2eds/bin/gnu/h-i686-mingw32/bin/../lib/gcc/nios2-elf/4.1.2/../../../../nios2-elf/lib\libc.a(lib_a-mallocr.o)
                0x0101d27c                __malloc_av_
 .data          0x0101d684        0x0 c:/altera/11.1/nios2eds/bin/gnu/h-i686-mingw32/bin/../lib/gcc/nios2-elf/4.1.2/../../../../nios2-elf/lib\libc.a(lib_a-memcpy.o)
 .data          0x0101d684        0x0 c:/altera/11.1/nios2eds/bin/gnu/h-i686-mingw32/bin/../lib/gcc/nios2-elf/4.1.2/../../../../nios2-elf/lib\libc.a(lib_a-memset.o)
 .data          0x0101d684        0x0 c:/altera/11.1/nios2eds/bin/gnu/h-i686-mingw32/bin/../lib/gcc/nios2-elf/4.1.2/../../../../nios2-elf/lib\libc.a(lib_a-openr.o)
 .data          0x0101d684        0x0 c:/altera/11.1/nios2eds/bin/gnu/h-i686-mingw32/bin/../lib/gcc/nios2-elf/4.1.2/../../../../nios2-elf/lib\libc.a(lib_a-printf.o)
 .data          0x0101d684        0x0 c:/altera/11.1/nios2eds/bin/gnu/h-i686-mingw32/bin/../lib/gcc/nios2-elf/4.1.2/../../../../nios2-elf/lib\libc.a(lib_a-putchar.o)
 .data          0x0101d684        0x0 c:/altera/11.1/nios2eds/bin/gnu/h-i686-mingw32/bin/../lib/gcc/nios2-elf/4.1.2/../../../../nios2-elf/lib\libc.a(lib_a-puts.o)
 .data          0x0101d684        0x0 c:/altera/11.1/nios2eds/bin/gnu/h-i686-mingw32/bin/../lib/gcc/nios2-elf/4.1.2/../../../../nios2-elf/lib\libc.a(lib_a-refill.o)
 .data          0x0101d684        0x0 c:/altera/11.1/nios2eds/bin/gnu/h-i686-mingw32/bin/../lib/gcc/nios2-elf/4.1.2/../../../../nios2-elf/lib\libc.a(lib_a-sbrkr.o)
 .data          0x0101d684        0x0 c:/altera/11.1/nios2eds/bin/gnu/h-i686-mingw32/bin/../lib/gcc/nios2-elf/4.1.2/../../../../nios2-elf/lib\libc.a(lib_a-sprintf.o)
 .data          0x0101d684        0x0 c:/altera/11.1/nios2eds/bin/gnu/h-i686-mingw32/bin/../lib/gcc/nios2-elf/4.1.2/../../../../nios2-elf/lib\libc.a(lib_a-stdio.o)
 .data          0x0101d684        0x0 c:/altera/11.1/nios2eds/bin/gnu/h-i686-mingw32/bin/../lib/gcc/nios2-elf/4.1.2/../../../../nios2-elf/lib\libc.a(lib_a-strcasecmp.o)
 .data          0x0101d684        0x0 c:/altera/11.1/nios2eds/bin/gnu/h-i686-mingw32/bin/../lib/gcc/nios2-elf/4.1.2/../../../../nios2-elf/lib\libc.a(lib_a-strcmp.o)
 .data          0x0101d684        0x0 c:/altera/11.1/nios2eds/bin/gnu/h-i686-mingw32/bin/../lib/gcc/nios2-elf/4.1.2/../../../../nios2-elf/lib\libc.a(lib_a-strcpy.o)
 .data          0x0101d684        0x0 c:/altera/11.1/nios2eds/bin/gnu/h-i686-mingw32/bin/../lib/gcc/nios2-elf/4.1.2/../../../../nios2-elf/lib\libc.a(lib_a-strlen.o)
 .data          0x0101d684        0x0 c:/altera/11.1/nios2eds/bin/gnu/h-i686-mingw32/bin/../lib/gcc/nios2-elf/4.1.2/../../../../nios2-elf/lib\libc.a(lib_a-vfprintf.o)
 .data          0x0101d684        0x0 c:/altera/11.1/nios2eds/bin/gnu/h-i686-mingw32/bin/../lib/gcc/nios2-elf/4.1.2/../../../../nios2-elf/lib\libc.a(lib_a-vsnprintf.o)
 .data          0x0101d684        0x0 c:/altera/11.1/nios2eds/bin/gnu/h-i686-mingw32/bin/../lib/gcc/nios2-elf/4.1.2/../../../../nios2-elf/lib\libc.a(lib_a-writer.o)
 .data          0x0101d684        0x0 c:/altera/11.1/nios2eds/bin/gnu/h-i686-mingw32/bin/../lib/gcc/nios2-elf/4.1.2/../../../../nios2-elf/lib\libc.a(lib_a-wsetup.o)
 .data          0x0101d684        0x0 c:/altera/11.1/nios2eds/bin/gnu/h-i686-mingw32/bin/../lib/gcc/nios2-elf/4.1.2/../../../../nios2-elf/lib\libc.a(lib_a-closer.o)
 .data          0x0101d684        0x0 c:/altera/11.1/nios2eds/bin/gnu/h-i686-mingw32/bin/../lib/gcc/nios2-elf/4.1.2/../../../../nios2-elf/lib\libc.a(lib_a-ctype_.o)
 .data          0x0101d684        0x0 c:/altera/11.1/nios2eds/bin/gnu/h-i686-mingw32/bin/../lib/gcc/nios2-elf/4.1.2/../../../../nios2-elf/lib\libc.a(lib_a-dtoa.o)
 .data          0x0101d684        0x0 c:/altera/11.1/nios2eds/bin/gnu/h-i686-mingw32/bin/../lib/gcc/nios2-elf/4.1.2/../../../../nios2-elf/lib\libc.a(lib_a-flags.o)
 .data          0x0101d684        0x0 c:/altera/11.1/nios2eds/bin/gnu/h-i686-mingw32/bin/../lib/gcc/nios2-elf/4.1.2/../../../../nios2-elf/lib\libc.a(lib_a-fvwrite.o)
 .data          0x0101d684        0x0 c:/altera/11.1/nios2eds/bin/gnu/h-i686-mingw32/bin/../lib/gcc/nios2-elf/4.1.2/../../../../nios2-elf/lib\libc.a(lib_a-isattyr.o)
 .data          0x0101d684        0xc c:/altera/11.1/nios2eds/bin/gnu/h-i686-mingw32/bin/../lib/gcc/nios2-elf/4.1.2/../../../../nios2-elf/lib\libc.a(lib_a-locale.o)
                0x0101d684                __lc_ctype
 .data          0x0101d690        0x0 c:/altera/11.1/nios2eds/bin/gnu/h-i686-mingw32/bin/../lib/gcc/nios2-elf/4.1.2/../../../../nios2-elf/lib\libc.a(lib_a-lseekr.o)
 .data          0x0101d690        0x0 c:/altera/11.1/nios2eds/bin/gnu/h-i686-mingw32/bin/../lib/gcc/nios2-elf/4.1.2/../../../../nios2-elf/lib\libc.a(lib_a-memchr.o)
 .data          0x0101d690        0x0 c:/altera/11.1/nios2eds/bin/gnu/h-i686-mingw32/bin/../lib/gcc/nios2-elf/4.1.2/../../../../nios2-elf/lib\libc.a(lib_a-memmove.o)
 .data          0x0101d690        0x0 c:/altera/11.1/nios2eds/bin/gnu/h-i686-mingw32/bin/../lib/gcc/nios2-elf/4.1.2/../../../../nios2-elf/lib\libc.a(lib_a-mprec.o)
 .data          0x0101d690        0x0 c:/altera/11.1/nios2eds/bin/gnu/h-i686-mingw32/bin/../lib/gcc/nios2-elf/4.1.2/../../../../nios2-elf/lib\libc.a(lib_a-putc.o)
 .data          0x0101d690        0x0 c:/altera/11.1/nios2eds/bin/gnu/h-i686-mingw32/bin/../lib/gcc/nios2-elf/4.1.2/../../../../nios2-elf/lib\libc.a(lib_a-readr.o)
 .data          0x0101d690        0x0 c:/altera/11.1/nios2eds/bin/gnu/h-i686-mingw32/bin/../lib/gcc/nios2-elf/4.1.2/../../../../nios2-elf/lib\libc.a(lib_a-reallocr.o)
 .data          0x0101d690        0x0 c:/altera/11.1/nios2eds/bin/gnu/h-i686-mingw32/bin/../lib/gcc/nios2-elf/4.1.2/../../../../nios2-elf/lib\libc.a(lib_a-s_isinfd.o)
 .data          0x0101d690        0x0 c:/altera/11.1/nios2eds/bin/gnu/h-i686-mingw32/bin/../lib/gcc/nios2-elf/4.1.2/../../../../nios2-elf/lib\libc.a(lib_a-s_isnand.o)
 .data          0x0101d690        0x0 c:/altera/11.1/nios2eds/bin/gnu/h-i686-mingw32/bin/../lib/gcc/nios2-elf/4.1.2/../../../../nios2-elf/lib\libc.a(lib_a-wbuf.o)
 .data          0x0101d690        0x0 c:/altera/11.1/nios2eds/bin/gnu/h-i686-mingw32/bin/../lib/gcc/nios2-elf/4.1.2/../../../../nios2-elf/lib\libc.a(lib_a-callocr.o)
 .data          0x0101d690        0x0 c:/altera/11.1/nios2eds/bin/gnu/h-i686-mingw32/bin/../lib/gcc/nios2-elf/4.1.2\libgcc.a(_udivdi3.o)
 .data          0x0101d690        0x0 c:/altera/11.1/nios2eds/bin/gnu/h-i686-mingw32/bin/../lib/gcc/nios2-elf/4.1.2\libgcc.a(_umoddi3.o)
 .data          0x0101d690        0x0 c:/altera/11.1/nios2eds/bin/gnu/h-i686-mingw32/bin/../lib/gcc/nios2-elf/4.1.2\libgcc.a(_addsub_df.o)
 .data          0x0101d690        0x0 c:/altera/11.1/nios2eds/bin/gnu/h-i686-mingw32/bin/../lib/gcc/nios2-elf/4.1.2\libgcc.a(_mul_df.o)
 .data          0x0101d690        0x0 c:/altera/11.1/nios2eds/bin/gnu/h-i686-mingw32/bin/../lib/gcc/nios2-elf/4.1.2\libgcc.a(_eq_df.o)
 .data          0x0101d690        0x0 c:/altera/11.1/nios2eds/bin/gnu/h-i686-mingw32/bin/../lib/gcc/nios2-elf/4.1.2\libgcc.a(_ne_df.o)
 .data          0x0101d690        0x0 c:/altera/11.1/nios2eds/bin/gnu/h-i686-mingw32/bin/../lib/gcc/nios2-elf/4.1.2\libgcc.a(_gt_df.o)
 .data          0x0101d690        0x0 c:/altera/11.1/nios2eds/bin/gnu/h-i686-mingw32/bin/../lib/gcc/nios2-elf/4.1.2\libgcc.a(_ge_df.o)
 .data          0x0101d690        0x0 c:/altera/11.1/nios2eds/bin/gnu/h-i686-mingw32/bin/../lib/gcc/nios2-elf/4.1.2\libgcc.a(_lt_df.o)
 .data          0x0101d690        0x0 c:/altera/11.1/nios2eds/bin/gnu/h-i686-mingw32/bin/../lib/gcc/nios2-elf/4.1.2\libgcc.a(_si_to_df.o)
 .data          0x0101d690        0x0 c:/altera/11.1/nios2eds/bin/gnu/h-i686-mingw32/bin/../lib/gcc/nios2-elf/4.1.2\libgcc.a(_df_to_si.o)
 .data          0x0101d690        0x0 c:/altera/11.1/nios2eds/bin/gnu/h-i686-mingw32/bin/../lib/gcc/nios2-elf/4.1.2\libgcc.a(_usi_to_df.o)
 .data          0x0101d690        0x0 c:/altera/11.1/nios2eds/bin/gnu/h-i686-mingw32/bin/../lib/gcc/nios2-elf/4.1.2\libgcc.a(_fpcmp_parts_df.o)
 .data          0x0101d690        0x0 ../DE2_SD_Card_Audio_bsp/\libhal_bsp.a(alt_close.o)
 .data          0x0101d690      0x1a8 ../DE2_SD_Card_Audio_bsp/\libhal_bsp.a(alt_dev.o)
                0x0101d690                alt_dev_null
                0x0101d6b8                alt_fd_list
 .data          0x0101d838        0x0 ../DE2_SD_Card_Audio_bsp/\libhal_bsp.a(alt_errno.o)
 .data          0x0101d838        0x0 ../DE2_SD_Card_Audio_bsp/\libhal_bsp.a(alt_fstat.o)
 .data          0x0101d838        0x0 ../DE2_SD_Card_Audio_bsp/\libhal_bsp.a(alt_irq_register.o)
 .data          0x0101d838        0x0 ../DE2_SD_Card_Audio_bsp/\libhal_bsp.a(alt_irq_vars.o)
 .data          0x0101d838        0x0 ../DE2_SD_Card_Audio_bsp/\libhal_bsp.a(alt_isatty.o)
 .data          0x0101d838        0x0 ../DE2_SD_Card_Audio_bsp/\libhal_bsp.a(alt_load.o)
 .data          0x0101d838        0x0 ../DE2_SD_Card_Audio_bsp/\libhal_bsp.a(alt_lseek.o)
 .data          0x0101d838        0x0 ../DE2_SD_Card_Audio_bsp/\libhal_bsp.a(alt_main.o)
 .data          0x0101d838        0x0 ../DE2_SD_Card_Audio_bsp/\libhal_bsp.a(alt_malloc_lock.o)
 .data          0x0101d838        0x0 ../DE2_SD_Card_Audio_bsp/\libhal_bsp.a(alt_open.o)
 .data          0x0101d838        0x0 ../DE2_SD_Card_Audio_bsp/\libhal_bsp.a(alt_read.o)
 .data          0x0101d838        0x0 ../DE2_SD_Card_Audio_bsp/\libhal_bsp.a(alt_release_fd.o)
 .data          0x0101d838        0x0 ../DE2_SD_Card_Audio_bsp/\libhal_bsp.a(alt_sbrk.o)
 .data          0x0101d838        0x0 ../DE2_SD_Card_Audio_bsp/\libhal_bsp.a(alt_tick.o)
 .data          0x0101d838        0x0 ../DE2_SD_Card_Audio_bsp/\libhal_bsp.a(alt_usleep.o)
 .data          0x0101d838        0x0 ../DE2_SD_Card_Audio_bsp/\libhal_bsp.a(alt_write.o)
 .data          0x0101d838     0x13e0 ../DE2_SD_Card_Audio_bsp/\libhal_bsp.a(alt_sys_init.o)
 .data          0x0101ec18        0x0 ../DE2_SD_Card_Audio_bsp/\libhal_bsp.a(altera_avalon_cfi_flash.o)
 .data          0x0101ec18        0x0 ../DE2_SD_Card_Audio_bsp/\libhal_bsp.a(altera_avalon_cfi_flash_table.o)
 .data          0x0101ec18        0x0 ../DE2_SD_Card_Audio_bsp/\libhal_bsp.a(altera_avalon_epcs_flash_controller.o)
 .data          0x0101ec18        0x0 ../DE2_SD_Card_Audio_bsp/\libhal_bsp.a(altera_avalon_jtag_uart_fd.o)
 .data          0x0101ec18        0x0 ../DE2_SD_Card_Audio_bsp/\libhal_bsp.a(altera_avalon_jtag_uart_init.o)
 .data          0x0101ec18        0x0 ../DE2_SD_Card_Audio_bsp/\libhal_bsp.a(altera_avalon_jtag_uart_ioctl.o)
 .data          0x0101ec18        0x0 ../DE2_SD_Card_Audio_bsp/\libhal_bsp.a(altera_avalon_jtag_uart_read.o)
 .data          0x0101ec18        0x0 ../DE2_SD_Card_Audio_bsp/\libhal_bsp.a(altera_avalon_jtag_uart_write.o)
 .data          0x0101ec18        0x0 ../DE2_SD_Card_Audio_bsp/\libhal_bsp.a(altera_avalon_lcd_16207.o)
 .data          0x0101ec18        0x0 ../DE2_SD_Card_Audio_bsp/\libhal_bsp.a(altera_avalon_lcd_16207_fd.o)
 .data          0x0101ec18        0x0 ../DE2_SD_Card_Audio_bsp/\libhal_bsp.a(altera_avalon_timer_sc.o)
 .data          0x0101ec18        0x0 ../DE2_SD_Card_Audio_bsp/\libhal_bsp.a(altera_avalon_timer_vars.o)
 .data          0x0101ec18        0x0 ../DE2_SD_Card_Audio_bsp/\libhal_bsp.a(altera_avalon_uart_fd.o)
 .data          0x0101ec18        0x0 ../DE2_SD_Card_Audio_bsp/\libhal_bsp.a(altera_avalon_uart_init.o)
 .data          0x0101ec18        0x0 ../DE2_SD_Card_Audio_bsp/\libhal_bsp.a(altera_avalon_uart_read.o)
 .data          0x0101ec18        0x0 ../DE2_SD_Card_Audio_bsp/\libhal_bsp.a(altera_avalon_uart_write.o)
 .data          0x0101ec18        0x0 ../DE2_SD_Card_Audio_bsp/\libhal_bsp.a(epcs_commands.o)
 .data          0x0101ec18        0x0 ../DE2_SD_Card_Audio_bsp/\libhal_bsp.a(alt_alarm_start.o)
 .data          0x0101ec18        0x0 ../DE2_SD_Card_Audio_bsp/\libhal_bsp.a(alt_busy_sleep.o)
 .data          0x0101ec18        0x0 ../DE2_SD_Card_Audio_bsp/\libhal_bsp.a(alt_dcache_flush.o)
 .data          0x0101ec18        0x0 ../DE2_SD_Card_Audio_bsp/\libhal_bsp.a(alt_dcache_flush_all.o)
 .data          0x0101ec18        0x0 ../DE2_SD_Card_Audio_bsp/\libhal_bsp.a(alt_dev_llist_insert.o)
 .data          0x0101ec18        0x0 ../DE2_SD_Card_Audio_bsp/\libhal_bsp.a(alt_do_ctors.o)
 .data          0x0101ec18        0x0 ../DE2_SD_Card_Audio_bsp/\libhal_bsp.a(alt_do_dtors.o)
 .data          0x0101ec18        0x0 ../DE2_SD_Card_Audio_bsp/\libhal_bsp.a(alt_find_dev.o)
 .data          0x0101ec18        0x0 ../DE2_SD_Card_Audio_bsp/\libhal_bsp.a(alt_find_file.o)
 .data          0x0101ec18        0x0 ../DE2_SD_Card_Audio_bsp/\libhal_bsp.a(alt_flash_dev.o)
 .data          0x0101ec18        0x0 ../DE2_SD_Card_Audio_bsp/\libhal_bsp.a(alt_get_fd.o)
 .data          0x0101ec18        0x0 ../DE2_SD_Card_Audio_bsp/\libhal_bsp.a(alt_icache_flush_all.o)
 .data          0x0101ec18        0x0 ../DE2_SD_Card_Audio_bsp/\libhal_bsp.a(alt_iic.o)
 .data          0x0101ec18        0x0 ../DE2_SD_Card_Audio_bsp/\libhal_bsp.a(alt_iic_isr_register.o)
 .data          0x0101ec18        0x0 ../DE2_SD_Card_Audio_bsp/\libhal_bsp.a(alt_io_redirect.o)
 .data          0x0101ec18        0x0 ../DE2_SD_Card_Audio_bsp/\libhal_bsp.a(alt_irq_entry.o)
 .data          0x0101ec18        0x0 ../DE2_SD_Card_Audio_bsp/\libhal_bsp.a(alt_irq_handler.o)
 .data          0x0101ec18        0x0 ../DE2_SD_Card_Audio_bsp/\libhal_bsp.a(altera_nios2_qsys_irq.o)
 .data          0x0101ec18        0x0 ../DE2_SD_Card_Audio_bsp/\libhal_bsp.a(altera_avalon_cfi_flash_amd.o)
 .data          0x0101ec18        0x0 ../DE2_SD_Card_Audio_bsp/\libhal_bsp.a(altera_avalon_cfi_flash_intel.o)
 .data          0x0101ec18        0x0 ../DE2_SD_Card_Audio_bsp/\libhal_bsp.a(altera_avalon_spi.o)
 .data          0x0101ec18        0x0 ../DE2_SD_Card_Audio_bsp/\libhal_bsp.a(alt_exception_entry.o)
 .data          0x0101ec18        0x0 ../DE2_SD_Card_Audio_bsp/\libhal_bsp.a(alt_icache_flush.o)
 .data          0x0101ec18        0x0 c:/altera/11.1/nios2eds/bin/gnu/h-i686-mingw32/bin/../lib/gcc/nios2-elf/4.1.2/../../../../nios2-elf/lib\libc.a(lib_a-atexit.o)
 .data          0x0101ec18        0x0 c:/altera/11.1/nios2eds/bin/gnu/h-i686-mingw32/bin/../lib/gcc/nios2-elf/4.1.2/../../../../nios2-elf/lib\libc.a(lib_a-exit.o)
 .data          0x0101ec18        0x0 c:/altera/11.1/nios2eds/bin/gnu/h-i686-mingw32/bin/../lib/gcc/nios2-elf/4.1.2/../../../../nios2-elf/lib\libc.a(lib_a-memcmp.o)
 .data          0x0101ec18        0x0 c:/altera/11.1/nios2eds/bin/gnu/h-i686-mingw32/bin/../lib/gcc/nios2-elf/4.1.2/../../../../nios2-elf/lib\libc.a(lib_a-__atexit.o)
 .data          0x0101ec18        0x0 c:/altera/11.1/nios2eds/bin/gnu/h-i686-mingw32/bin/../lib/gcc/nios2-elf/4.1.2/../../../../nios2-elf/lib\libc.a(lib_a-__call_atexit.o)
 .data          0x0101ec18        0x0 ../DE2_SD_Card_Audio_bsp/\libhal_bsp.a(alt_exit.o)
                0x01026c18                _gp = ABSOLUTE ((. + 0x8000))
                0x01026c18                PROVIDE (gp, _gp)
 *(.rwdata .rwdata.*)
 *(.sdata .sdata.* .gnu.linkonce.s.*)
 .sdata         0x0101ec18        0xc obj/default/main.o
 .sdata         0x0101ec24        0x8 c:/altera/11.1/nios2eds/bin/gnu/h-i686-mingw32/bin/../lib/gcc/nios2-elf/4.1.2/../../../../nios2-elf/lib\libc.a(lib_a-impure.o)
                0x0101ec24                _impure_ptr
                0x0101ec28                _global_impure_ptr
 .sdata         0x0101ec2c        0x8 c:/altera/11.1/nios2eds/bin/gnu/h-i686-mingw32/bin/../lib/gcc/nios2-elf/4.1.2/../../../../nios2-elf/lib\libc.a(lib_a-mallocr.o)
                0x0101ec2c                __malloc_trim_threshold
                0x0101ec30                __malloc_sbrk_base
 .sdata         0x0101ec34        0x4 c:/altera/11.1/nios2eds/bin/gnu/h-i686-mingw32/bin/../lib/gcc/nios2-elf/4.1.2/../../../../nios2-elf/lib\libc.a(lib_a-ctype_.o)
                0x0101ec34                __ctype_ptr
 .sdata         0x0101ec38        0x8 c:/altera/11.1/nios2eds/bin/gnu/h-i686-mingw32/bin/../lib/gcc/nios2-elf/4.1.2/../../../../nios2-elf/lib\libc.a(lib_a-locale.o)
                0x0101ec38                __mb_cur_max
 .sdata         0x0101ec40       0x14 ../DE2_SD_Card_Audio_bsp/\libhal_bsp.a(alt_dev.o)
                0x0101ec40                alt_fs_list
                0x0101ec48                alt_dev_list
                0x0101ec50                alt_max_fd
 .sdata         0x0101ec54        0x4 ../DE2_SD_Card_Audio_bsp/\libhal_bsp.a(alt_errno.o)
                0x0101ec54                alt_errno
 .sdata         0x0101ec58        0x4 ../DE2_SD_Card_Audio_bsp/\libhal_bsp.a(alt_irq_vars.o)
                0x0101ec58                alt_priority_mask
 .sdata         0x0101ec5c        0x4 ../DE2_SD_Card_Audio_bsp/\libhal_bsp.a(alt_sbrk.o)
 .sdata         0x0101ec60        0x8 ../DE2_SD_Card_Audio_bsp/\libhal_bsp.a(alt_tick.o)
                0x0101ec60                alt_alarm_list
 .sdata         0x0101ec68        0x4 ../DE2_SD_Card_Audio_bsp/\libhal_bsp.a(altera_avalon_lcd_16207.o)
 .sdata         0x0101ec6c        0x8 ../DE2_SD_Card_Audio_bsp/\libhal_bsp.a(alt_flash_dev.o)
                0x0101ec6c                alt_flash_dev_list
 *(.sdata2 .sdata2.* .gnu.linkonce.s2.*)
                0x0101ec74                . = ALIGN (0x4)
                0x0101ec74                _edata = ABSOLUTE (.)
                0x0101ec74                PROVIDE (edata, ABSOLUTE (.))
                0x0101ec74                PROVIDE (__ram_rwdata_end, ABSOLUTE (.))
                0x0101ec74                PROVIDE (__flash_rwdata_start, LOADADDR (.rwdata))

.bss            0x01020a7c     0x15ac
                0x01020a7c                __bss_start = ABSOLUTE (.)
                0x01020a7c                PROVIDE (__sbss_start, ABSOLUTE (.))
                0x01020a7c                PROVIDE (___sbss_start, ABSOLUTE (.))
 *(.dynsbss)
 *(.sbss .sbss.* .gnu.linkonce.sb.*)
 .sbss          0x01020a7c       0x14 obj/default/main.o
 .sbss          0x01020a90        0x4 obj/default/terasic_lib/LCD.o
 .sbss          0x01020a94        0x4 c:/altera/11.1/nios2eds/bin/gnu/h-i686-mingw32/bin/../lib/gcc/nios2-elf/4.1.2/../../../../nios2-elf/lib\libc.a(lib_a-int_errno.o)
                0x01020a94                errno
 .sbss          0x01020a98        0xc c:/altera/11.1/nios2eds/bin/gnu/h-i686-mingw32/bin/../lib/gcc/nios2-elf/4.1.2/../../../../nios2-elf/lib\libc.a(lib_a-mallocr.o)
                0x01020a98                __malloc_top_pad
                0x01020a9c                __malloc_max_sbrked_mem
                0x01020aa0                __malloc_max_total_mem
 .sbss          0x01020aa4        0xc c:/altera/11.1/nios2eds/bin/gnu/h-i686-mingw32/bin/../lib/gcc/nios2-elf/4.1.2/../../../../nios2-elf/lib\libc.a(lib_a-locale.o)
                0x01020aa4                __nlocale_changed
                0x01020aa8                __mlocale_changed
                0x01020aac                _PathLocale
 .sbss          0x01020ab0        0x4 ../DE2_SD_Card_Audio_bsp/\libhal_bsp.a(alt_irq_vars.o)
                0x01020ab0                alt_irq_active
 .sbss          0x01020ab4        0xc ../DE2_SD_Card_Audio_bsp/\libhal_bsp.a(alt_main.o)
                0x01020ab4                alt_argc
                0x01020ab8                alt_argv
                0x01020abc                alt_envp
 .sbss          0x01020ac0        0x8 ../DE2_SD_Card_Audio_bsp/\libhal_bsp.a(alt_tick.o)
                0x01020ac0                _alt_tick_rate
                0x01020ac4                _alt_nticks
 .sbss          0x01020ac8        0x8 ../DE2_SD_Card_Audio_bsp/\libhal_bsp.a(altera_avalon_timer_vars.o)
                0x01020ac8                altera_avalon_timer_ts_base
                0x01020acc                altera_avalon_timer_ts_freq
 *(.sbss2 .sbss2.* .gnu.linkonce.sb2.*)
 *(.scommon)
                0x01020ad0                PROVIDE (__sbss_end, ABSOLUTE (.))
                0x01020ad0                PROVIDE (___sbss_end, ABSOLUTE (.))
 *(.dynbss)
 *(.bss .bss.* .gnu.linkonce.b.*)
 .bss           0x01020ad0        0x0 ../DE2_SD_Card_Audio_bsp//obj/HAL/src/crt0.o
 .bss           0x01020ad0     0x1240 obj/default/main.o
 .bss           0x01021d10        0x0 obj/default/terasic_fat/FatFileSystem.o
 .bss           0x01021d10        0x0 obj/default/terasic_fat/FatInternal.o
 .bss           0x01021d10       0x28 obj/default/terasic_lib/AUDIO.o
 .bss           0x01021d38        0x0 obj/default/terasic_lib/I2C.o
 .bss           0x01021d38        0x0 obj/default/terasic_lib/LCD.o
 .bss           0x01021d38        0x0 obj/default/terasic_lib/LED.o
 .bss           0x01021d38        0x0 obj/default/terasic_lib/SEG7.o
 .bss           0x01021d38        0x0 obj/default/terasic_lib/WaveLib.o
 .bss           0x01021d38        0x0 obj/default/terasic_lib/debug.o
 .bss           0x01021d38        0x0 obj/default/terasic_sdcard/crc16.o
 .bss           0x01021d38        0x0 obj/default/terasic_sdcard/crc7.o
 .bss           0x01021d38        0x0 obj/default/terasic_sdcard/sd_hal.o
 .bss           0x01021d38       0x38 obj/default/terasic_sdcard/sd_lib.o
 .bss           0x01021d70        0x0 obj/default/terasic_sdcard/sd_protocol.o
 .bss           0x01021d70        0x0 c:/altera/11.1/nios2eds/bin/gnu/h-i686-mingw32/bin/../lib/gcc/nios2-elf/4.1.2\libgcc.a(_mul_sf.o)
 .bss           0x01021d70        0x0 c:/altera/11.1/nios2eds/bin/gnu/h-i686-mingw32/bin/../lib/gcc/nios2-elf/4.1.2\libgcc.a(_div_sf.o)
 .bss           0x01021d70        0x0 c:/altera/11.1/nios2eds/bin/gnu/h-i686-mingw32/bin/../lib/gcc/nios2-elf/4.1.2\libgcc.a(_sf_to_df.o)
 .bss           0x01021d70        0x0 c:/altera/11.1/nios2eds/bin/gnu/h-i686-mingw32/bin/../lib/gcc/nios2-elf/4.1.2\libgcc.a(_thenan_sf.o)
 .bss           0x01021d70        0x0 c:/altera/11.1/nios2eds/bin/gnu/h-i686-mingw32/bin/../lib/gcc/nios2-elf/4.1.2\libgcc.a(_usi_to_sf.o)
 .bss           0x01021d70        0x0 c:/altera/11.1/nios2eds/bin/gnu/h-i686-mingw32/bin/../lib/gcc/nios2-elf/4.1.2\libgcc.a(_div_df.o)
 .bss           0x01021d70        0x0 c:/altera/11.1/nios2eds/bin/gnu/h-i686-mingw32/bin/../lib/gcc/nios2-elf/4.1.2\libgcc.a(_make_df.o)
 .bss           0x01021d70        0x0 c:/altera/11.1/nios2eds/bin/gnu/h-i686-mingw32/bin/../lib/gcc/nios2-elf/4.1.2\libgcc.a(_df_to_sf.o)
 .bss           0x01021d70        0x0 c:/altera/11.1/nios2eds/bin/gnu/h-i686-mingw32/bin/../lib/gcc/nios2-elf/4.1.2\libgcc.a(_thenan_df.o)
 .bss           0x01021d70        0x0 c:/altera/11.1/nios2eds/bin/gnu/h-i686-mingw32/bin/../lib/gcc/nios2-elf/4.1.2\libgcc.a(lib2-divmod.o)
 .bss           0x01021d70        0x0 c:/altera/11.1/nios2eds/bin/gnu/h-i686-mingw32/bin/../lib/gcc/nios2-elf/4.1.2\libgcc.a(_muldi3.o)
 .bss           0x01021d70        0x0 c:/altera/11.1/nios2eds/bin/gnu/h-i686-mingw32/bin/../lib/gcc/nios2-elf/4.1.2\libgcc.a(_clzsi2.o)
 .bss           0x01021d70        0x0 c:/altera/11.1/nios2eds/bin/gnu/h-i686-mingw32/bin/../lib/gcc/nios2-elf/4.1.2\libgcc.a(_pack_sf.o)
 .bss           0x01021d70        0x0 c:/altera/11.1/nios2eds/bin/gnu/h-i686-mingw32/bin/../lib/gcc/nios2-elf/4.1.2\libgcc.a(_unpack_sf.o)
 .bss           0x01021d70        0x0 c:/altera/11.1/nios2eds/bin/gnu/h-i686-mingw32/bin/../lib/gcc/nios2-elf/4.1.2\libgcc.a(_make_sf.o)
 .bss           0x01021d70        0x0 c:/altera/11.1/nios2eds/bin/gnu/h-i686-mingw32/bin/../lib/gcc/nios2-elf/4.1.2\libgcc.a(_pack_df.o)
 .bss           0x01021d70        0x0 c:/altera/11.1/nios2eds/bin/gnu/h-i686-mingw32/bin/../lib/gcc/nios2-elf/4.1.2\libgcc.a(_unpack_df.o)
 .bss           0x01021d70        0x0 c:/altera/11.1/nios2eds/bin/gnu/h-i686-mingw32/bin/../lib/gcc/nios2-elf/4.1.2\libgcc.a(_clz.o)
 .bss           0x01021d70        0x0 c:/altera/11.1/nios2eds/bin/gnu/h-i686-mingw32/bin/../lib/gcc/nios2-elf/4.1.2/../../../../nios2-elf/lib\libc.a(lib_a-fclose.o)
 .bss           0x01021d70        0x0 c:/altera/11.1/nios2eds/bin/gnu/h-i686-mingw32/bin/../lib/gcc/nios2-elf/4.1.2/../../../../nios2-elf/lib\libc.a(lib_a-fflush.o)
 .bss           0x01021d70        0x0 c:/altera/11.1/nios2eds/bin/gnu/h-i686-mingw32/bin/../lib/gcc/nios2-elf/4.1.2/../../../../nios2-elf/lib\libc.a(lib_a-findfp.o)
 .bss           0x01021d70        0x0 c:/altera/11.1/nios2eds/bin/gnu/h-i686-mingw32/bin/../lib/gcc/nios2-elf/4.1.2/../../../../nios2-elf/lib\libc.a(lib_a-fopen.o)
 .bss           0x01021d70        0x0 c:/altera/11.1/nios2eds/bin/gnu/h-i686-mingw32/bin/../lib/gcc/nios2-elf/4.1.2/../../../../nios2-elf/lib\libc.a(lib_a-freer.o)
 .bss           0x01021d70        0x0 c:/altera/11.1/nios2eds/bin/gnu/h-i686-mingw32/bin/../lib/gcc/nios2-elf/4.1.2/../../../../nios2-elf/lib\libc.a(lib_a-fseek.o)
 .bss           0x01021d70        0x0 c:/altera/11.1/nios2eds/bin/gnu/h-i686-mingw32/bin/../lib/gcc/nios2-elf/4.1.2/../../../../nios2-elf/lib\libc.a(lib_a-fstatr.o)
 .bss           0x01021d70        0x0 c:/altera/11.1/nios2eds/bin/gnu/h-i686-mingw32/bin/../lib/gcc/nios2-elf/4.1.2/../../../../nios2-elf/lib\libc.a(lib_a-fwalk.o)
 .bss           0x01021d70        0x0 c:/altera/11.1/nios2eds/bin/gnu/h-i686-mingw32/bin/../lib/gcc/nios2-elf/4.1.2/../../../../nios2-elf/lib\libc.a(lib_a-fwrite.o)
 .bss           0x01021d70        0x0 c:/altera/11.1/nios2eds/bin/gnu/h-i686-mingw32/bin/../lib/gcc/nios2-elf/4.1.2/../../../../nios2-elf/lib\libc.a(lib_a-impure.o)
 .bss           0x01021d70        0x0 c:/altera/11.1/nios2eds/bin/gnu/h-i686-mingw32/bin/../lib/gcc/nios2-elf/4.1.2/../../../../nios2-elf/lib\libc.a(lib_a-int_errno.o)
 .bss           0x01021d70        0x0 c:/altera/11.1/nios2eds/bin/gnu/h-i686-mingw32/bin/../lib/gcc/nios2-elf/4.1.2/../../../../nios2-elf/lib\libc.a(lib_a-makebuf.o)
 .bss           0x01021d70        0x0 c:/altera/11.1/nios2eds/bin/gnu/h-i686-mingw32/bin/../lib/gcc/nios2-elf/4.1.2/../../../../nios2-elf/lib\libc.a(lib_a-malloc.o)
 .bss           0x01021d70       0x28 c:/altera/11.1/nios2eds/bin/gnu/h-i686-mingw32/bin/../lib/gcc/nios2-elf/4.1.2/../../../../nios2-elf/lib\libc.a(lib_a-mallocr.o)
                0x01021d70                __malloc_current_mallinfo
 .bss           0x01021d98        0x0 c:/altera/11.1/nios2eds/bin/gnu/h-i686-mingw32/bin/../lib/gcc/nios2-elf/4.1.2/../../../../nios2-elf/lib\libc.a(lib_a-memcpy.o)
 .bss           0x01021d98        0x0 c:/altera/11.1/nios2eds/bin/gnu/h-i686-mingw32/bin/../lib/gcc/nios2-elf/4.1.2/../../../../nios2-elf/lib\libc.a(lib_a-memset.o)
 .bss           0x01021d98        0x0 c:/altera/11.1/nios2eds/bin/gnu/h-i686-mingw32/bin/../lib/gcc/nios2-elf/4.1.2/../../../../nios2-elf/lib\libc.a(lib_a-openr.o)
 .bss           0x01021d98        0x0 c:/altera/11.1/nios2eds/bin/gnu/h-i686-mingw32/bin/../lib/gcc/nios2-elf/4.1.2/../../../../nios2-elf/lib\libc.a(lib_a-printf.o)
 .bss           0x01021d98        0x0 c:/altera/11.1/nios2eds/bin/gnu/h-i686-mingw32/bin/../lib/gcc/nios2-elf/4.1.2/../../../../nios2-elf/lib\libc.a(lib_a-putchar.o)
 .bss           0x01021d98        0x0 c:/altera/11.1/nios2eds/bin/gnu/h-i686-mingw32/bin/../lib/gcc/nios2-elf/4.1.2/../../../../nios2-elf/lib\libc.a(lib_a-puts.o)
 .bss           0x01021d98        0x0 c:/altera/11.1/nios2eds/bin/gnu/h-i686-mingw32/bin/../lib/gcc/nios2-elf/4.1.2/../../../../nios2-elf/lib\libc.a(lib_a-refill.o)
 .bss           0x01021d98        0x0 c:/altera/11.1/nios2eds/bin/gnu/h-i686-mingw32/bin/../lib/gcc/nios2-elf/4.1.2/../../../../nios2-elf/lib\libc.a(lib_a-sbrkr.o)
 .bss           0x01021d98        0x0 c:/altera/11.1/nios2eds/bin/gnu/h-i686-mingw32/bin/../lib/gcc/nios2-elf/4.1.2/../../../../nios2-elf/lib\libc.a(lib_a-sprintf.o)
 .bss           0x01021d98        0x0 c:/altera/11.1/nios2eds/bin/gnu/h-i686-mingw32/bin/../lib/gcc/nios2-elf/4.1.2/../../../../nios2-elf/lib\libc.a(lib_a-stdio.o)
 .bss           0x01021d98        0x0 c:/altera/11.1/nios2eds/bin/gnu/h-i686-mingw32/bin/../lib/gcc/nios2-elf/4.1.2/../../../../nios2-elf/lib\libc.a(lib_a-strcasecmp.o)
 .bss           0x01021d98        0x0 c:/altera/11.1/nios2eds/bin/gnu/h-i686-mingw32/bin/../lib/gcc/nios2-elf/4.1.2/../../../../nios2-elf/lib\libc.a(lib_a-strcmp.o)
 .bss           0x01021d98        0x0 c:/altera/11.1/nios2eds/bin/gnu/h-i686-mingw32/bin/../lib/gcc/nios2-elf/4.1.2/../../../../nios2-elf/lib\libc.a(lib_a-strcpy.o)
 .bss           0x01021d98        0x0 c:/altera/11.1/nios2eds/bin/gnu/h-i686-mingw32/bin/../lib/gcc/nios2-elf/4.1.2/../../../../nios2-elf/lib\libc.a(lib_a-strlen.o)
 .bss           0x01021d98        0x0 c:/altera/11.1/nios2eds/bin/gnu/h-i686-mingw32/bin/../lib/gcc/nios2-elf/4.1.2/../../../../nios2-elf/lib\libc.a(lib_a-vfprintf.o)
 .bss           0x01021d98        0x0 c:/altera/11.1/nios2eds/bin/gnu/h-i686-mingw32/bin/../lib/gcc/nios2-elf/4.1.2/../../../../nios2-elf/lib\libc.a(lib_a-vsnprintf.o)
 .bss           0x01021d98        0x0 c:/altera/11.1/nios2eds/bin/gnu/h-i686-mingw32/bin/../lib/gcc/nios2-elf/4.1.2/../../../../nios2-elf/lib\libc.a(lib_a-writer.o)
 .bss           0x01021d98        0x0 c:/altera/11.1/nios2eds/bin/gnu/h-i686-mingw32/bin/../lib/gcc/nios2-elf/4.1.2/../../../../nios2-elf/lib\libc.a(lib_a-wsetup.o)
 .bss           0x01021d98        0x0 c:/altera/11.1/nios2eds/bin/gnu/h-i686-mingw32/bin/../lib/gcc/nios2-elf/4.1.2/../../../../nios2-elf/lib\libc.a(lib_a-closer.o)
 .bss           0x01021d98        0x0 c:/altera/11.1/nios2eds/bin/gnu/h-i686-mingw32/bin/../lib/gcc/nios2-elf/4.1.2/../../../../nios2-elf/lib\libc.a(lib_a-ctype_.o)
 .bss           0x01021d98        0x0 c:/altera/11.1/nios2eds/bin/gnu/h-i686-mingw32/bin/../lib/gcc/nios2-elf/4.1.2/../../../../nios2-elf/lib\libc.a(lib_a-dtoa.o)
 .bss           0x01021d98        0x0 c:/altera/11.1/nios2eds/bin/gnu/h-i686-mingw32/bin/../lib/gcc/nios2-elf/4.1.2/../../../../nios2-elf/lib\libc.a(lib_a-flags.o)
 .bss           0x01021d98        0x0 c:/altera/11.1/nios2eds/bin/gnu/h-i686-mingw32/bin/../lib/gcc/nios2-elf/4.1.2/../../../../nios2-elf/lib\libc.a(lib_a-fvwrite.o)
 .bss           0x01021d98        0x0 c:/altera/11.1/nios2eds/bin/gnu/h-i686-mingw32/bin/../lib/gcc/nios2-elf/4.1.2/../../../../nios2-elf/lib\libc.a(lib_a-isattyr.o)
 .bss           0x01021d98        0x0 c:/altera/11.1/nios2eds/bin/gnu/h-i686-mingw32/bin/../lib/gcc/nios2-elf/4.1.2/../../../../nios2-elf/lib\libc.a(lib_a-locale.o)
 .bss           0x01021d98        0x0 c:/altera/11.1/nios2eds/bin/gnu/h-i686-mingw32/bin/../lib/gcc/nios2-elf/4.1.2/../../../../nios2-elf/lib\libc.a(lib_a-lseekr.o)
 .bss           0x01021d98        0x0 c:/altera/11.1/nios2eds/bin/gnu/h-i686-mingw32/bin/../lib/gcc/nios2-elf/4.1.2/../../../../nios2-elf/lib\libc.a(lib_a-memchr.o)
 .bss           0x01021d98        0x0 c:/altera/11.1/nios2eds/bin/gnu/h-i686-mingw32/bin/../lib/gcc/nios2-elf/4.1.2/../../../../nios2-elf/lib\libc.a(lib_a-memmove.o)
 .bss           0x01021d98        0x0 c:/altera/11.1/nios2eds/bin/gnu/h-i686-mingw32/bin/../lib/gcc/nios2-elf/4.1.2/../../../../nios2-elf/lib\libc.a(lib_a-mprec.o)
 .bss           0x01021d98        0x0 c:/altera/11.1/nios2eds/bin/gnu/h-i686-mingw32/bin/../lib/gcc/nios2-elf/4.1.2/../../../../nios2-elf/lib\libc.a(lib_a-putc.o)
 .bss           0x01021d98        0x0 c:/altera/11.1/nios2eds/bin/gnu/h-i686-mingw32/bin/../lib/gcc/nios2-elf/4.1.2/../../../../nios2-elf/lib\libc.a(lib_a-readr.o)
 .bss           0x01021d98        0x0 c:/altera/11.1/nios2eds/bin/gnu/h-i686-mingw32/bin/../lib/gcc/nios2-elf/4.1.2/../../../../nios2-elf/lib\libc.a(lib_a-reallocr.o)
 .bss           0x01021d98        0x0 c:/altera/11.1/nios2eds/bin/gnu/h-i686-mingw32/bin/../lib/gcc/nios2-elf/4.1.2/../../../../nios2-elf/lib\libc.a(lib_a-s_isinfd.o)
 .bss           0x01021d98        0x0 c:/altera/11.1/nios2eds/bin/gnu/h-i686-mingw32/bin/../lib/gcc/nios2-elf/4.1.2/../../../../nios2-elf/lib\libc.a(lib_a-s_isnand.o)
 .bss           0x01021d98        0x0 c:/altera/11.1/nios2eds/bin/gnu/h-i686-mingw32/bin/../lib/gcc/nios2-elf/4.1.2/../../../../nios2-elf/lib\libc.a(lib_a-wbuf.o)
 .bss           0x01021d98        0x0 c:/altera/11.1/nios2eds/bin/gnu/h-i686-mingw32/bin/../lib/gcc/nios2-elf/4.1.2/../../../../nios2-elf/lib\libc.a(lib_a-callocr.o)
 .bss           0x01021d98        0x0 c:/altera/11.1/nios2eds/bin/gnu/h-i686-mingw32/bin/../lib/gcc/nios2-elf/4.1.2\libgcc.a(_udivdi3.o)
 .bss           0x01021d98        0x0 c:/altera/11.1/nios2eds/bin/gnu/h-i686-mingw32/bin/../lib/gcc/nios2-elf/4.1.2\libgcc.a(_umoddi3.o)
 .bss           0x01021d98        0x0 c:/altera/11.1/nios2eds/bin/gnu/h-i686-mingw32/bin/../lib/gcc/nios2-elf/4.1.2\libgcc.a(_addsub_df.o)
 .bss           0x01021d98        0x0 c:/altera/11.1/nios2eds/bin/gnu/h-i686-mingw32/bin/../lib/gcc/nios2-elf/4.1.2\libgcc.a(_mul_df.o)
 .bss           0x01021d98        0x0 c:/altera/11.1/nios2eds/bin/gnu/h-i686-mingw32/bin/../lib/gcc/nios2-elf/4.1.2\libgcc.a(_eq_df.o)
 .bss           0x01021d98        0x0 c:/altera/11.1/nios2eds/bin/gnu/h-i686-mingw32/bin/../lib/gcc/nios2-elf/4.1.2\libgcc.a(_ne_df.o)
 .bss           0x01021d98        0x0 c:/altera/11.1/nios2eds/bin/gnu/h-i686-mingw32/bin/../lib/gcc/nios2-elf/4.1.2\libgcc.a(_gt_df.o)
 .bss           0x01021d98        0x0 c:/altera/11.1/nios2eds/bin/gnu/h-i686-mingw32/bin/../lib/gcc/nios2-elf/4.1.2\libgcc.a(_ge_df.o)
 .bss           0x01021d98        0x0 c:/altera/11.1/nios2eds/bin/gnu/h-i686-mingw32/bin/../lib/gcc/nios2-elf/4.1.2\libgcc.a(_lt_df.o)
 .bss           0x01021d98        0x0 c:/altera/11.1/nios2eds/bin/gnu/h-i686-mingw32/bin/../lib/gcc/nios2-elf/4.1.2\libgcc.a(_si_to_df.o)
 .bss           0x01021d98        0x0 c:/altera/11.1/nios2eds/bin/gnu/h-i686-mingw32/bin/../lib/gcc/nios2-elf/4.1.2\libgcc.a(_df_to_si.o)
 .bss           0x01021d98        0x0 c:/altera/11.1/nios2eds/bin/gnu/h-i686-mingw32/bin/../lib/gcc/nios2-elf/4.1.2\libgcc.a(_usi_to_df.o)
 .bss           0x01021d98        0x0 c:/altera/11.1/nios2eds/bin/gnu/h-i686-mingw32/bin/../lib/gcc/nios2-elf/4.1.2\libgcc.a(_fpcmp_parts_df.o)
 .bss           0x01021d98        0x0 ../DE2_SD_Card_Audio_bsp/\libhal_bsp.a(alt_close.o)
 .bss           0x01021d98        0x0 ../DE2_SD_Card_Audio_bsp/\libhal_bsp.a(alt_dev.o)
 .bss           0x01021d98        0x0 ../DE2_SD_Card_Audio_bsp/\libhal_bsp.a(alt_errno.o)
 .bss           0x01021d98        0x0 ../DE2_SD_Card_Audio_bsp/\libhal_bsp.a(alt_fstat.o)
 .bss           0x01021d98        0x0 ../DE2_SD_Card_Audio_bsp/\libhal_bsp.a(alt_irq_register.o)
 .bss           0x01021d98        0x0 ../DE2_SD_Card_Audio_bsp/\libhal_bsp.a(alt_irq_vars.o)
 .bss           0x01021d98        0x0 ../DE2_SD_Card_Audio_bsp/\libhal_bsp.a(alt_isatty.o)
 .bss           0x01021d98        0x0 ../DE2_SD_Card_Audio_bsp/\libhal_bsp.a(alt_load.o)
 .bss           0x01021d98        0x0 ../DE2_SD_Card_Audio_bsp/\libhal_bsp.a(alt_lseek.o)
 .bss           0x01021d98        0x0 ../DE2_SD_Card_Audio_bsp/\libhal_bsp.a(alt_main.o)
 .bss           0x01021d98        0x0 ../DE2_SD_Card_Audio_bsp/\libhal_bsp.a(alt_malloc_lock.o)
 .bss           0x01021d98        0x0 ../DE2_SD_Card_Audio_bsp/\libhal_bsp.a(alt_open.o)
 .bss           0x01021d98        0x0 ../DE2_SD_Card_Audio_bsp/\libhal_bsp.a(alt_read.o)