TimeQuest Timing Analyzer report for DE2_Default
Sat Jan 07 12:06:40 2023
Quartus II 64-Bit Version 13.0.1 Build 232 06/12/2013 Service Pack 1 SJ Web Edition


---------------------
; Table of Contents ;
---------------------
  1. Legal Notice
  2. TimeQuest Timing Analyzer Summary
  3. Parallel Compilation
  4. SDC File List
  5. Clocks
  6. Slow Model Fmax Summary
  7. Slow Model Setup Summary
  8. Slow Model Hold Summary
  9. Slow Model Recovery Summary
 10. Slow Model Removal Summary
 11. Slow Model Minimum Pulse Width Summary
 12. Slow Model Setup: 'clk'
 13. Slow Model Hold: 'clk'
 14. Slow Model Minimum Pulse Width: 'clk'
 15. Clock to Output Times
 16. Minimum Clock to Output Times
 17. Fast Model Setup Summary
 18. Fast Model Hold Summary
 19. Fast Model Recovery Summary
 20. Fast Model Removal Summary
 21. Fast Model Minimum Pulse Width Summary
 22. Fast Model Setup: 'clk'
 23. Fast Model Hold: 'clk'
 24. Fast Model Minimum Pulse Width: 'clk'
 25. Clock to Output Times
 26. Minimum Clock to Output Times
 27. Multicorner Timing Analysis Summary
 28. Clock to Output Times
 29. Minimum Clock to Output Times
 30. Setup Transfers
 31. Hold Transfers
 32. Report TCCS
 33. Report RSKM
 34. Unconstrained Paths
 35. TimeQuest Timing Analyzer Messages



----------------
; Legal Notice ;
----------------
Copyright (C) 1991-2013 Altera Corporation
Your use of Altera Corporation's design tools, logic functions 
and other software and tools, and its AMPP partner logic 
functions, and any output files from any of the foregoing 
(including device programming or simulation files), and any 
associated documentation or information are expressly subject 
to the terms and conditions of the Altera Program License 
Subscription Agreement, Altera MegaCore Function License 
Agreement, or other applicable license agreement, including, 
without limitation, that your use is for the sole purpose of 
programming logic devices manufactured by Altera and sold by 
Altera or its authorized distributors.  Please refer to the 
applicable agreement for further details.



+----------------------------------------------------------------------------------------+
; TimeQuest Timing Analyzer Summary                                                      ;
+--------------------+-------------------------------------------------------------------+
; Quartus II Version ; Version 13.0.1 Build 232 06/12/2013 Service Pack 1 SJ Web Edition ;
; Revision Name      ; DE2_Default                                                       ;
; Device Family      ; Cyclone II                                                        ;
; Device Name        ; EP2C35F672C6                                                      ;
; Timing Models      ; Final                                                             ;
; Delay Model        ; Combined                                                          ;
; Rise/Fall Delays   ; Unavailable                                                       ;
+--------------------+-------------------------------------------------------------------+


Parallel compilation was disabled, but you have multiple processors available. Enable parallel compilation to reduce compilation time.
+-------------------------------------+
; Parallel Compilation                ;
+----------------------------+--------+
; Processors                 ; Number ;
+----------------------------+--------+
; Number detected on machine ; 8      ;
; Maximum allowed            ; 1      ;
+----------------------------+--------+


+-----------------------------------------------------+
; SDC File List                                       ;
+-----------------+--------+--------------------------+
; SDC File Path   ; Status ; Read at                  ;
+-----------------+--------+--------------------------+
; DE2_Default.sdc ; OK     ; Sat Jan 07 12:06:40 2023 ;
+-----------------+--------+--------------------------+


+---------------------------------------------------------------------------------------------------------------------------------------------------------------------------------------+
; Clocks                                                                                                                                                                                ;
+------------+------+--------+-----------+--------+--------+------------+-----------+-------------+-------+--------+-----------+------------+----------+--------+--------+--------------+
; Clock Name ; Type ; Period ; Frequency ; Rise   ; Fall   ; Duty Cycle ; Divide by ; Multiply by ; Phase ; Offset ; Edge List ; Edge Shift ; Inverted ; Master ; Source ; Targets      ;
+------------+------+--------+-----------+--------+--------+------------+-----------+-------------+-------+--------+-----------+------------+----------+--------+--------+--------------+
; clk        ; Base ; 20.000 ; 50.0 MHz  ; 10.000 ; 20.000 ;            ;           ;             ;       ;        ;           ;            ;          ;        ;        ; { CLOCK_50 } ;
+------------+------+--------+-----------+--------+--------+------------+-----------+-------------+-------+--------+-----------+------------+----------+--------+--------+--------------+


+--------------------------------------------------+
; Slow Model Fmax Summary                          ;
+------------+-----------------+------------+------+
; Fmax       ; Restricted Fmax ; Clock Name ; Note ;
+------------+-----------------+------------+------+
; 250.19 MHz ; 250.19 MHz      ; clk        ;      ;
+------------+-----------------+------------+------+
This panel reports FMAX for every clock in the design, regardless of the user-specified clock periods.  FMAX is only computed for paths where the source and destination registers or ports are driven by the same clock.  Paths of different clocks, including generated clocks, are ignored.  For paths between a clock and its inversion, FMAX is computed as if the rising and falling edges are scaled along with FMAX, such that the duty cycle (in terms of a percentage) is maintained. Altera recommends that you always use clock constraints and other slack reports for sign-off analysis.


+--------------------------------+
; Slow Model Setup Summary       ;
+-------+--------+---------------+
; Clock ; Slack  ; End Point TNS ;
+-------+--------+---------------+
; clk   ; 16.003 ; 0.000         ;
+-------+--------+---------------+


+-------------------------------+
; Slow Model Hold Summary       ;
+-------+-------+---------------+
; Clock ; Slack ; End Point TNS ;
+-------+-------+---------------+
; clk   ; 0.391 ; 0.000         ;
+-------+-------+---------------+


-------------------------------
; Slow Model Recovery Summary ;
-------------------------------
No paths to report.


------------------------------
; Slow Model Removal Summary ;
------------------------------
No paths to report.


+----------------------------------------+
; Slow Model Minimum Pulse Width Summary ;
+-------+-------+------------------------+
; Clock ; Slack ; End Point TNS          ;
+-------+-------+------------------------+
; clk   ; 9.000 ; 0.000                  ;
+-------+-------+------------------------+


+-----------------------------------------------------------------------------------------------------+
; Slow Model Setup: 'clk'                                                                             ;
+--------+-----------+----------+--------------+-------------+--------------+------------+------------+
; Slack  ; From Node ; To Node  ; Launch Clock ; Latch Clock ; Relationship ; Clock Skew ; Data Delay ;
+--------+-----------+----------+--------------+-------------+--------------+------------+------------+
; 16.003 ; Cont[0]   ; Cont[25] ; clk          ; clk         ; 20.000       ; 0.003      ; 4.036      ;
; 16.113 ; Cont[1]   ; Cont[25] ; clk          ; clk         ; 20.000       ; 0.003      ; 3.926      ;
; 16.164 ; Cont[0]   ; Cont[31] ; clk          ; clk         ; 20.000       ; 0.002      ; 3.874      ;
; 16.188 ; Cont[2]   ; Cont[25] ; clk          ; clk         ; 20.000       ; 0.003      ; 3.851      ;
; 16.219 ; Cont[3]   ; Cont[25] ; clk          ; clk         ; 20.000       ; 0.003      ; 3.820      ;
; 16.235 ; Cont[0]   ; Cont[30] ; clk          ; clk         ; 20.000       ; 0.002      ; 3.803      ;
; 16.274 ; Cont[1]   ; Cont[31] ; clk          ; clk         ; 20.000       ; 0.002      ; 3.764      ;
; 16.283 ; Cont[0]   ; Cont[23] ; clk          ; clk         ; 20.000       ; 0.003      ; 3.756      ;
; 16.306 ; Cont[0]   ; Cont[29] ; clk          ; clk         ; 20.000       ; 0.002      ; 3.732      ;
; 16.312 ; Cont[0]   ; Cont[22] ; clk          ; clk         ; 20.000       ; 0.003      ; 3.727      ;
; 16.329 ; Cont[4]   ; Cont[25] ; clk          ; clk         ; 20.000       ; 0.003      ; 3.710      ;
; 16.345 ; Cont[1]   ; Cont[30] ; clk          ; clk         ; 20.000       ; 0.002      ; 3.693      ;
; 16.349 ; Cont[2]   ; Cont[31] ; clk          ; clk         ; 20.000       ; 0.002      ; 3.689      ;
; 16.351 ; Cont[7]   ; Cont[25] ; clk          ; clk         ; 20.000       ; 0.002      ; 3.687      ;
; 16.360 ; Cont[5]   ; Cont[25] ; clk          ; clk         ; 20.000       ; 0.003      ; 3.679      ;
; 16.371 ; Cont[27]  ; Cont[0]  ; clk          ; clk         ; 20.000       ; -0.002     ; 3.663      ;
; 16.374 ; Cont[0]   ; Cont[21] ; clk          ; clk         ; 20.000       ; 0.003      ; 3.665      ;
; 16.377 ; Cont[0]   ; Cont[28] ; clk          ; clk         ; 20.000       ; 0.002      ; 3.661      ;
; 16.380 ; Cont[3]   ; Cont[31] ; clk          ; clk         ; 20.000       ; 0.002      ; 3.658      ;
; 16.393 ; Cont[1]   ; Cont[23] ; clk          ; clk         ; 20.000       ; 0.003      ; 3.646      ;
; 16.401 ; Cont[0]   ; Cont[19] ; clk          ; clk         ; 20.000       ; 0.003      ; 3.638      ;
; 16.416 ; Cont[1]   ; Cont[29] ; clk          ; clk         ; 20.000       ; 0.002      ; 3.622      ;
; 16.420 ; Cont[2]   ; Cont[30] ; clk          ; clk         ; 20.000       ; 0.002      ; 3.618      ;
; 16.422 ; Cont[1]   ; Cont[22] ; clk          ; clk         ; 20.000       ; 0.003      ; 3.617      ;
; 16.431 ; Cont[6]   ; Cont[25] ; clk          ; clk         ; 20.000       ; 0.003      ; 3.608      ;
; 16.438 ; Cont[0]   ; Cont[0]  ; clk          ; clk         ; 20.000       ; 0.000      ; 3.598      ;
; 16.447 ; Cont[26]  ; Cont[0]  ; clk          ; clk         ; 20.000       ; -0.002     ; 3.587      ;
; 16.448 ; Cont[0]   ; Cont[20] ; clk          ; clk         ; 20.000       ; 0.003      ; 3.591      ;
; 16.448 ; Cont[0]   ; Cont[27] ; clk          ; clk         ; 20.000       ; 0.002      ; 3.590      ;
; 16.451 ; Cont[3]   ; Cont[30] ; clk          ; clk         ; 20.000       ; 0.002      ; 3.587      ;
; 16.451 ; Cont[25]  ; Cont[0]  ; clk          ; clk         ; 20.000       ; -0.003     ; 3.582      ;
; 16.468 ; Cont[2]   ; Cont[23] ; clk          ; clk         ; 20.000       ; 0.003      ; 3.571      ;
; 16.484 ; Cont[1]   ; Cont[21] ; clk          ; clk         ; 20.000       ; 0.003      ; 3.555      ;
; 16.487 ; Cont[1]   ; Cont[28] ; clk          ; clk         ; 20.000       ; 0.002      ; 3.551      ;
; 16.490 ; Cont[4]   ; Cont[31] ; clk          ; clk         ; 20.000       ; 0.002      ; 3.548      ;
; 16.491 ; Cont[2]   ; Cont[29] ; clk          ; clk         ; 20.000       ; 0.002      ; 3.547      ;
; 16.497 ; Cont[2]   ; Cont[22] ; clk          ; clk         ; 20.000       ; 0.003      ; 3.542      ;
; 16.499 ; Cont[3]   ; Cont[23] ; clk          ; clk         ; 20.000       ; 0.003      ; 3.540      ;
; 16.505 ; Cont[29]  ; Cont[0]  ; clk          ; clk         ; 20.000       ; -0.002     ; 3.529      ;
; 16.511 ; Cont[1]   ; Cont[19] ; clk          ; clk         ; 20.000       ; 0.003      ; 3.528      ;
; 16.512 ; Cont[7]   ; Cont[31] ; clk          ; clk         ; 20.000       ; 0.001      ; 3.525      ;
; 16.519 ; Cont[0]   ; Cont[26] ; clk          ; clk         ; 20.000       ; 0.002      ; 3.519      ;
; 16.521 ; Cont[5]   ; Cont[31] ; clk          ; clk         ; 20.000       ; 0.002      ; 3.517      ;
; 16.522 ; Cont[3]   ; Cont[29] ; clk          ; clk         ; 20.000       ; 0.002      ; 3.516      ;
; 16.528 ; Cont[3]   ; Cont[22] ; clk          ; clk         ; 20.000       ; 0.003      ; 3.511      ;
; 16.532 ; Cont[5]   ; Cont[0]  ; clk          ; clk         ; 20.000       ; 0.000      ; 3.504      ;
; 16.558 ; Cont[1]   ; Cont[20] ; clk          ; clk         ; 20.000       ; 0.003      ; 3.481      ;
; 16.558 ; Cont[1]   ; Cont[27] ; clk          ; clk         ; 20.000       ; 0.002      ; 3.480      ;
; 16.559 ; Cont[2]   ; Cont[21] ; clk          ; clk         ; 20.000       ; 0.003      ; 3.480      ;
; 16.561 ; Cont[4]   ; Cont[30] ; clk          ; clk         ; 20.000       ; 0.002      ; 3.477      ;
; 16.562 ; Cont[2]   ; Cont[28] ; clk          ; clk         ; 20.000       ; 0.002      ; 3.476      ;
; 16.578 ; Cont[0]   ; Cont[14] ; clk          ; clk         ; 20.000       ; 0.001      ; 3.459      ;
; 16.583 ; Cont[7]   ; Cont[30] ; clk          ; clk         ; 20.000       ; 0.001      ; 3.454      ;
; 16.586 ; Cont[2]   ; Cont[19] ; clk          ; clk         ; 20.000       ; 0.003      ; 3.453      ;
; 16.590 ; Cont[3]   ; Cont[21] ; clk          ; clk         ; 20.000       ; 0.003      ; 3.449      ;
; 16.592 ; Cont[6]   ; Cont[31] ; clk          ; clk         ; 20.000       ; 0.002      ; 3.446      ;
; 16.592 ; Cont[5]   ; Cont[30] ; clk          ; clk         ; 20.000       ; 0.002      ; 3.446      ;
; 16.593 ; Cont[3]   ; Cont[28] ; clk          ; clk         ; 20.000       ; 0.002      ; 3.445      ;
; 16.603 ; Cont[4]   ; Cont[0]  ; clk          ; clk         ; 20.000       ; 0.000      ; 3.433      ;
; 16.609 ; Cont[4]   ; Cont[23] ; clk          ; clk         ; 20.000       ; 0.003      ; 3.430      ;
; 16.614 ; Cont[24]  ; Cont[0]  ; clk          ; clk         ; 20.000       ; -0.002     ; 3.420      ;
; 16.617 ; Cont[3]   ; Cont[19] ; clk          ; clk         ; 20.000       ; 0.003      ; 3.422      ;
; 16.624 ; Cont[0]   ; Cont[13] ; clk          ; clk         ; 20.000       ; 0.001      ; 3.413      ;
; 16.629 ; Cont[1]   ; Cont[26] ; clk          ; clk         ; 20.000       ; 0.002      ; 3.409      ;
; 16.631 ; Cont[7]   ; Cont[23] ; clk          ; clk         ; 20.000       ; 0.002      ; 3.407      ;
; 16.632 ; Cont[4]   ; Cont[29] ; clk          ; clk         ; 20.000       ; 0.002      ; 3.406      ;
; 16.633 ; Cont[2]   ; Cont[20] ; clk          ; clk         ; 20.000       ; 0.003      ; 3.406      ;
; 16.633 ; Cont[2]   ; Cont[27] ; clk          ; clk         ; 20.000       ; 0.002      ; 3.405      ;
; 16.638 ; Cont[4]   ; Cont[22] ; clk          ; clk         ; 20.000       ; 0.003      ; 3.401      ;
; 16.640 ; Cont[5]   ; Cont[23] ; clk          ; clk         ; 20.000       ; 0.003      ; 3.399      ;
; 16.654 ; Cont[7]   ; Cont[29] ; clk          ; clk         ; 20.000       ; 0.001      ; 3.383      ;
; 16.660 ; Cont[7]   ; Cont[22] ; clk          ; clk         ; 20.000       ; 0.002      ; 3.378      ;
; 16.661 ; Cont[0]   ; Cont[24] ; clk          ; clk         ; 20.000       ; 0.002      ; 3.377      ;
; 16.663 ; Cont[8]   ; Cont[25] ; clk          ; clk         ; 20.000       ; 0.003      ; 3.376      ;
; 16.663 ; Cont[6]   ; Cont[30] ; clk          ; clk         ; 20.000       ; 0.002      ; 3.375      ;
; 16.663 ; Cont[5]   ; Cont[29] ; clk          ; clk         ; 20.000       ; 0.002      ; 3.375      ;
; 16.664 ; Cont[0]   ; Cont[17] ; clk          ; clk         ; 20.000       ; 0.003      ; 3.375      ;
; 16.664 ; Cont[3]   ; Cont[20] ; clk          ; clk         ; 20.000       ; 0.003      ; 3.375      ;
; 16.664 ; Cont[3]   ; Cont[27] ; clk          ; clk         ; 20.000       ; 0.002      ; 3.374      ;
; 16.669 ; Cont[5]   ; Cont[22] ; clk          ; clk         ; 20.000       ; 0.003      ; 3.370      ;
; 16.685 ; Cont[8]   ; Cont[0]  ; clk          ; clk         ; 20.000       ; 0.000      ; 3.351      ;
; 16.688 ; Cont[1]   ; Cont[14] ; clk          ; clk         ; 20.000       ; 0.001      ; 3.349      ;
; 16.700 ; Cont[4]   ; Cont[21] ; clk          ; clk         ; 20.000       ; 0.003      ; 3.339      ;
; 16.703 ; Cont[4]   ; Cont[28] ; clk          ; clk         ; 20.000       ; 0.002      ; 3.335      ;
; 16.704 ; Cont[2]   ; Cont[26] ; clk          ; clk         ; 20.000       ; 0.002      ; 3.334      ;
; 16.711 ; Cont[6]   ; Cont[23] ; clk          ; clk         ; 20.000       ; 0.003      ; 3.328      ;
; 16.722 ; Cont[7]   ; Cont[21] ; clk          ; clk         ; 20.000       ; 0.002      ; 3.316      ;
; 16.725 ; Cont[7]   ; Cont[28] ; clk          ; clk         ; 20.000       ; 0.001      ; 3.312      ;
; 16.726 ; Cont[0]   ; Cont[12] ; clk          ; clk         ; 20.000       ; 0.001      ; 3.311      ;
; 16.727 ; Cont[4]   ; Cont[19] ; clk          ; clk         ; 20.000       ; 0.003      ; 3.312      ;
; 16.728 ; Cont[2]   ; Cont[0]  ; clk          ; clk         ; 20.000       ; 0.000      ; 3.308      ;
; 16.731 ; Cont[5]   ; Cont[21] ; clk          ; clk         ; 20.000       ; 0.003      ; 3.308      ;
; 16.734 ; Cont[6]   ; Cont[29] ; clk          ; clk         ; 20.000       ; 0.002      ; 3.304      ;
; 16.734 ; Cont[5]   ; Cont[28] ; clk          ; clk         ; 20.000       ; 0.002      ; 3.304      ;
; 16.734 ; Cont[1]   ; Cont[13] ; clk          ; clk         ; 20.000       ; 0.001      ; 3.303      ;
; 16.735 ; Cont[3]   ; Cont[26] ; clk          ; clk         ; 20.000       ; 0.002      ; 3.303      ;
; 16.738 ; Cont[28]  ; Cont[0]  ; clk          ; clk         ; 20.000       ; -0.002     ; 3.296      ;
; 16.740 ; Cont[6]   ; Cont[22] ; clk          ; clk         ; 20.000       ; 0.003      ; 3.299      ;
; 16.747 ; Cont[16]  ; Cont[0]  ; clk          ; clk         ; 20.000       ; -0.002     ; 3.287      ;
; 16.749 ; Cont[7]   ; Cont[19] ; clk          ; clk         ; 20.000       ; 0.002      ; 3.289      ;
+--------+-----------+----------+--------------+-------------+--------------+------------+------------+


+----------------------------------------------------------------------------------------------------+
; Slow Model Hold: 'clk'                                                                             ;
+-------+-----------+----------+--------------+-------------+--------------+------------+------------+
; Slack ; From Node ; To Node  ; Launch Clock ; Latch Clock ; Relationship ; Clock Skew ; Data Delay ;
+-------+-----------+----------+--------------+-------------+--------------+------------+------------+
; 0.391 ; state     ; state    ; clk          ; clk         ; 0.000        ; 0.000      ; 0.657      ;
; 0.531 ; Cont[31]  ; Cont[31] ; clk          ; clk         ; 0.000        ; 0.000      ; 0.797      ;
; 0.795 ; Cont[16]  ; Cont[16] ; clk          ; clk         ; 0.000        ; 0.000      ; 1.061      ;
; 0.795 ; Cont[18]  ; Cont[18] ; clk          ; clk         ; 0.000        ; 0.000      ; 1.061      ;
; 0.795 ; Cont[27]  ; Cont[27] ; clk          ; clk         ; 0.000        ; 0.000      ; 1.061      ;
; 0.801 ; Cont[2]   ; Cont[2]  ; clk          ; clk         ; 0.000        ; 0.000      ; 1.067      ;
; 0.802 ; Cont[4]   ; Cont[4]  ; clk          ; clk         ; 0.000        ; 0.000      ; 1.068      ;
; 0.805 ; Cont[1]   ; Cont[1]  ; clk          ; clk         ; 0.000        ; 0.000      ; 1.071      ;
; 0.806 ; Cont[29]  ; Cont[29] ; clk          ; clk         ; 0.000        ; 0.000      ; 1.072      ;
; 0.806 ; Cont[30]  ; Cont[30] ; clk          ; clk         ; 0.000        ; 0.000      ; 1.072      ;
; 0.806 ; Cont[9]   ; Cont[9]  ; clk          ; clk         ; 0.000        ; 0.000      ; 1.072      ;
; 0.806 ; Cont[11]  ; Cont[11] ; clk          ; clk         ; 0.000        ; 0.000      ; 1.072      ;
; 0.837 ; Cont[8]   ; Cont[8]  ; clk          ; clk         ; 0.000        ; 0.000      ; 1.103      ;
; 0.838 ; Cont[3]   ; Cont[3]  ; clk          ; clk         ; 0.000        ; 0.000      ; 1.104      ;
; 0.838 ; Cont[24]  ; Cont[24] ; clk          ; clk         ; 0.000        ; 0.000      ; 1.104      ;
; 0.838 ; Cont[26]  ; Cont[26] ; clk          ; clk         ; 0.000        ; 0.000      ; 1.104      ;
; 0.838 ; Cont[28]  ; Cont[28] ; clk          ; clk         ; 0.000        ; 0.000      ; 1.104      ;
; 0.838 ; Cont[10]  ; Cont[10] ; clk          ; clk         ; 0.000        ; 0.000      ; 1.104      ;
; 0.839 ; Cont[5]   ; Cont[5]  ; clk          ; clk         ; 0.000        ; 0.000      ; 1.105      ;
; 0.839 ; Cont[6]   ; Cont[6]  ; clk          ; clk         ; 0.000        ; 0.000      ; 1.105      ;
; 1.178 ; Cont[27]  ; Cont[28] ; clk          ; clk         ; 0.000        ; 0.000      ; 1.444      ;
; 1.184 ; Cont[2]   ; Cont[3]  ; clk          ; clk         ; 0.000        ; 0.000      ; 1.450      ;
; 1.185 ; Cont[4]   ; Cont[5]  ; clk          ; clk         ; 0.000        ; 0.000      ; 1.451      ;
; 1.188 ; Cont[1]   ; Cont[2]  ; clk          ; clk         ; 0.000        ; 0.000      ; 1.454      ;
; 1.189 ; Cont[30]  ; Cont[31] ; clk          ; clk         ; 0.000        ; 0.000      ; 1.455      ;
; 1.189 ; Cont[29]  ; Cont[30] ; clk          ; clk         ; 0.000        ; 0.000      ; 1.455      ;
; 1.189 ; Cont[9]   ; Cont[10] ; clk          ; clk         ; 0.000        ; 0.000      ; 1.455      ;
; 1.223 ; Cont[8]   ; Cont[9]  ; clk          ; clk         ; 0.000        ; 0.000      ; 1.489      ;
; 1.224 ; Cont[26]  ; Cont[27] ; clk          ; clk         ; 0.000        ; 0.000      ; 1.490      ;
; 1.224 ; Cont[3]   ; Cont[4]  ; clk          ; clk         ; 0.000        ; 0.000      ; 1.490      ;
; 1.224 ; Cont[28]  ; Cont[29] ; clk          ; clk         ; 0.000        ; 0.000      ; 1.490      ;
; 1.224 ; Cont[10]  ; Cont[11] ; clk          ; clk         ; 0.000        ; 0.000      ; 1.490      ;
; 1.225 ; Cont[5]   ; Cont[6]  ; clk          ; clk         ; 0.000        ; 0.000      ; 1.491      ;
; 1.227 ; Cont[0]   ; Cont[1]  ; clk          ; clk         ; 0.000        ; 0.000      ; 1.493      ;
; 1.249 ; Cont[16]  ; Cont[18] ; clk          ; clk         ; 0.000        ; 0.000      ; 1.515      ;
; 1.249 ; Cont[27]  ; Cont[29] ; clk          ; clk         ; 0.000        ; 0.000      ; 1.515      ;
; 1.255 ; Cont[2]   ; Cont[4]  ; clk          ; clk         ; 0.000        ; 0.000      ; 1.521      ;
; 1.256 ; Cont[4]   ; Cont[6]  ; clk          ; clk         ; 0.000        ; 0.000      ; 1.522      ;
; 1.259 ; Cont[1]   ; Cont[3]  ; clk          ; clk         ; 0.000        ; 0.000      ; 1.525      ;
; 1.260 ; Cont[29]  ; Cont[31] ; clk          ; clk         ; 0.000        ; 0.000      ; 1.526      ;
; 1.260 ; Cont[9]   ; Cont[11] ; clk          ; clk         ; 0.000        ; 0.000      ; 1.526      ;
; 1.294 ; Cont[8]   ; Cont[10] ; clk          ; clk         ; 0.000        ; 0.000      ; 1.560      ;
; 1.295 ; Cont[24]  ; Cont[26] ; clk          ; clk         ; 0.000        ; 0.000      ; 1.561      ;
; 1.295 ; Cont[26]  ; Cont[28] ; clk          ; clk         ; 0.000        ; 0.000      ; 1.561      ;
; 1.295 ; Cont[3]   ; Cont[5]  ; clk          ; clk         ; 0.000        ; 0.000      ; 1.561      ;
; 1.295 ; Cont[28]  ; Cont[30] ; clk          ; clk         ; 0.000        ; 0.000      ; 1.561      ;
; 1.298 ; Cont[0]   ; Cont[2]  ; clk          ; clk         ; 0.000        ; 0.000      ; 1.564      ;
; 1.320 ; Cont[27]  ; Cont[30] ; clk          ; clk         ; 0.000        ; 0.000      ; 1.586      ;
; 1.326 ; Cont[2]   ; Cont[5]  ; clk          ; clk         ; 0.000        ; 0.000      ; 1.592      ;
; 1.330 ; Cont[1]   ; Cont[4]  ; clk          ; clk         ; 0.000        ; 0.000      ; 1.596      ;
; 1.364 ; Cont[25]  ; Cont[26] ; clk          ; clk         ; 0.000        ; -0.001     ; 1.629      ;
; 1.365 ; Cont[8]   ; Cont[11] ; clk          ; clk         ; 0.000        ; 0.000      ; 1.631      ;
; 1.366 ; Cont[24]  ; Cont[27] ; clk          ; clk         ; 0.000        ; 0.000      ; 1.632      ;
; 1.366 ; Cont[26]  ; Cont[29] ; clk          ; clk         ; 0.000        ; 0.000      ; 1.632      ;
; 1.366 ; Cont[3]   ; Cont[6]  ; clk          ; clk         ; 0.000        ; 0.000      ; 1.632      ;
; 1.366 ; Cont[28]  ; Cont[31] ; clk          ; clk         ; 0.000        ; 0.000      ; 1.632      ;
; 1.369 ; Cont[0]   ; Cont[3]  ; clk          ; clk         ; 0.000        ; 0.000      ; 1.635      ;
; 1.384 ; Cont[6]   ; Cont[8]  ; clk          ; clk         ; 0.000        ; 0.000      ; 1.650      ;
; 1.391 ; Cont[27]  ; Cont[31] ; clk          ; clk         ; 0.000        ; 0.000      ; 1.657      ;
; 1.397 ; Cont[2]   ; Cont[6]  ; clk          ; clk         ; 0.000        ; 0.000      ; 1.663      ;
; 1.401 ; Cont[1]   ; Cont[5]  ; clk          ; clk         ; 0.000        ; 0.000      ; 1.667      ;
; 1.412 ; Cont[17]  ; Cont[18] ; clk          ; clk         ; 0.000        ; -0.001     ; 1.677      ;
; 1.419 ; Cont[15]  ; Cont[16] ; clk          ; clk         ; 0.000        ; 0.001      ; 1.686      ;
; 1.435 ; Cont[25]  ; Cont[27] ; clk          ; clk         ; 0.000        ; -0.001     ; 1.700      ;
; 1.437 ; Cont[24]  ; Cont[28] ; clk          ; clk         ; 0.000        ; 0.000      ; 1.703      ;
; 1.437 ; Cont[26]  ; Cont[30] ; clk          ; clk         ; 0.000        ; 0.000      ; 1.703      ;
; 1.440 ; Cont[0]   ; Cont[4]  ; clk          ; clk         ; 0.000        ; 0.000      ; 1.706      ;
; 1.455 ; Cont[6]   ; Cont[9]  ; clk          ; clk         ; 0.000        ; 0.000      ; 1.721      ;
; 1.455 ; Cont[5]   ; Cont[8]  ; clk          ; clk         ; 0.000        ; 0.000      ; 1.721      ;
; 1.464 ; Cont[7]   ; Cont[8]  ; clk          ; clk         ; 0.000        ; -0.001     ; 1.729      ;
; 1.472 ; Cont[1]   ; Cont[6]  ; clk          ; clk         ; 0.000        ; 0.000      ; 1.738      ;
; 1.486 ; Cont[4]   ; Cont[8]  ; clk          ; clk         ; 0.000        ; 0.000      ; 1.752      ;
; 1.502 ; Cont[23]  ; Cont[24] ; clk          ; clk         ; 0.000        ; -0.001     ; 1.767      ;
; 1.506 ; Cont[25]  ; Cont[28] ; clk          ; clk         ; 0.000        ; -0.001     ; 1.771      ;
; 1.508 ; Cont[24]  ; Cont[29] ; clk          ; clk         ; 0.000        ; 0.000      ; 1.774      ;
; 1.508 ; Cont[26]  ; Cont[31] ; clk          ; clk         ; 0.000        ; 0.000      ; 1.774      ;
; 1.510 ; Cont[14]  ; Cont[16] ; clk          ; clk         ; 0.000        ; 0.001      ; 1.777      ;
; 1.511 ; Cont[0]   ; Cont[5]  ; clk          ; clk         ; 0.000        ; 0.000      ; 1.777      ;
; 1.515 ; Cont[23]  ; Cont[22] ; clk          ; clk         ; 0.000        ; 0.000      ; 1.781      ;
; 1.515 ; Cont[23]  ; Cont[23] ; clk          ; clk         ; 0.000        ; 0.000      ; 1.781      ;
; 1.516 ; Cont[23]  ; Cont[17] ; clk          ; clk         ; 0.000        ; 0.000      ; 1.782      ;
; 1.516 ; Cont[23]  ; Cont[21] ; clk          ; clk         ; 0.000        ; 0.000      ; 1.782      ;
; 1.516 ; Cont[23]  ; Cont[25] ; clk          ; clk         ; 0.000        ; 0.000      ; 1.782      ;
; 1.518 ; Cont[23]  ; Cont[20] ; clk          ; clk         ; 0.000        ; 0.000      ; 1.784      ;
; 1.526 ; Cont[6]   ; Cont[10] ; clk          ; clk         ; 0.000        ; 0.000      ; 1.792      ;
; 1.526 ; Cont[5]   ; Cont[9]  ; clk          ; clk         ; 0.000        ; 0.000      ; 1.792      ;
; 1.535 ; Cont[7]   ; Cont[9]  ; clk          ; clk         ; 0.000        ; -0.001     ; 1.800      ;
; 1.535 ; Cont[21]  ; Cont[21] ; clk          ; clk         ; 0.000        ; 0.000      ; 1.801      ;
; 1.541 ; Cont[23]  ; Cont[19] ; clk          ; clk         ; 0.000        ; 0.000      ; 1.807      ;
; 1.543 ; Cont[23]  ; state    ; clk          ; clk         ; 0.000        ; 0.000      ; 1.809      ;
; 1.544 ; Cont[13]  ; Cont[16] ; clk          ; clk         ; 0.000        ; 0.001      ; 1.811      ;
; 1.546 ; Cont[11]  ; Cont[16] ; clk          ; clk         ; 0.000        ; 0.002      ; 1.814      ;
; 1.557 ; Cont[4]   ; Cont[9]  ; clk          ; clk         ; 0.000        ; 0.000      ; 1.823      ;
; 1.560 ; Cont[21]  ; Cont[24] ; clk          ; clk         ; 0.000        ; -0.001     ; 1.825      ;
; 1.561 ; Cont[15]  ; Cont[18] ; clk          ; clk         ; 0.000        ; 0.001      ; 1.828      ;
; 1.567 ; Cont[20]  ; Cont[20] ; clk          ; clk         ; 0.000        ; 0.000      ; 1.833      ;
; 1.568 ; Cont[25]  ; Cont[25] ; clk          ; clk         ; 0.000        ; 0.000      ; 1.834      ;
; 1.571 ; Cont[22]  ; Cont[24] ; clk          ; clk         ; 0.000        ; -0.001     ; 1.836      ;
; 1.577 ; Cont[25]  ; Cont[29] ; clk          ; clk         ; 0.000        ; -0.001     ; 1.842      ;
; 1.579 ; Cont[24]  ; Cont[30] ; clk          ; clk         ; 0.000        ; 0.000      ; 1.845      ;
+-------+-----------+----------+--------------+-------------+--------------+------------+------------+


+------------------------------------------------------------------------------------------------------------+
; Slow Model Minimum Pulse Width: 'clk'                                                                      ;
+--------+--------------+----------------+------------------+-------+------------+---------------------------+
; Slack  ; Actual Width ; Required Width ; Type             ; Clock ; Clock Edge ; Target                    ;
+--------+--------------+----------------+------------------+-------+------------+---------------------------+
; 9.000  ; 10.000       ; 1.000          ; High Pulse Width ; clk   ; Rise       ; Cont[0]                   ;
; 9.000  ; 10.000       ; 1.000          ; Low Pulse Width  ; clk   ; Rise       ; Cont[0]                   ;
; 9.000  ; 10.000       ; 1.000          ; High Pulse Width ; clk   ; Rise       ; Cont[10]                  ;
; 9.000  ; 10.000       ; 1.000          ; Low Pulse Width  ; clk   ; Rise       ; Cont[10]                  ;
; 9.000  ; 10.000       ; 1.000          ; High Pulse Width ; clk   ; Rise       ; Cont[11]                  ;
; 9.000  ; 10.000       ; 1.000          ; Low Pulse Width  ; clk   ; Rise       ; Cont[11]                  ;
; 9.000  ; 10.000       ; 1.000          ; High Pulse Width ; clk   ; Rise       ; Cont[12]                  ;
; 9.000  ; 10.000       ; 1.000          ; Low Pulse Width  ; clk   ; Rise       ; Cont[12]                  ;
; 9.000  ; 10.000       ; 1.000          ; High Pulse Width ; clk   ; Rise       ; Cont[13]                  ;
; 9.000  ; 10.000       ; 1.000          ; Low Pulse Width  ; clk   ; Rise       ; Cont[13]                  ;
; 9.000  ; 10.000       ; 1.000          ; High Pulse Width ; clk   ; Rise       ; Cont[14]                  ;
; 9.000  ; 10.000       ; 1.000          ; Low Pulse Width  ; clk   ; Rise       ; Cont[14]                  ;
; 9.000  ; 10.000       ; 1.000          ; High Pulse Width ; clk   ; Rise       ; Cont[15]                  ;
; 9.000  ; 10.000       ; 1.000          ; Low Pulse Width  ; clk   ; Rise       ; Cont[15]                  ;
; 9.000  ; 10.000       ; 1.000          ; High Pulse Width ; clk   ; Rise       ; Cont[16]                  ;
; 9.000  ; 10.000       ; 1.000          ; Low Pulse Width  ; clk   ; Rise       ; Cont[16]                  ;
; 9.000  ; 10.000       ; 1.000          ; High Pulse Width ; clk   ; Rise       ; Cont[17]                  ;
; 9.000  ; 10.000       ; 1.000          ; Low Pulse Width  ; clk   ; Rise       ; Cont[17]                  ;
; 9.000  ; 10.000       ; 1.000          ; High Pulse Width ; clk   ; Rise       ; Cont[18]                  ;
; 9.000  ; 10.000       ; 1.000          ; Low Pulse Width  ; clk   ; Rise       ; Cont[18]                  ;
; 9.000  ; 10.000       ; 1.000          ; High Pulse Width ; clk   ; Rise       ; Cont[19]                  ;
; 9.000  ; 10.000       ; 1.000          ; Low Pulse Width  ; clk   ; Rise       ; Cont[19]                  ;
; 9.000  ; 10.000       ; 1.000          ; High Pulse Width ; clk   ; Rise       ; Cont[1]                   ;
; 9.000  ; 10.000       ; 1.000          ; Low Pulse Width  ; clk   ; Rise       ; Cont[1]                   ;
; 9.000  ; 10.000       ; 1.000          ; High Pulse Width ; clk   ; Rise       ; Cont[20]                  ;
; 9.000  ; 10.000       ; 1.000          ; Low Pulse Width  ; clk   ; Rise       ; Cont[20]                  ;
; 9.000  ; 10.000       ; 1.000          ; High Pulse Width ; clk   ; Rise       ; Cont[21]                  ;
; 9.000  ; 10.000       ; 1.000          ; Low Pulse Width  ; clk   ; Rise       ; Cont[21]                  ;
; 9.000  ; 10.000       ; 1.000          ; High Pulse Width ; clk   ; Rise       ; Cont[22]                  ;
; 9.000  ; 10.000       ; 1.000          ; Low Pulse Width  ; clk   ; Rise       ; Cont[22]                  ;
; 9.000  ; 10.000       ; 1.000          ; High Pulse Width ; clk   ; Rise       ; Cont[23]                  ;
; 9.000  ; 10.000       ; 1.000          ; Low Pulse Width  ; clk   ; Rise       ; Cont[23]                  ;
; 9.000  ; 10.000       ; 1.000          ; High Pulse Width ; clk   ; Rise       ; Cont[24]                  ;
; 9.000  ; 10.000       ; 1.000          ; Low Pulse Width  ; clk   ; Rise       ; Cont[24]                  ;
; 9.000  ; 10.000       ; 1.000          ; High Pulse Width ; clk   ; Rise       ; Cont[25]                  ;
; 9.000  ; 10.000       ; 1.000          ; Low Pulse Width  ; clk   ; Rise       ; Cont[25]                  ;
; 9.000  ; 10.000       ; 1.000          ; High Pulse Width ; clk   ; Rise       ; Cont[26]                  ;
; 9.000  ; 10.000       ; 1.000          ; Low Pulse Width  ; clk   ; Rise       ; Cont[26]                  ;
; 9.000  ; 10.000       ; 1.000          ; High Pulse Width ; clk   ; Rise       ; Cont[27]                  ;
; 9.000  ; 10.000       ; 1.000          ; Low Pulse Width  ; clk   ; Rise       ; Cont[27]                  ;
; 9.000  ; 10.000       ; 1.000          ; High Pulse Width ; clk   ; Rise       ; Cont[28]                  ;
; 9.000  ; 10.000       ; 1.000          ; Low Pulse Width  ; clk   ; Rise       ; Cont[28]                  ;
; 9.000  ; 10.000       ; 1.000          ; High Pulse Width ; clk   ; Rise       ; Cont[29]                  ;
; 9.000  ; 10.000       ; 1.000          ; Low Pulse Width  ; clk   ; Rise       ; Cont[29]                  ;
; 9.000  ; 10.000       ; 1.000          ; High Pulse Width ; clk   ; Rise       ; Cont[2]                   ;
; 9.000  ; 10.000       ; 1.000          ; Low Pulse Width  ; clk   ; Rise       ; Cont[2]                   ;
; 9.000  ; 10.000       ; 1.000          ; High Pulse Width ; clk   ; Rise       ; Cont[30]                  ;
; 9.000  ; 10.000       ; 1.000          ; Low Pulse Width  ; clk   ; Rise       ; Cont[30]                  ;
; 9.000  ; 10.000       ; 1.000          ; High Pulse Width ; clk   ; Rise       ; Cont[31]                  ;
; 9.000  ; 10.000       ; 1.000          ; Low Pulse Width  ; clk   ; Rise       ; Cont[31]                  ;
; 9.000  ; 10.000       ; 1.000          ; High Pulse Width ; clk   ; Rise       ; Cont[3]                   ;
; 9.000  ; 10.000       ; 1.000          ; Low Pulse Width  ; clk   ; Rise       ; Cont[3]                   ;
; 9.000  ; 10.000       ; 1.000          ; High Pulse Width ; clk   ; Rise       ; Cont[4]                   ;
; 9.000  ; 10.000       ; 1.000          ; Low Pulse Width  ; clk   ; Rise       ; Cont[4]                   ;
; 9.000  ; 10.000       ; 1.000          ; High Pulse Width ; clk   ; Rise       ; Cont[5]                   ;
; 9.000  ; 10.000       ; 1.000          ; Low Pulse Width  ; clk   ; Rise       ; Cont[5]                   ;
; 9.000  ; 10.000       ; 1.000          ; High Pulse Width ; clk   ; Rise       ; Cont[6]                   ;
; 9.000  ; 10.000       ; 1.000          ; Low Pulse Width  ; clk   ; Rise       ; Cont[6]                   ;
; 9.000  ; 10.000       ; 1.000          ; High Pulse Width ; clk   ; Rise       ; Cont[7]                   ;
; 9.000  ; 10.000       ; 1.000          ; Low Pulse Width  ; clk   ; Rise       ; Cont[7]                   ;
; 9.000  ; 10.000       ; 1.000          ; High Pulse Width ; clk   ; Rise       ; Cont[8]                   ;
; 9.000  ; 10.000       ; 1.000          ; Low Pulse Width  ; clk   ; Rise       ; Cont[8]                   ;
; 9.000  ; 10.000       ; 1.000          ; High Pulse Width ; clk   ; Rise       ; Cont[9]                   ;
; 9.000  ; 10.000       ; 1.000          ; Low Pulse Width  ; clk   ; Rise       ; Cont[9]                   ;
; 9.000  ; 10.000       ; 1.000          ; High Pulse Width ; clk   ; Rise       ; state                     ;
; 9.000  ; 10.000       ; 1.000          ; Low Pulse Width  ; clk   ; Rise       ; state                     ;
; 10.000 ; 10.000       ; 0.000          ; High Pulse Width ; clk   ; Rise       ; CLOCK_50|combout          ;
; 10.000 ; 10.000       ; 0.000          ; Low Pulse Width  ; clk   ; Rise       ; CLOCK_50|combout          ;
; 10.000 ; 10.000       ; 0.000          ; High Pulse Width ; clk   ; Rise       ; CLOCK_50~clkctrl|inclk[0] ;
; 10.000 ; 10.000       ; 0.000          ; Low Pulse Width  ; clk   ; Rise       ; CLOCK_50~clkctrl|inclk[0] ;
; 10.000 ; 10.000       ; 0.000          ; High Pulse Width ; clk   ; Rise       ; CLOCK_50~clkctrl|outclk   ;
; 10.000 ; 10.000       ; 0.000          ; Low Pulse Width  ; clk   ; Rise       ; CLOCK_50~clkctrl|outclk   ;
; 10.000 ; 10.000       ; 0.000          ; High Pulse Width ; clk   ; Rise       ; Cont[0]|clk               ;
; 10.000 ; 10.000       ; 0.000          ; Low Pulse Width  ; clk   ; Rise       ; Cont[0]|clk               ;
; 10.000 ; 10.000       ; 0.000          ; High Pulse Width ; clk   ; Rise       ; Cont[10]|clk              ;
; 10.000 ; 10.000       ; 0.000          ; Low Pulse Width  ; clk   ; Rise       ; Cont[10]|clk              ;
; 10.000 ; 10.000       ; 0.000          ; High Pulse Width ; clk   ; Rise       ; Cont[11]|clk              ;
; 10.000 ; 10.000       ; 0.000          ; Low Pulse Width  ; clk   ; Rise       ; Cont[11]|clk              ;
; 10.000 ; 10.000       ; 0.000          ; High Pulse Width ; clk   ; Rise       ; Cont[12]|clk              ;
; 10.000 ; 10.000       ; 0.000          ; Low Pulse Width  ; clk   ; Rise       ; Cont[12]|clk              ;
; 10.000 ; 10.000       ; 0.000          ; High Pulse Width ; clk   ; Rise       ; Cont[13]|clk              ;
; 10.000 ; 10.000       ; 0.000          ; Low Pulse Width  ; clk   ; Rise       ; Cont[13]|clk              ;
; 10.000 ; 10.000       ; 0.000          ; High Pulse Width ; clk   ; Rise       ; Cont[14]|clk              ;
; 10.000 ; 10.000       ; 0.000          ; Low Pulse Width  ; clk   ; Rise       ; Cont[14]|clk              ;
; 10.000 ; 10.000       ; 0.000          ; High Pulse Width ; clk   ; Rise       ; Cont[15]|clk              ;
; 10.000 ; 10.000       ; 0.000          ; Low Pulse Width  ; clk   ; Rise       ; Cont[15]|clk              ;
; 10.000 ; 10.000       ; 0.000          ; High Pulse Width ; clk   ; Rise       ; Cont[16]|clk              ;
; 10.000 ; 10.000       ; 0.000          ; Low Pulse Width  ; clk   ; Rise       ; Cont[16]|clk              ;
; 10.000 ; 10.000       ; 0.000          ; High Pulse Width ; clk   ; Rise       ; Cont[17]|clk              ;
; 10.000 ; 10.000       ; 0.000          ; Low Pulse Width  ; clk   ; Rise       ; Cont[17]|clk              ;
; 10.000 ; 10.000       ; 0.000          ; High Pulse Width ; clk   ; Rise       ; Cont[18]|clk              ;
; 10.000 ; 10.000       ; 0.000          ; Low Pulse Width  ; clk   ; Rise       ; Cont[18]|clk              ;
; 10.000 ; 10.000       ; 0.000          ; High Pulse Width ; clk   ; Rise       ; Cont[19]|clk              ;
; 10.000 ; 10.000       ; 0.000          ; Low Pulse Width  ; clk   ; Rise       ; Cont[19]|clk              ;
; 10.000 ; 10.000       ; 0.000          ; High Pulse Width ; clk   ; Rise       ; Cont[1]|clk               ;
; 10.000 ; 10.000       ; 0.000          ; Low Pulse Width  ; clk   ; Rise       ; Cont[1]|clk               ;
; 10.000 ; 10.000       ; 0.000          ; High Pulse Width ; clk   ; Rise       ; Cont[20]|clk              ;
; 10.000 ; 10.000       ; 0.000          ; Low Pulse Width  ; clk   ; Rise       ; Cont[20]|clk              ;
; 10.000 ; 10.000       ; 0.000          ; High Pulse Width ; clk   ; Rise       ; Cont[21]|clk              ;
; 10.000 ; 10.000       ; 0.000          ; Low Pulse Width  ; clk   ; Rise       ; Cont[21]|clk              ;
+--------+--------------+----------------+------------------+-------+------------+---------------------------+


+-----------------------------------------------------------------------+
; Clock to Output Times                                                 ;
+-----------+------------+-------+-------+------------+-----------------+
; Data Port ; Clock Port ; Rise  ; Fall  ; Clock Edge ; Clock Reference ;
+-----------+------------+-------+-------+------------+-----------------+
; LEDR[*]   ; clk        ; 9.163 ; 9.163 ; Rise       ; clk             ;
;  LEDR[0]  ; clk        ; 9.163 ; 9.163 ; Rise       ; clk             ;
;  LEDR[2]  ; clk        ; 9.133 ; 9.133 ; Rise       ; clk             ;
;  LEDR[4]  ; clk        ; 9.146 ; 9.146 ; Rise       ; clk             ;
;  LEDR[6]  ; clk        ; 9.136 ; 9.136 ; Rise       ; clk             ;
;  LEDR[8]  ; clk        ; 8.650 ; 8.650 ; Rise       ; clk             ;
;  LEDR[10] ; clk        ; 8.458 ; 8.458 ; Rise       ; clk             ;
;  LEDR[12] ; clk        ; 8.468 ; 8.468 ; Rise       ; clk             ;
;  LEDR[14] ; clk        ; 8.164 ; 8.164 ; Rise       ; clk             ;
;  LEDR[16] ; clk        ; 8.164 ; 8.164 ; Rise       ; clk             ;
+-----------+------------+-------+-------+------------+-----------------+


+-----------------------------------------------------------------------+
; Minimum Clock to Output Times                                         ;
+-----------+------------+-------+-------+------------+-----------------+
; Data Port ; Clock Port ; Rise  ; Fall  ; Clock Edge ; Clock Reference ;
+-----------+------------+-------+-------+------------+-----------------+
; LEDR[*]   ; clk        ; 8.164 ; 8.164 ; Rise       ; clk             ;
;  LEDR[0]  ; clk        ; 9.163 ; 9.163 ; Rise       ; clk             ;
;  LEDR[2]  ; clk        ; 9.133 ; 9.133 ; Rise       ; clk             ;
;  LEDR[4]  ; clk        ; 9.146 ; 9.146 ; Rise       ; clk             ;
;  LEDR[6]  ; clk        ; 9.136 ; 9.136 ; Rise       ; clk             ;
;  LEDR[8]  ; clk        ; 8.650 ; 8.650 ; Rise       ; clk             ;
;  LEDR[10] ; clk        ; 8.458 ; 8.458 ; Rise       ; clk             ;
;  LEDR[12] ; clk        ; 8.468 ; 8.468 ; Rise       ; clk             ;
;  LEDR[14] ; clk        ; 8.164 ; 8.164 ; Rise       ; clk             ;
;  LEDR[16] ; clk        ; 8.164 ; 8.164 ; Rise       ; clk             ;
+-----------+------------+-------+-------+------------+-----------------+


+--------------------------------+
; Fast Model Setup Summary       ;
+-------+--------+---------------+
; Clock ; Slack  ; End Point TNS ;
+-------+--------+---------------+
; clk   ; 18.107 ; 0.000         ;
+-------+--------+---------------+


+-------------------------------+
; Fast Model Hold Summary       ;
+-------+-------+---------------+
; Clock ; Slack ; End Point TNS ;
+-------+-------+---------------+
; clk   ; 0.215 ; 0.000         ;
+-------+-------+---------------+


-------------------------------
; Fast Model Recovery Summary ;
-------------------------------
No paths to report.


------------------------------
; Fast Model Removal Summary ;
------------------------------
No paths to report.


+----------------------------------------+
; Fast Model Minimum Pulse Width Summary ;
+-------+-------+------------------------+
; Clock ; Slack ; End Point TNS          ;
+-------+-------+------------------------+
; clk   ; 9.000 ; 0.000                  ;
+-------+-------+------------------------+


+-----------------------------------------------------------------------------------------------------+
; Fast Model Setup: 'clk'                                                                             ;
+--------+-----------+----------+--------------+-------------+--------------+------------+------------+
; Slack  ; From Node ; To Node  ; Launch Clock ; Latch Clock ; Relationship ; Clock Skew ; Data Delay ;
+--------+-----------+----------+--------------+-------------+--------------+------------+------------+
; 18.107 ; Cont[0]   ; Cont[25] ; clk          ; clk         ; 20.000       ; 0.003      ; 1.928      ;
; 18.147 ; Cont[0]   ; Cont[31] ; clk          ; clk         ; 20.000       ; 0.002      ; 1.887      ;
; 18.160 ; Cont[1]   ; Cont[25] ; clk          ; clk         ; 20.000       ; 0.003      ; 1.875      ;
; 18.182 ; Cont[0]   ; Cont[30] ; clk          ; clk         ; 20.000       ; 0.002      ; 1.852      ;
; 18.196 ; Cont[2]   ; Cont[25] ; clk          ; clk         ; 20.000       ; 0.003      ; 1.839      ;
; 18.200 ; Cont[1]   ; Cont[31] ; clk          ; clk         ; 20.000       ; 0.002      ; 1.834      ;
; 18.216 ; Cont[3]   ; Cont[25] ; clk          ; clk         ; 20.000       ; 0.003      ; 1.819      ;
; 18.217 ; Cont[0]   ; Cont[29] ; clk          ; clk         ; 20.000       ; 0.002      ; 1.817      ;
; 18.235 ; Cont[1]   ; Cont[30] ; clk          ; clk         ; 20.000       ; 0.002      ; 1.799      ;
; 18.236 ; Cont[2]   ; Cont[31] ; clk          ; clk         ; 20.000       ; 0.002      ; 1.798      ;
; 18.252 ; Cont[0]   ; Cont[28] ; clk          ; clk         ; 20.000       ; 0.002      ; 1.782      ;
; 18.253 ; Cont[0]   ; Cont[23] ; clk          ; clk         ; 20.000       ; 0.003      ; 1.782      ;
; 18.256 ; Cont[3]   ; Cont[31] ; clk          ; clk         ; 20.000       ; 0.002      ; 1.778      ;
; 18.266 ; Cont[4]   ; Cont[25] ; clk          ; clk         ; 20.000       ; 0.003      ; 1.769      ;
; 18.270 ; Cont[1]   ; Cont[29] ; clk          ; clk         ; 20.000       ; 0.002      ; 1.764      ;
; 18.271 ; Cont[2]   ; Cont[30] ; clk          ; clk         ; 20.000       ; 0.002      ; 1.763      ;
; 18.277 ; Cont[0]   ; Cont[22] ; clk          ; clk         ; 20.000       ; 0.003      ; 1.758      ;
; 18.285 ; Cont[5]   ; Cont[25] ; clk          ; clk         ; 20.000       ; 0.003      ; 1.750      ;
; 18.287 ; Cont[0]   ; Cont[27] ; clk          ; clk         ; 20.000       ; 0.002      ; 1.747      ;
; 18.289 ; Cont[7]   ; Cont[25] ; clk          ; clk         ; 20.000       ; 0.002      ; 1.745      ;
; 18.291 ; Cont[3]   ; Cont[30] ; clk          ; clk         ; 20.000       ; 0.002      ; 1.743      ;
; 18.305 ; Cont[0]   ; Cont[21] ; clk          ; clk         ; 20.000       ; 0.003      ; 1.730      ;
; 18.305 ; Cont[1]   ; Cont[28] ; clk          ; clk         ; 20.000       ; 0.002      ; 1.729      ;
; 18.306 ; Cont[4]   ; Cont[31] ; clk          ; clk         ; 20.000       ; 0.002      ; 1.728      ;
; 18.306 ; Cont[2]   ; Cont[29] ; clk          ; clk         ; 20.000       ; 0.002      ; 1.728      ;
; 18.306 ; Cont[1]   ; Cont[23] ; clk          ; clk         ; 20.000       ; 0.003      ; 1.729      ;
; 18.310 ; Cont[0]   ; Cont[19] ; clk          ; clk         ; 20.000       ; 0.003      ; 1.725      ;
; 18.320 ; Cont[6]   ; Cont[25] ; clk          ; clk         ; 20.000       ; 0.003      ; 1.715      ;
; 18.322 ; Cont[0]   ; Cont[26] ; clk          ; clk         ; 20.000       ; 0.002      ; 1.712      ;
; 18.325 ; Cont[5]   ; Cont[31] ; clk          ; clk         ; 20.000       ; 0.002      ; 1.709      ;
; 18.326 ; Cont[3]   ; Cont[29] ; clk          ; clk         ; 20.000       ; 0.002      ; 1.708      ;
; 18.329 ; Cont[7]   ; Cont[31] ; clk          ; clk         ; 20.000       ; 0.001      ; 1.704      ;
; 18.330 ; Cont[1]   ; Cont[22] ; clk          ; clk         ; 20.000       ; 0.003      ; 1.705      ;
; 18.334 ; Cont[27]  ; Cont[0]  ; clk          ; clk         ; 20.000       ; -0.002     ; 1.696      ;
; 18.340 ; Cont[1]   ; Cont[27] ; clk          ; clk         ; 20.000       ; 0.002      ; 1.694      ;
; 18.341 ; Cont[4]   ; Cont[30] ; clk          ; clk         ; 20.000       ; 0.002      ; 1.693      ;
; 18.341 ; Cont[2]   ; Cont[28] ; clk          ; clk         ; 20.000       ; 0.002      ; 1.693      ;
; 18.342 ; Cont[0]   ; Cont[20] ; clk          ; clk         ; 20.000       ; 0.003      ; 1.693      ;
; 18.342 ; Cont[2]   ; Cont[23] ; clk          ; clk         ; 20.000       ; 0.003      ; 1.693      ;
; 18.358 ; Cont[1]   ; Cont[21] ; clk          ; clk         ; 20.000       ; 0.003      ; 1.677      ;
; 18.360 ; Cont[6]   ; Cont[31] ; clk          ; clk         ; 20.000       ; 0.002      ; 1.674      ;
; 18.360 ; Cont[5]   ; Cont[30] ; clk          ; clk         ; 20.000       ; 0.002      ; 1.674      ;
; 18.361 ; Cont[3]   ; Cont[28] ; clk          ; clk         ; 20.000       ; 0.002      ; 1.673      ;
; 18.362 ; Cont[3]   ; Cont[23] ; clk          ; clk         ; 20.000       ; 0.003      ; 1.673      ;
; 18.363 ; Cont[1]   ; Cont[19] ; clk          ; clk         ; 20.000       ; 0.003      ; 1.672      ;
; 18.364 ; Cont[7]   ; Cont[30] ; clk          ; clk         ; 20.000       ; 0.001      ; 1.669      ;
; 18.366 ; Cont[2]   ; Cont[22] ; clk          ; clk         ; 20.000       ; 0.003      ; 1.669      ;
; 18.373 ; Cont[0]   ; Cont[0]  ; clk          ; clk         ; 20.000       ; 0.000      ; 1.659      ;
; 18.375 ; Cont[1]   ; Cont[26] ; clk          ; clk         ; 20.000       ; 0.002      ; 1.659      ;
; 18.376 ; Cont[4]   ; Cont[29] ; clk          ; clk         ; 20.000       ; 0.002      ; 1.658      ;
; 18.376 ; Cont[2]   ; Cont[27] ; clk          ; clk         ; 20.000       ; 0.002      ; 1.658      ;
; 18.386 ; Cont[3]   ; Cont[22] ; clk          ; clk         ; 20.000       ; 0.003      ; 1.649      ;
; 18.389 ; Cont[25]  ; Cont[0]  ; clk          ; clk         ; 20.000       ; -0.003     ; 1.640      ;
; 18.389 ; Cont[26]  ; Cont[0]  ; clk          ; clk         ; 20.000       ; -0.002     ; 1.641      ;
; 18.392 ; Cont[0]   ; Cont[24] ; clk          ; clk         ; 20.000       ; 0.002      ; 1.642      ;
; 18.394 ; Cont[2]   ; Cont[21] ; clk          ; clk         ; 20.000       ; 0.003      ; 1.641      ;
; 18.395 ; Cont[6]   ; Cont[30] ; clk          ; clk         ; 20.000       ; 0.002      ; 1.639      ;
; 18.395 ; Cont[5]   ; Cont[29] ; clk          ; clk         ; 20.000       ; 0.002      ; 1.639      ;
; 18.395 ; Cont[1]   ; Cont[20] ; clk          ; clk         ; 20.000       ; 0.003      ; 1.640      ;
; 18.396 ; Cont[3]   ; Cont[27] ; clk          ; clk         ; 20.000       ; 0.002      ; 1.638      ;
; 18.399 ; Cont[7]   ; Cont[29] ; clk          ; clk         ; 20.000       ; 0.001      ; 1.634      ;
; 18.399 ; Cont[2]   ; Cont[19] ; clk          ; clk         ; 20.000       ; 0.003      ; 1.636      ;
; 18.411 ; Cont[4]   ; Cont[28] ; clk          ; clk         ; 20.000       ; 0.002      ; 1.623      ;
; 18.411 ; Cont[2]   ; Cont[26] ; clk          ; clk         ; 20.000       ; 0.002      ; 1.623      ;
; 18.412 ; Cont[4]   ; Cont[23] ; clk          ; clk         ; 20.000       ; 0.003      ; 1.623      ;
; 18.412 ; Cont[29]  ; Cont[0]  ; clk          ; clk         ; 20.000       ; -0.002     ; 1.618      ;
; 18.414 ; Cont[3]   ; Cont[21] ; clk          ; clk         ; 20.000       ; 0.003      ; 1.621      ;
; 18.419 ; Cont[3]   ; Cont[19] ; clk          ; clk         ; 20.000       ; 0.003      ; 1.616      ;
; 18.422 ; Cont[0]   ; Cont[14] ; clk          ; clk         ; 20.000       ; 0.001      ; 1.611      ;
; 18.430 ; Cont[6]   ; Cont[29] ; clk          ; clk         ; 20.000       ; 0.002      ; 1.604      ;
; 18.430 ; Cont[5]   ; Cont[28] ; clk          ; clk         ; 20.000       ; 0.002      ; 1.604      ;
; 18.431 ; Cont[5]   ; Cont[23] ; clk          ; clk         ; 20.000       ; 0.003      ; 1.604      ;
; 18.431 ; Cont[3]   ; Cont[26] ; clk          ; clk         ; 20.000       ; 0.002      ; 1.603      ;
; 18.431 ; Cont[2]   ; Cont[20] ; clk          ; clk         ; 20.000       ; 0.003      ; 1.604      ;
; 18.434 ; Cont[7]   ; Cont[28] ; clk          ; clk         ; 20.000       ; 0.001      ; 1.599      ;
; 18.435 ; Cont[7]   ; Cont[23] ; clk          ; clk         ; 20.000       ; 0.002      ; 1.599      ;
; 18.436 ; Cont[4]   ; Cont[22] ; clk          ; clk         ; 20.000       ; 0.003      ; 1.599      ;
; 18.441 ; Cont[5]   ; Cont[0]  ; clk          ; clk         ; 20.000       ; 0.000      ; 1.591      ;
; 18.442 ; Cont[4]   ; Cont[0]  ; clk          ; clk         ; 20.000       ; 0.000      ; 1.590      ;
; 18.444 ; Cont[0]   ; Cont[13] ; clk          ; clk         ; 20.000       ; 0.001      ; 1.589      ;
; 18.445 ; Cont[1]   ; Cont[24] ; clk          ; clk         ; 20.000       ; 0.002      ; 1.589      ;
; 18.446 ; Cont[4]   ; Cont[27] ; clk          ; clk         ; 20.000       ; 0.002      ; 1.588      ;
; 18.451 ; Cont[0]   ; Cont[17] ; clk          ; clk         ; 20.000       ; 0.003      ; 1.584      ;
; 18.451 ; Cont[8]   ; Cont[25] ; clk          ; clk         ; 20.000       ; 0.003      ; 1.584      ;
; 18.451 ; Cont[3]   ; Cont[20] ; clk          ; clk         ; 20.000       ; 0.003      ; 1.584      ;
; 18.455 ; Cont[5]   ; Cont[22] ; clk          ; clk         ; 20.000       ; 0.003      ; 1.580      ;
; 18.459 ; Cont[7]   ; Cont[22] ; clk          ; clk         ; 20.000       ; 0.002      ; 1.575      ;
; 18.464 ; Cont[4]   ; Cont[21] ; clk          ; clk         ; 20.000       ; 0.003      ; 1.571      ;
; 18.465 ; Cont[6]   ; Cont[28] ; clk          ; clk         ; 20.000       ; 0.002      ; 1.569      ;
; 18.465 ; Cont[5]   ; Cont[27] ; clk          ; clk         ; 20.000       ; 0.002      ; 1.569      ;
; 18.466 ; Cont[6]   ; Cont[23] ; clk          ; clk         ; 20.000       ; 0.003      ; 1.569      ;
; 18.466 ; Cont[24]  ; Cont[0]  ; clk          ; clk         ; 20.000       ; -0.002     ; 1.564      ;
; 18.469 ; Cont[7]   ; Cont[27] ; clk          ; clk         ; 20.000       ; 0.001      ; 1.564      ;
; 18.469 ; Cont[4]   ; Cont[19] ; clk          ; clk         ; 20.000       ; 0.003      ; 1.566      ;
; 18.475 ; Cont[1]   ; Cont[14] ; clk          ; clk         ; 20.000       ; 0.001      ; 1.558      ;
; 18.481 ; Cont[4]   ; Cont[26] ; clk          ; clk         ; 20.000       ; 0.002      ; 1.553      ;
; 18.481 ; Cont[2]   ; Cont[24] ; clk          ; clk         ; 20.000       ; 0.002      ; 1.553      ;
; 18.483 ; Cont[5]   ; Cont[21] ; clk          ; clk         ; 20.000       ; 0.003      ; 1.552      ;
; 18.487 ; Cont[7]   ; Cont[21] ; clk          ; clk         ; 20.000       ; 0.002      ; 1.547      ;
; 18.488 ; Cont[5]   ; Cont[19] ; clk          ; clk         ; 20.000       ; 0.003      ; 1.547      ;
+--------+-----------+----------+--------------+-------------+--------------+------------+------------+


+----------------------------------------------------------------------------------------------------+
; Fast Model Hold: 'clk'                                                                             ;
+-------+-----------+----------+--------------+-------------+--------------+------------+------------+
; Slack ; From Node ; To Node  ; Launch Clock ; Latch Clock ; Relationship ; Clock Skew ; Data Delay ;
+-------+-----------+----------+--------------+-------------+--------------+------------+------------+
; 0.215 ; state     ; state    ; clk          ; clk         ; 0.000        ; 0.000      ; 0.367      ;
; 0.243 ; Cont[31]  ; Cont[31] ; clk          ; clk         ; 0.000        ; 0.000      ; 0.395      ;
; 0.355 ; Cont[16]  ; Cont[16] ; clk          ; clk         ; 0.000        ; 0.000      ; 0.507      ;
; 0.356 ; Cont[18]  ; Cont[18] ; clk          ; clk         ; 0.000        ; 0.000      ; 0.508      ;
; 0.356 ; Cont[27]  ; Cont[27] ; clk          ; clk         ; 0.000        ; 0.000      ; 0.508      ;
; 0.358 ; Cont[2]   ; Cont[2]  ; clk          ; clk         ; 0.000        ; 0.000      ; 0.510      ;
; 0.358 ; Cont[4]   ; Cont[4]  ; clk          ; clk         ; 0.000        ; 0.000      ; 0.510      ;
; 0.359 ; Cont[1]   ; Cont[1]  ; clk          ; clk         ; 0.000        ; 0.000      ; 0.511      ;
; 0.360 ; Cont[9]   ; Cont[9]  ; clk          ; clk         ; 0.000        ; 0.000      ; 0.512      ;
; 0.360 ; Cont[11]  ; Cont[11] ; clk          ; clk         ; 0.000        ; 0.000      ; 0.512      ;
; 0.361 ; Cont[29]  ; Cont[29] ; clk          ; clk         ; 0.000        ; 0.000      ; 0.513      ;
; 0.361 ; Cont[30]  ; Cont[30] ; clk          ; clk         ; 0.000        ; 0.000      ; 0.513      ;
; 0.370 ; Cont[8]   ; Cont[8]  ; clk          ; clk         ; 0.000        ; 0.000      ; 0.522      ;
; 0.371 ; Cont[3]   ; Cont[3]  ; clk          ; clk         ; 0.000        ; 0.000      ; 0.523      ;
; 0.371 ; Cont[24]  ; Cont[24] ; clk          ; clk         ; 0.000        ; 0.000      ; 0.523      ;
; 0.371 ; Cont[26]  ; Cont[26] ; clk          ; clk         ; 0.000        ; 0.000      ; 0.523      ;
; 0.371 ; Cont[10]  ; Cont[10] ; clk          ; clk         ; 0.000        ; 0.000      ; 0.523      ;
; 0.372 ; Cont[5]   ; Cont[5]  ; clk          ; clk         ; 0.000        ; 0.000      ; 0.524      ;
; 0.372 ; Cont[6]   ; Cont[6]  ; clk          ; clk         ; 0.000        ; 0.000      ; 0.524      ;
; 0.372 ; Cont[28]  ; Cont[28] ; clk          ; clk         ; 0.000        ; 0.000      ; 0.524      ;
; 0.494 ; Cont[27]  ; Cont[28] ; clk          ; clk         ; 0.000        ; 0.000      ; 0.646      ;
; 0.496 ; Cont[2]   ; Cont[3]  ; clk          ; clk         ; 0.000        ; 0.000      ; 0.648      ;
; 0.496 ; Cont[4]   ; Cont[5]  ; clk          ; clk         ; 0.000        ; 0.000      ; 0.648      ;
; 0.497 ; Cont[1]   ; Cont[2]  ; clk          ; clk         ; 0.000        ; 0.000      ; 0.649      ;
; 0.498 ; Cont[9]   ; Cont[10] ; clk          ; clk         ; 0.000        ; 0.000      ; 0.650      ;
; 0.499 ; Cont[30]  ; Cont[31] ; clk          ; clk         ; 0.000        ; 0.000      ; 0.651      ;
; 0.499 ; Cont[29]  ; Cont[30] ; clk          ; clk         ; 0.000        ; 0.000      ; 0.651      ;
; 0.510 ; Cont[8]   ; Cont[9]  ; clk          ; clk         ; 0.000        ; 0.000      ; 0.662      ;
; 0.511 ; Cont[26]  ; Cont[27] ; clk          ; clk         ; 0.000        ; 0.000      ; 0.663      ;
; 0.511 ; Cont[3]   ; Cont[4]  ; clk          ; clk         ; 0.000        ; 0.000      ; 0.663      ;
; 0.511 ; Cont[10]  ; Cont[11] ; clk          ; clk         ; 0.000        ; 0.000      ; 0.663      ;
; 0.512 ; Cont[28]  ; Cont[29] ; clk          ; clk         ; 0.000        ; 0.000      ; 0.664      ;
; 0.512 ; Cont[5]   ; Cont[6]  ; clk          ; clk         ; 0.000        ; 0.000      ; 0.664      ;
; 0.515 ; Cont[0]   ; Cont[1]  ; clk          ; clk         ; 0.000        ; 0.000      ; 0.667      ;
; 0.528 ; Cont[16]  ; Cont[18] ; clk          ; clk         ; 0.000        ; 0.000      ; 0.680      ;
; 0.529 ; Cont[27]  ; Cont[29] ; clk          ; clk         ; 0.000        ; 0.000      ; 0.681      ;
; 0.531 ; Cont[2]   ; Cont[4]  ; clk          ; clk         ; 0.000        ; 0.000      ; 0.683      ;
; 0.531 ; Cont[4]   ; Cont[6]  ; clk          ; clk         ; 0.000        ; 0.000      ; 0.683      ;
; 0.532 ; Cont[1]   ; Cont[3]  ; clk          ; clk         ; 0.000        ; 0.000      ; 0.684      ;
; 0.533 ; Cont[9]   ; Cont[11] ; clk          ; clk         ; 0.000        ; 0.000      ; 0.685      ;
; 0.534 ; Cont[29]  ; Cont[31] ; clk          ; clk         ; 0.000        ; 0.000      ; 0.686      ;
; 0.545 ; Cont[8]   ; Cont[10] ; clk          ; clk         ; 0.000        ; 0.000      ; 0.697      ;
; 0.546 ; Cont[24]  ; Cont[26] ; clk          ; clk         ; 0.000        ; 0.000      ; 0.698      ;
; 0.546 ; Cont[26]  ; Cont[28] ; clk          ; clk         ; 0.000        ; 0.000      ; 0.698      ;
; 0.546 ; Cont[3]   ; Cont[5]  ; clk          ; clk         ; 0.000        ; 0.000      ; 0.698      ;
; 0.547 ; Cont[28]  ; Cont[30] ; clk          ; clk         ; 0.000        ; 0.000      ; 0.699      ;
; 0.550 ; Cont[0]   ; Cont[2]  ; clk          ; clk         ; 0.000        ; 0.000      ; 0.702      ;
; 0.564 ; Cont[27]  ; Cont[30] ; clk          ; clk         ; 0.000        ; 0.000      ; 0.716      ;
; 0.566 ; Cont[2]   ; Cont[5]  ; clk          ; clk         ; 0.000        ; 0.000      ; 0.718      ;
; 0.567 ; Cont[1]   ; Cont[4]  ; clk          ; clk         ; 0.000        ; 0.000      ; 0.719      ;
; 0.577 ; Cont[25]  ; Cont[26] ; clk          ; clk         ; 0.000        ; -0.001     ; 0.728      ;
; 0.580 ; Cont[8]   ; Cont[11] ; clk          ; clk         ; 0.000        ; 0.000      ; 0.732      ;
; 0.581 ; Cont[24]  ; Cont[27] ; clk          ; clk         ; 0.000        ; 0.000      ; 0.733      ;
; 0.581 ; Cont[26]  ; Cont[29] ; clk          ; clk         ; 0.000        ; 0.000      ; 0.733      ;
; 0.581 ; Cont[3]   ; Cont[6]  ; clk          ; clk         ; 0.000        ; 0.000      ; 0.733      ;
; 0.582 ; Cont[28]  ; Cont[31] ; clk          ; clk         ; 0.000        ; 0.000      ; 0.734      ;
; 0.585 ; Cont[0]   ; Cont[3]  ; clk          ; clk         ; 0.000        ; 0.000      ; 0.737      ;
; 0.595 ; Cont[17]  ; Cont[18] ; clk          ; clk         ; 0.000        ; -0.001     ; 0.746      ;
; 0.599 ; Cont[27]  ; Cont[31] ; clk          ; clk         ; 0.000        ; 0.000      ; 0.751      ;
; 0.601 ; Cont[2]   ; Cont[6]  ; clk          ; clk         ; 0.000        ; 0.000      ; 0.753      ;
; 0.602 ; Cont[1]   ; Cont[5]  ; clk          ; clk         ; 0.000        ; 0.000      ; 0.754      ;
; 0.606 ; Cont[6]   ; Cont[8]  ; clk          ; clk         ; 0.000        ; 0.000      ; 0.758      ;
; 0.612 ; Cont[25]  ; Cont[27] ; clk          ; clk         ; 0.000        ; -0.001     ; 0.763      ;
; 0.614 ; Cont[15]  ; Cont[16] ; clk          ; clk         ; 0.000        ; 0.001      ; 0.767      ;
; 0.616 ; Cont[24]  ; Cont[28] ; clk          ; clk         ; 0.000        ; 0.000      ; 0.768      ;
; 0.616 ; Cont[26]  ; Cont[30] ; clk          ; clk         ; 0.000        ; 0.000      ; 0.768      ;
; 0.620 ; Cont[0]   ; Cont[4]  ; clk          ; clk         ; 0.000        ; 0.000      ; 0.772      ;
; 0.637 ; Cont[1]   ; Cont[6]  ; clk          ; clk         ; 0.000        ; 0.000      ; 0.789      ;
; 0.637 ; Cont[7]   ; Cont[8]  ; clk          ; clk         ; 0.000        ; -0.001     ; 0.788      ;
; 0.641 ; Cont[6]   ; Cont[9]  ; clk          ; clk         ; 0.000        ; 0.000      ; 0.793      ;
; 0.641 ; Cont[5]   ; Cont[8]  ; clk          ; clk         ; 0.000        ; 0.000      ; 0.793      ;
; 0.647 ; Cont[25]  ; Cont[28] ; clk          ; clk         ; 0.000        ; -0.001     ; 0.798      ;
; 0.650 ; Cont[23]  ; Cont[24] ; clk          ; clk         ; 0.000        ; -0.001     ; 0.801      ;
; 0.651 ; Cont[24]  ; Cont[29] ; clk          ; clk         ; 0.000        ; 0.000      ; 0.803      ;
; 0.651 ; Cont[26]  ; Cont[31] ; clk          ; clk         ; 0.000        ; 0.000      ; 0.803      ;
; 0.655 ; Cont[0]   ; Cont[5]  ; clk          ; clk         ; 0.000        ; 0.000      ; 0.807      ;
; 0.660 ; Cont[4]   ; Cont[8]  ; clk          ; clk         ; 0.000        ; 0.000      ; 0.812      ;
; 0.663 ; Cont[14]  ; Cont[16] ; clk          ; clk         ; 0.000        ; 0.001      ; 0.816      ;
; 0.672 ; Cont[7]   ; Cont[9]  ; clk          ; clk         ; 0.000        ; -0.001     ; 0.823      ;
; 0.676 ; Cont[6]   ; Cont[10] ; clk          ; clk         ; 0.000        ; 0.000      ; 0.828      ;
; 0.676 ; Cont[5]   ; Cont[9]  ; clk          ; clk         ; 0.000        ; 0.000      ; 0.828      ;
; 0.682 ; Cont[21]  ; Cont[21] ; clk          ; clk         ; 0.000        ; 0.000      ; 0.834      ;
; 0.682 ; Cont[25]  ; Cont[29] ; clk          ; clk         ; 0.000        ; -0.001     ; 0.833      ;
; 0.684 ; Cont[15]  ; Cont[18] ; clk          ; clk         ; 0.000        ; 0.001      ; 0.837      ;
; 0.686 ; Cont[24]  ; Cont[30] ; clk          ; clk         ; 0.000        ; 0.000      ; 0.838      ;
; 0.688 ; Cont[23]  ; Cont[17] ; clk          ; clk         ; 0.000        ; 0.000      ; 0.840      ;
; 0.688 ; Cont[20]  ; Cont[20] ; clk          ; clk         ; 0.000        ; 0.000      ; 0.840      ;
; 0.688 ; Cont[23]  ; Cont[22] ; clk          ; clk         ; 0.000        ; 0.000      ; 0.840      ;
; 0.688 ; Cont[23]  ; Cont[23] ; clk          ; clk         ; 0.000        ; 0.000      ; 0.840      ;
; 0.688 ; Cont[23]  ; Cont[25] ; clk          ; clk         ; 0.000        ; 0.000      ; 0.840      ;
; 0.688 ; Cont[23]  ; Cont[19] ; clk          ; clk         ; 0.000        ; 0.000      ; 0.840      ;
; 0.688 ; Cont[11]  ; Cont[16] ; clk          ; clk         ; 0.000        ; 0.002      ; 0.842      ;
; 0.689 ; Cont[25]  ; Cont[25] ; clk          ; clk         ; 0.000        ; 0.000      ; 0.841      ;
; 0.689 ; Cont[13]  ; Cont[16] ; clk          ; clk         ; 0.000        ; 0.001      ; 0.842      ;
; 0.690 ; Cont[0]   ; Cont[6]  ; clk          ; clk         ; 0.000        ; 0.000      ; 0.842      ;
; 0.690 ; Cont[23]  ; Cont[21] ; clk          ; clk         ; 0.000        ; 0.000      ; 0.842      ;
; 0.691 ; Cont[22]  ; Cont[24] ; clk          ; clk         ; 0.000        ; -0.001     ; 0.842      ;
; 0.691 ; Cont[23]  ; Cont[20] ; clk          ; clk         ; 0.000        ; 0.000      ; 0.843      ;
; 0.692 ; Cont[23]  ; state    ; clk          ; clk         ; 0.000        ; 0.000      ; 0.844      ;
; 0.695 ; Cont[4]   ; Cont[9]  ; clk          ; clk         ; 0.000        ; 0.000      ; 0.847      ;
+-------+-----------+----------+--------------+-------------+--------------+------------+------------+


+------------------------------------------------------------------------------------------------------------+
; Fast Model Minimum Pulse Width: 'clk'                                                                      ;
+--------+--------------+----------------+------------------+-------+------------+---------------------------+
; Slack  ; Actual Width ; Required Width ; Type             ; Clock ; Clock Edge ; Target                    ;
+--------+--------------+----------------+------------------+-------+------------+---------------------------+
; 9.000  ; 10.000       ; 1.000          ; High Pulse Width ; clk   ; Rise       ; Cont[0]                   ;
; 9.000  ; 10.000       ; 1.000          ; Low Pulse Width  ; clk   ; Rise       ; Cont[0]                   ;
; 9.000  ; 10.000       ; 1.000          ; High Pulse Width ; clk   ; Rise       ; Cont[10]                  ;
; 9.000  ; 10.000       ; 1.000          ; Low Pulse Width  ; clk   ; Rise       ; Cont[10]                  ;
; 9.000  ; 10.000       ; 1.000          ; High Pulse Width ; clk   ; Rise       ; Cont[11]                  ;
; 9.000  ; 10.000       ; 1.000          ; Low Pulse Width  ; clk   ; Rise       ; Cont[11]                  ;
; 9.000  ; 10.000       ; 1.000          ; High Pulse Width ; clk   ; Rise       ; Cont[12]                  ;
; 9.000  ; 10.000       ; 1.000          ; Low Pulse Width  ; clk   ; Rise       ; Cont[12]                  ;
; 9.000  ; 10.000       ; 1.000          ; High Pulse Width ; clk   ; Rise       ; Cont[13]                  ;
; 9.000  ; 10.000       ; 1.000          ; Low Pulse Width  ; clk   ; Rise       ; Cont[13]                  ;
; 9.000  ; 10.000       ; 1.000          ; High Pulse Width ; clk   ; Rise       ; Cont[14]                  ;
; 9.000  ; 10.000       ; 1.000          ; Low Pulse Width  ; clk   ; Rise       ; Cont[14]                  ;
; 9.000  ; 10.000       ; 1.000          ; High Pulse Width ; clk   ; Rise       ; Cont[15]                  ;
; 9.000  ; 10.000       ; 1.000          ; Low Pulse Width  ; clk   ; Rise       ; Cont[15]                  ;
; 9.000  ; 10.000       ; 1.000          ; High Pulse Width ; clk   ; Rise       ; Cont[16]                  ;
; 9.000  ; 10.000       ; 1.000          ; Low Pulse Width  ; clk   ; Rise       ; Cont[16]                  ;
; 9.000  ; 10.000       ; 1.000          ; High Pulse Width ; clk   ; Rise       ; Cont[17]                  ;
; 9.000  ; 10.000       ; 1.000          ; Low Pulse Width  ; clk   ; Rise       ; Cont[17]                  ;
; 9.000  ; 10.000       ; 1.000          ; High Pulse Width ; clk   ; Rise       ; Cont[18]                  ;
; 9.000  ; 10.000       ; 1.000          ; Low Pulse Width  ; clk   ; Rise       ; Cont[18]                  ;
; 9.000  ; 10.000       ; 1.000          ; High Pulse Width ; clk   ; Rise       ; Cont[19]                  ;
; 9.000  ; 10.000       ; 1.000          ; Low Pulse Width  ; clk   ; Rise       ; Cont[19]                  ;
; 9.000  ; 10.000       ; 1.000          ; High Pulse Width ; clk   ; Rise       ; Cont[1]                   ;
; 9.000  ; 10.000       ; 1.000          ; Low Pulse Width  ; clk   ; Rise       ; Cont[1]                   ;
; 9.000  ; 10.000       ; 1.000          ; High Pulse Width ; clk   ; Rise       ; Cont[20]                  ;
; 9.000  ; 10.000       ; 1.000          ; Low Pulse Width  ; clk   ; Rise       ; Cont[20]                  ;
; 9.000  ; 10.000       ; 1.000          ; High Pulse Width ; clk   ; Rise       ; Cont[21]                  ;
; 9.000  ; 10.000       ; 1.000          ; Low Pulse Width  ; clk   ; Rise       ; Cont[21]                  ;
; 9.000  ; 10.000       ; 1.000          ; High Pulse Width ; clk   ; Rise       ; Cont[22]                  ;
; 9.000  ; 10.000       ; 1.000          ; Low Pulse Width  ; clk   ; Rise       ; Cont[22]                  ;
; 9.000  ; 10.000       ; 1.000          ; High Pulse Width ; clk   ; Rise       ; Cont[23]                  ;
; 9.000  ; 10.000       ; 1.000          ; Low Pulse Width  ; clk   ; Rise       ; Cont[23]                  ;
; 9.000  ; 10.000       ; 1.000          ; High Pulse Width ; clk   ; Rise       ; Cont[24]                  ;
; 9.000  ; 10.000       ; 1.000          ; Low Pulse Width  ; clk   ; Rise       ; Cont[24]                  ;
; 9.000  ; 10.000       ; 1.000          ; High Pulse Width ; clk   ; Rise       ; Cont[25]                  ;
; 9.000  ; 10.000       ; 1.000          ; Low Pulse Width  ; clk   ; Rise       ; Cont[25]                  ;
; 9.000  ; 10.000       ; 1.000          ; High Pulse Width ; clk   ; Rise       ; Cont[26]                  ;
; 9.000  ; 10.000       ; 1.000          ; Low Pulse Width  ; clk   ; Rise       ; Cont[26]                  ;
; 9.000  ; 10.000       ; 1.000          ; High Pulse Width ; clk   ; Rise       ; Cont[27]                  ;
; 9.000  ; 10.000       ; 1.000          ; Low Pulse Width  ; clk   ; Rise       ; Cont[27]                  ;
; 9.000  ; 10.000       ; 1.000          ; High Pulse Width ; clk   ; Rise       ; Cont[28]                  ;
; 9.000  ; 10.000       ; 1.000          ; Low Pulse Width  ; clk   ; Rise       ; Cont[28]                  ;
; 9.000  ; 10.000       ; 1.000          ; High Pulse Width ; clk   ; Rise       ; Cont[29]                  ;
; 9.000  ; 10.000       ; 1.000          ; Low Pulse Width  ; clk   ; Rise       ; Cont[29]                  ;
; 9.000  ; 10.000       ; 1.000          ; High Pulse Width ; clk   ; Rise       ; Cont[2]                   ;
; 9.000  ; 10.000       ; 1.000          ; Low Pulse Width  ; clk   ; Rise       ; Cont[2]                   ;
; 9.000  ; 10.000       ; 1.000          ; High Pulse Width ; clk   ; Rise       ; Cont[30]                  ;
; 9.000  ; 10.000       ; 1.000          ; Low Pulse Width  ; clk   ; Rise       ; Cont[30]                  ;
; 9.000  ; 10.000       ; 1.000          ; High Pulse Width ; clk   ; Rise       ; Cont[31]                  ;
; 9.000  ; 10.000       ; 1.000          ; Low Pulse Width  ; clk   ; Rise       ; Cont[31]                  ;
; 9.000  ; 10.000       ; 1.000          ; High Pulse Width ; clk   ; Rise       ; Cont[3]                   ;
; 9.000  ; 10.000       ; 1.000          ; Low Pulse Width  ; clk   ; Rise       ; Cont[3]                   ;
; 9.000  ; 10.000       ; 1.000          ; High Pulse Width ; clk   ; Rise       ; Cont[4]                   ;
; 9.000  ; 10.000       ; 1.000          ; Low Pulse Width  ; clk   ; Rise       ; Cont[4]                   ;
; 9.000  ; 10.000       ; 1.000          ; High Pulse Width ; clk   ; Rise       ; Cont[5]                   ;
; 9.000  ; 10.000       ; 1.000          ; Low Pulse Width  ; clk   ; Rise       ; Cont[5]                   ;
; 9.000  ; 10.000       ; 1.000          ; High Pulse Width ; clk   ; Rise       ; Cont[6]                   ;
; 9.000  ; 10.000       ; 1.000          ; Low Pulse Width  ; clk   ; Rise       ; Cont[6]                   ;
; 9.000  ; 10.000       ; 1.000          ; High Pulse Width ; clk   ; Rise       ; Cont[7]                   ;
; 9.000  ; 10.000       ; 1.000          ; Low Pulse Width  ; clk   ; Rise       ; Cont[7]                   ;
; 9.000  ; 10.000       ; 1.000          ; High Pulse Width ; clk   ; Rise       ; Cont[8]                   ;
; 9.000  ; 10.000       ; 1.000          ; Low Pulse Width  ; clk   ; Rise       ; Cont[8]                   ;
; 9.000  ; 10.000       ; 1.000          ; High Pulse Width ; clk   ; Rise       ; Cont[9]                   ;
; 9.000  ; 10.000       ; 1.000          ; Low Pulse Width  ; clk   ; Rise       ; Cont[9]                   ;
; 9.000  ; 10.000       ; 1.000          ; High Pulse Width ; clk   ; Rise       ; state                     ;
; 9.000  ; 10.000       ; 1.000          ; Low Pulse Width  ; clk   ; Rise       ; state                     ;
; 10.000 ; 10.000       ; 0.000          ; High Pulse Width ; clk   ; Rise       ; CLOCK_50|combout          ;
; 10.000 ; 10.000       ; 0.000          ; Low Pulse Width  ; clk   ; Rise       ; CLOCK_50|combout          ;
; 10.000 ; 10.000       ; 0.000          ; High Pulse Width ; clk   ; Rise       ; CLOCK_50~clkctrl|inclk[0] ;
; 10.000 ; 10.000       ; 0.000          ; Low Pulse Width  ; clk   ; Rise       ; CLOCK_50~clkctrl|inclk[0] ;
; 10.000 ; 10.000       ; 0.000          ; High Pulse Width ; clk   ; Rise       ; CLOCK_50~clkctrl|outclk   ;
; 10.000 ; 10.000       ; 0.000          ; Low Pulse Width  ; clk   ; Rise       ; CLOCK_50~clkctrl|outclk   ;
; 10.000 ; 10.000       ; 0.000          ; High Pulse Width ; clk   ; Rise       ; Cont[0]|clk               ;
; 10.000 ; 10.000       ; 0.000          ; Low Pulse Width  ; clk   ; Rise       ; Cont[0]|clk               ;
; 10.000 ; 10.000       ; 0.000          ; High Pulse Width ; clk   ; Rise       ; Cont[10]|clk              ;
; 10.000 ; 10.000       ; 0.000          ; Low Pulse Width  ; clk   ; Rise       ; Cont[10]|clk              ;
; 10.000 ; 10.000       ; 0.000          ; High Pulse Width ; clk   ; Rise       ; Cont[11]|clk              ;
; 10.000 ; 10.000       ; 0.000          ; Low Pulse Width  ; clk   ; Rise       ; Cont[11]|clk              ;
; 10.000 ; 10.000       ; 0.000          ; High Pulse Width ; clk   ; Rise       ; Cont[12]|clk              ;
; 10.000 ; 10.000       ; 0.000          ; Low Pulse Width  ; clk   ; Rise       ; Cont[12]|clk              ;
; 10.000 ; 10.000       ; 0.000          ; High Pulse Width ; clk   ; Rise       ; Cont[13]|clk              ;
; 10.000 ; 10.000       ; 0.000          ; Low Pulse Width  ; clk   ; Rise       ; Cont[13]|clk              ;
; 10.000 ; 10.000       ; 0.000          ; High Pulse Width ; clk   ; Rise       ; Cont[14]|clk              ;
; 10.000 ; 10.000       ; 0.000          ; Low Pulse Width  ; clk   ; Rise       ; Cont[14]|clk              ;
; 10.000 ; 10.000       ; 0.000          ; High Pulse Width ; clk   ; Rise       ; Cont[15]|clk              ;
; 10.000 ; 10.000       ; 0.000          ; Low Pulse Width  ; clk   ; Rise       ; Cont[15]|clk              ;
; 10.000 ; 10.000       ; 0.000          ; High Pulse Width ; clk   ; Rise       ; Cont[16]|clk              ;
; 10.000 ; 10.000       ; 0.000          ; Low Pulse Width  ; clk   ; Rise       ; Cont[16]|clk              ;
; 10.000 ; 10.000       ; 0.000          ; High Pulse Width ; clk   ; Rise       ; Cont[17]|clk              ;
; 10.000 ; 10.000       ; 0.000          ; Low Pulse Width  ; clk   ; Rise       ; Cont[17]|clk              ;
; 10.000 ; 10.000       ; 0.000          ; High Pulse Width ; clk   ; Rise       ; Cont[18]|clk              ;
; 10.000 ; 10.000       ; 0.000          ; Low Pulse Width  ; clk   ; Rise       ; Cont[18]|clk              ;
; 10.000 ; 10.000       ; 0.000          ; High Pulse Width ; clk   ; Rise       ; Cont[19]|clk              ;
; 10.000 ; 10.000       ; 0.000          ; Low Pulse Width  ; clk   ; Rise       ; Cont[19]|clk              ;
; 10.000 ; 10.000       ; 0.000          ; High Pulse Width ; clk   ; Rise       ; Cont[1]|clk               ;
; 10.000 ; 10.000       ; 0.000          ; Low Pulse Width  ; clk   ; Rise       ; Cont[1]|clk               ;
; 10.000 ; 10.000       ; 0.000          ; High Pulse Width ; clk   ; Rise       ; Cont[20]|clk              ;
; 10.000 ; 10.000       ; 0.000          ; Low Pulse Width  ; clk   ; Rise       ; Cont[20]|clk              ;
; 10.000 ; 10.000       ; 0.000          ; High Pulse Width ; clk   ; Rise       ; Cont[21]|clk              ;
; 10.000 ; 10.000       ; 0.000          ; Low Pulse Width  ; clk   ; Rise       ; Cont[21]|clk              ;
+--------+--------------+----------------+------------------+-------+------------+---------------------------+


+-----------------------------------------------------------------------+
; Clock to Output Times                                                 ;
+-----------+------------+-------+-------+------------+-----------------+
; Data Port ; Clock Port ; Rise  ; Fall  ; Clock Edge ; Clock Reference ;
+-----------+------------+-------+-------+------------+-----------------+
; LEDR[*]   ; clk        ; 5.037 ; 5.037 ; Rise       ; clk             ;
;  LEDR[0]  ; clk        ; 5.037 ; 5.037 ; Rise       ; clk             ;
;  LEDR[2]  ; clk        ; 5.007 ; 5.007 ; Rise       ; clk             ;
;  LEDR[4]  ; clk        ; 5.023 ; 5.023 ; Rise       ; clk             ;
;  LEDR[6]  ; clk        ; 5.013 ; 5.013 ; Rise       ; clk             ;
;  LEDR[8]  ; clk        ; 4.736 ; 4.736 ; Rise       ; clk             ;
;  LEDR[10] ; clk        ; 4.652 ; 4.652 ; Rise       ; clk             ;
;  LEDR[12] ; clk        ; 4.662 ; 4.662 ; Rise       ; clk             ;
;  LEDR[14] ; clk        ; 4.524 ; 4.524 ; Rise       ; clk             ;
;  LEDR[16] ; clk        ; 4.524 ; 4.524 ; Rise       ; clk             ;
+-----------+------------+-------+-------+------------+-----------------+


+-----------------------------------------------------------------------+
; Minimum Clock to Output Times                                         ;
+-----------+------------+-------+-------+------------+-----------------+
; Data Port ; Clock Port ; Rise  ; Fall  ; Clock Edge ; Clock Reference ;
+-----------+------------+-------+-------+------------+-----------------+
; LEDR[*]   ; clk        ; 4.524 ; 4.524 ; Rise       ; clk             ;
;  LEDR[0]  ; clk        ; 5.037 ; 5.037 ; Rise       ; clk             ;
;  LEDR[2]  ; clk        ; 5.007 ; 5.007 ; Rise       ; clk             ;
;  LEDR[4]  ; clk        ; 5.023 ; 5.023 ; Rise       ; clk             ;
;  LEDR[6]  ; clk        ; 5.013 ; 5.013 ; Rise       ; clk             ;
;  LEDR[8]  ; clk        ; 4.736 ; 4.736 ; Rise       ; clk             ;
;  LEDR[10] ; clk        ; 4.652 ; 4.652 ; Rise       ; clk             ;
;  LEDR[12] ; clk        ; 4.662 ; 4.662 ; Rise       ; clk             ;
;  LEDR[14] ; clk        ; 4.524 ; 4.524 ; Rise       ; clk             ;
;  LEDR[16] ; clk        ; 4.524 ; 4.524 ; Rise       ; clk             ;
+-----------+------------+-------+-------+------------+-----------------+


+------------------------------------------------------------------------------+
; Multicorner Timing Analysis Summary                                          ;
+------------------+--------+-------+----------+---------+---------------------+
; Clock            ; Setup  ; Hold  ; Recovery ; Removal ; Minimum Pulse Width ;
+------------------+--------+-------+----------+---------+---------------------+
; Worst-case Slack ; 16.003 ; 0.215 ; N/A      ; N/A     ; 9.000               ;
;  clk             ; 16.003 ; 0.215 ; N/A      ; N/A     ; 9.000               ;
; Design-wide TNS  ; 0.0    ; 0.0   ; 0.0      ; 0.0     ; 0.0                 ;
;  clk             ; 0.000  ; 0.000 ; N/A      ; N/A     ; 0.000               ;
+------------------+--------+-------+----------+---------+---------------------+


+-----------------------------------------------------------------------+
; Clock to Output Times                                                 ;
+-----------+------------+-------+-------+------------+-----------------+
; Data Port ; Clock Port ; Rise  ; Fall  ; Clock Edge ; Clock Reference ;
+-----------+------------+-------+-------+------------+-----------------+
; LEDR[*]   ; clk        ; 9.163 ; 9.163 ; Rise       ; clk             ;
;  LEDR[0]  ; clk        ; 9.163 ; 9.163 ; Rise       ; clk             ;
;  LEDR[2]  ; clk        ; 9.133 ; 9.133 ; Rise       ; clk             ;
;  LEDR[4]  ; clk        ; 9.146 ; 9.146 ; Rise       ; clk             ;
;  LEDR[6]  ; clk        ; 9.136 ; 9.136 ; Rise       ; clk             ;
;  LEDR[8]  ; clk        ; 8.650 ; 8.650 ; Rise       ; clk             ;
;  LEDR[10] ; clk        ; 8.458 ; 8.458 ; Rise       ; clk             ;
;  LEDR[12] ; clk        ; 8.468 ; 8.468 ; Rise       ; clk             ;
;  LEDR[14] ; clk        ; 8.164 ; 8.164 ; Rise       ; clk             ;
;  LEDR[16] ; clk        ; 8.164 ; 8.164 ; Rise       ; clk             ;
+-----------+------------+-------+-------+------------+-----------------+


+-----------------------------------------------------------------------+
; Minimum Clock to Output Times                                         ;
+-----------+------------+-------+-------+------------+-----------------+
; Data Port ; Clock Port ; Rise  ; Fall  ; Clock Edge ; Clock Reference ;
+-----------+------------+-------+-------+------------+-----------------+
; LEDR[*]   ; clk        ; 4.524 ; 4.524 ; Rise       ; clk             ;
;  LEDR[0]  ; clk        ; 5.037 ; 5.037 ; Rise       ; clk             ;
;  LEDR[2]  ; clk        ; 5.007 ; 5.007 ; Rise       ; clk             ;
;  LEDR[4]  ; clk        ; 5.023 ; 5.023 ; Rise       ; clk             ;
;  LEDR[6]  ; clk        ; 5.013 ; 5.013 ; Rise       ; clk             ;
;  LEDR[8]  ; clk        ; 4.736 ; 4.736 ; Rise       ; clk             ;
;  LEDR[10] ; clk        ; 4.652 ; 4.652 ; Rise       ; clk             ;
;  LEDR[12] ; clk        ; 4.662 ; 4.662 ; Rise       ; clk             ;
;  LEDR[14] ; clk        ; 4.524 ; 4.524 ; Rise       ; clk             ;
;  LEDR[16] ; clk        ; 4.524 ; 4.524 ; Rise       ; clk             ;
+-----------+------------+-------+-------+------------+-----------------+


+-------------------------------------------------------------------+
; Setup Transfers                                                   ;
+------------+----------+----------+----------+----------+----------+
; From Clock ; To Clock ; RR Paths ; FR Paths ; RF Paths ; FF Paths ;
+------------+----------+----------+----------+----------+----------+
; clk        ; clk      ; 977      ; 0        ; 0        ; 0        ;
+------------+----------+----------+----------+----------+----------+
Entries labeled "false path" only account for clock-to-clock false paths and not path-based false paths. As a result, actual path counts may be lower than reported.


+-------------------------------------------------------------------+
; Hold Transfers                                                    ;
+------------+----------+----------+----------+----------+----------+
; From Clock ; To Clock ; RR Paths ; FR Paths ; RF Paths ; FF Paths ;
+------------+----------+----------+----------+----------+----------+
; clk        ; clk      ; 977      ; 0        ; 0        ; 0        ;
+------------+----------+----------+----------+----------+----------+
Entries labeled "false path" only account for clock-to-clock false paths and not path-based false paths. As a result, actual path counts may be lower than reported.


---------------
; Report TCCS ;
---------------
No dedicated SERDES Transmitter circuitry present in device or used in design


---------------
; Report RSKM ;
---------------
No dedicated SERDES Receiver circuitry present in device or used in design


+------------------------------------------------+
; Unconstrained Paths                            ;
+---------------------------------+-------+------+
; Property                        ; Setup ; Hold ;
+---------------------------------+-------+------+
; Illegal Clocks                  ; 0     ; 0    ;
; Unconstrained Clocks            ; 0     ; 0    ;
; Unconstrained Input Ports       ; 0     ; 0    ;
; Unconstrained Input Port Paths  ; 0     ; 0    ;
; Unconstrained Output Ports      ; 9     ; 9    ;
; Unconstrained Output Port Paths ; 9     ; 9    ;
+---------------------------------+-------+------+


+------------------------------------+
; TimeQuest Timing Analyzer Messages ;
+------------------------------------+
Info: *******************************************************************
Info: Running Quartus II 64-Bit TimeQuest Timing Analyzer
    Info: Version 13.0.1 Build 232 06/12/2013 Service Pack 1 SJ Web Edition
    Info: Processing started: Sat Jan 07 12:06:39 2023
Info: Command: quartus_sta DE2_Default -c DE2_Default
Info: qsta_default_script.tcl version: #1
Info (332104): Reading SDC File: 'DE2_Default.sdc'
Info: Found TIMEQUEST_REPORT_SCRIPT_INCLUDE_DEFAULT_ANALYSIS = ON
Info: Analyzing Slow Model
Info (332146): Worst-case setup slack is 16.003
    Info (332119):     Slack End Point TNS Clock 
    Info (332119): ========= ============= =====================
    Info (332119):    16.003         0.000 clk 
Info (332146): Worst-case hold slack is 0.391
    Info (332119):     Slack End Point TNS Clock 
    Info (332119): ========= ============= =====================
    Info (332119):     0.391         0.000 clk 
Info (332140): No Recovery paths to report
Info (332140): No Removal paths to report
Info (332146): Worst-case minimum pulse width slack is 9.000
    Info (332119):     Slack End Point TNS Clock 
    Info (332119): ========= ============= =====================
    Info (332119):     9.000         0.000 clk 
Info (332001): The selected device family is not supported by the report_metastability command.
Info: Analyzing Fast Model
Info (306004): Started post-fitting delay annotation
Warning (306006): Found 18 output pins without output pin load capacitance assignment
    Info (306007): Pin "LEDR[0]" has no specified output pin load capacitance -- assuming default load capacitance of 0 pF for timing analysis
    Info (306007): Pin "LEDR[1]" has no specified output pin load capacitance -- assuming default load capacitance of 0 pF for timing analysis
    Info (306007): Pin "LEDR[2]" has no specified output pin load capacitance -- assuming default load capacitance of 0 pF for timing analysis
    Info (306007): Pin "LEDR[3]" has no specified output pin load capacitance -- assuming default load capacitance of 0 pF for timing analysis
    Info (306007): Pin "LEDR[4]" has no specified output pin load capacitance -- assuming default load capacitance of 0 pF for timing analysis
    Info (306007): Pin "LEDR[5]" has no specified output pin load capacitance -- assuming default load capacitance of 0 pF for timing analysis
    Info (306007): Pin "LEDR[6]" has no specified output pin load capacitance -- assuming default load capacitance of 0 pF for timing analysis
    Info (306007): Pin "LEDR[7]" has no specified output pin load capacitance -- assuming default load capacitance of 0 pF for timing analysis
    Info (306007): Pin "LEDR[8]" has no specified output pin load capacitance -- assuming default load capacitance of 0 pF for timing analysis
    Info (306007): Pin "LEDR[9]" has no specified output pin load capacitance -- assuming default load capacitance of 0 pF for timing analysis
    Info (306007): Pin "LEDR[10]" has no specified output pin load capacitance -- assuming default load capacitance of 0 pF for timing analysis
    Info (306007): Pin "LEDR[11]" has no specified output pin load capacitance -- assuming default load capacitance of 0 pF for timing analysis
    Info (306007): Pin "LEDR[12]" has no specified output pin load capacitance -- assuming default load capacitance of 0 pF for timing analysis
    Info (306007): Pin "LEDR[13]" has no specified output pin load capacitance -- assuming default load capacitance of 0 pF for timing analysis
    Info (306007): Pin "LEDR[14]" has no specified output pin load capacitance -- assuming default load capacitance of 0 pF for timing analysis
    Info (306007): Pin "LEDR[15]" has no specified output pin load capacitance -- assuming default load capacitance of 0 pF for timing analysis
    Info (306007): Pin "LEDR[16]" has no specified output pin load capacitance -- assuming default load capacitance of 0 pF for timing analysis
    Info (306007): Pin "LEDR[17]" has no specified output pin load capacitance -- assuming default load capacitance of 0 pF for timing analysis
Info (306005): Delay annotation completed successfully
Info (332146): Worst-case setup slack is 18.107
    Info (332119):     Slack End Point TNS Clock 
    Info (332119): ========= ============= =====================
    Info (332119):    18.107         0.000 clk 
Info (332146): Worst-case hold slack is 0.215
    Info (332119):     Slack End Point TNS Clock 
    Info (332119): ========= ============= =====================
    Info (332119):     0.215         0.000 clk 
Info (332140): No Recovery paths to report
Info (332140): No Removal paths to report
Info (332146): Worst-case minimum pulse width slack is 9.000
    Info (332119):     Slack End Point TNS Clock 
    Info (332119): ========= ============= =====================
    Info (332119):     9.000         0.000 clk 
Info (332001): The selected device family is not supported by the report_metastability command.
Info (332102): Design is not fully constrained for setup requirements
Info (332102): Design is not fully constrained for hold requirements
Info: Quartus II 64-Bit TimeQuest Timing Analyzer was successful. 0 errors, 1 warning
    Info: Peak virtual memory: 4565 megabytes
    Info: Processing ended: Sat Jan 07 12:06:40 2023
    Info: Elapsed time: 00:00:01
    Info: Total CPU time (on all processors): 00:00:01


