------------------------------------------------------------
TimeQuest Timing Analyzer Summary
------------------------------------------------------------

Type  : Slow Model Setup 'PLL1|altpll_component|pll|clk[1]'
Slack : -0.950
TNS   : -120.494

Type  : Slow Model Setup 'clk_50'
Slack : 15.436
TNS   : 0.000

Type  : Slow Model Setup 'PLL2|altpll_component|pll|clk[0]'
Slack : 21.442
TNS   : 0.000

Type  : Slow Model Hold 'PLL1|altpll_component|pll|clk[1]'
Slack : 0.391
TNS   : 0.000

Type  : Slow Model Hold 'PLL2|altpll_component|pll|clk[0]'
Slack : 0.391
TNS   : 0.000

Type  : Slow Model Hold 'clk_50'
Slack : 0.391
TNS   : 0.000

Type  : Slow Model Recovery 'PLL2|altpll_component|pll|clk[0]'
Slack : -4.975
TNS   : -9.950

Type  : Slow Model Recovery 'PLL1|altpll_component|pll|clk[1]'
Slack : 0.487
TNS   : 0.000

Type  : Slow Model Removal 'PLL2|altpll_component|pll|clk[0]'
Slack : 1.034
TNS   : 0.000

Type  : Slow Model Removal 'PLL1|altpll_component|pll|clk[1]'
Slack : 2.573
TNS   : 0.000

Type  : Slow Model Minimum Pulse Width 'PLL1|altpll_component|pll|clk[1]'
Slack : 1.206
TNS   : 0.000

Type  : Slow Model Minimum Pulse Width 'clk_50'
Slack : 9.000
TNS   : 0.000

Type  : Slow Model Minimum Pulse Width 'clk_27'
Slack : 18.500
TNS   : 0.000

Type  : Slow Model Minimum Pulse Width 'PLL2|altpll_component|pll|clk[0]'
Slack : 24.753
TNS   : 0.000

Type  : Slow Model Minimum Pulse Width 'altera_reserved_tck'
Slack : 97.778
TNS   : 0.000

Type  : Fast Model Setup 'PLL1|altpll_component|pll|clk[1]'
Slack : 2.021
TNS   : 0.000

Type  : Fast Model Setup 'clk_50'
Slack : 17.865
TNS   : 0.000

Type  : Fast Model Setup 'PLL2|altpll_component|pll|clk[0]'
Slack : 24.497
TNS   : 0.000

Type  : Fast Model Hold 'PLL1|altpll_component|pll|clk[1]'
Slack : 0.215
TNS   : 0.000

Type  : Fast Model Hold 'PLL2|altpll_component|pll|clk[0]'
Slack : 0.215
TNS   : 0.000

Type  : Fast Model Hold 'clk_50'
Slack : 0.215
TNS   : 0.000

Type  : Fast Model Recovery 'PLL2|altpll_component|pll|clk[0]'
Slack : -2.904
TNS   : -5.808

Type  : Fast Model Recovery 'PLL1|altpll_component|pll|clk[1]'
Slack : 1.664
TNS   : 0.000

Type  : Fast Model Removal 'PLL2|altpll_component|pll|clk[0]'
Slack : 0.583
TNS   : 0.000

Type  : Fast Model Removal 'PLL1|altpll_component|pll|clk[1]'
Slack : 1.373
TNS   : 0.000

Type  : Fast Model Minimum Pulse Width 'PLL1|altpll_component|pll|clk[1]'
Slack : 1.206
TNS   : 0.000

Type  : Fast Model Minimum Pulse Width 'clk_50'
Slack : 9.000
TNS   : 0.000

Type  : Fast Model Minimum Pulse Width 'clk_27'
Slack : 18.500
TNS   : 0.000

Type  : Fast Model Minimum Pulse Width 'PLL2|altpll_component|pll|clk[0]'
Slack : 24.753
TNS   : 0.000

Type  : Fast Model Minimum Pulse Width 'altera_reserved_tck'
Slack : 97.778
TNS   : 0.000

------------------------------------------------------------
