Archive member included because of file (symbol)

c:/altera/11.1/nios2eds/bin/gnu/h-i686-mingw32/bin/../lib/gcc/nios2-elf/4.1.2\libgcc.a(lib2-divmod.o)
                              obj/default/SEG7.o (__udivsi3)
c:/altera/11.1/nios2eds/bin/gnu/h-i686-mingw32/bin/../lib/gcc/nios2-elf/4.1.2/../../../../nios2-elf/lib\libc.a(lib_a-printf.o)
                              obj/default/BUF_MAN.o (printf)
c:/altera/11.1/nios2eds/bin/gnu/h-i686-mingw32/bin/../lib/gcc/nios2-elf/4.1.2/../../../../nios2-elf/lib\libc.a(lib_a-puts.o)
                              obj/default/HAL4D13.o (puts)
c:/altera/11.1/nios2eds/bin/gnu/h-i686-mingw32/bin/../lib/gcc/nios2-elf/4.1.2/../../../../nios2-elf/lib\libc.a(lib_a-sprintf.o)
                              obj/default/CHEEYU.o (sprintf)
c:/altera/11.1/nios2eds/bin/gnu/h-i686-mingw32/bin/../lib/gcc/nios2-elf/4.1.2/../../../../nios2-elf/lib\libc.a(lib_a-strlen.o)
                              obj/default/LCD.o (strlen)
c:/altera/11.1/nios2eds/bin/gnu/h-i686-mingw32/bin/../lib/gcc/nios2-elf/4.1.2/../../../../nios2-elf/lib\libc.a(lib_a-vfprintf.o)
                              c:/altera/11.1/nios2eds/bin/gnu/h-i686-mingw32/bin/../lib/gcc/nios2-elf/4.1.2/../../../../nios2-elf/lib\libc.a(lib_a-printf.o) (___vfprintf_internal_r)
c:/altera/11.1/nios2eds/bin/gnu/h-i686-mingw32/bin/../lib/gcc/nios2-elf/4.1.2/../../../../nios2-elf/lib\libc.a(lib_a-wsetup.o)
                              c:/altera/11.1/nios2eds/bin/gnu/h-i686-mingw32/bin/../lib/gcc/nios2-elf/4.1.2/../../../../nios2-elf/lib\libc.a(lib_a-vfprintf.o) (__swsetup_r)
c:/altera/11.1/nios2eds/bin/gnu/h-i686-mingw32/bin/../lib/gcc/nios2-elf/4.1.2/../../../../nios2-elf/lib\libc.a(lib_a-dtoa.o)
                              c:/altera/11.1/nios2eds/bin/gnu/h-i686-mingw32/bin/../lib/gcc/nios2-elf/4.1.2/../../../../nios2-elf/lib\libc.a(lib_a-vfprintf.o) (_dtoa_r)
c:/altera/11.1/nios2eds/bin/gnu/h-i686-mingw32/bin/../lib/gcc/nios2-elf/4.1.2/../../../../nios2-elf/lib\libc.a(lib_a-fflush.o)
                              c:/altera/11.1/nios2eds/bin/gnu/h-i686-mingw32/bin/../lib/gcc/nios2-elf/4.1.2/../../../../nios2-elf/lib\libc.a(lib_a-vfprintf.o) (_fflush_r)
c:/altera/11.1/nios2eds/bin/gnu/h-i686-mingw32/bin/../lib/gcc/nios2-elf/4.1.2/../../../../nios2-elf/lib\libc.a(lib_a-findfp.o)
                              c:/altera/11.1/nios2eds/bin/gnu/h-i686-mingw32/bin/../lib/gcc/nios2-elf/4.1.2/../../../../nios2-elf/lib\libc.a(lib_a-vfprintf.o) (__sinit)
c:/altera/11.1/nios2eds/bin/gnu/h-i686-mingw32/bin/../lib/gcc/nios2-elf/4.1.2/../../../../nios2-elf/lib\libc.a(lib_a-freer.o)
                              c:/altera/11.1/nios2eds/bin/gnu/h-i686-mingw32/bin/../lib/gcc/nios2-elf/4.1.2/../../../../nios2-elf/lib\libc.a(lib_a-wsetup.o) (_free_r)
c:/altera/11.1/nios2eds/bin/gnu/h-i686-mingw32/bin/../lib/gcc/nios2-elf/4.1.2/../../../../nios2-elf/lib\libc.a(lib_a-fvwrite.o)
                              c:/altera/11.1/nios2eds/bin/gnu/h-i686-mingw32/bin/../lib/gcc/nios2-elf/4.1.2/../../../../nios2-elf/lib\libc.a(lib_a-puts.o) (__sfvwrite_r)
c:/altera/11.1/nios2eds/bin/gnu/h-i686-mingw32/bin/../lib/gcc/nios2-elf/4.1.2/../../../../nios2-elf/lib\libc.a(lib_a-fwalk.o)
                              c:/altera/11.1/nios2eds/bin/gnu/h-i686-mingw32/bin/../lib/gcc/nios2-elf/4.1.2/../../../../nios2-elf/lib\libc.a(lib_a-fflush.o) (_fwalk_reent)
c:/altera/11.1/nios2eds/bin/gnu/h-i686-mingw32/bin/../lib/gcc/nios2-elf/4.1.2/../../../../nios2-elf/lib\libc.a(lib_a-impure.o)
                              c:/altera/11.1/nios2eds/bin/gnu/h-i686-mingw32/bin/../lib/gcc/nios2-elf/4.1.2/../../../../nios2-elf/lib\libc.a(lib_a-printf.o) (_impure_ptr)
c:/altera/11.1/nios2eds/bin/gnu/h-i686-mingw32/bin/../lib/gcc/nios2-elf/4.1.2/../../../../nios2-elf/lib\libc.a(lib_a-locale.o)
                              c:/altera/11.1/nios2eds/bin/gnu/h-i686-mingw32/bin/../lib/gcc/nios2-elf/4.1.2/../../../../nios2-elf/lib\libc.a(lib_a-vfprintf.o) (_localeconv_r)
c:/altera/11.1/nios2eds/bin/gnu/h-i686-mingw32/bin/../lib/gcc/nios2-elf/4.1.2/../../../../nios2-elf/lib\libc.a(lib_a-makebuf.o)
                              c:/altera/11.1/nios2eds/bin/gnu/h-i686-mingw32/bin/../lib/gcc/nios2-elf/4.1.2/../../../../nios2-elf/lib\libc.a(lib_a-wsetup.o) (__smakebuf_r)
c:/altera/11.1/nios2eds/bin/gnu/h-i686-mingw32/bin/../lib/gcc/nios2-elf/4.1.2/../../../../nios2-elf/lib\libc.a(lib_a-mallocr.o)
                              c:/altera/11.1/nios2eds/bin/gnu/h-i686-mingw32/bin/../lib/gcc/nios2-elf/4.1.2/../../../../nios2-elf/lib\libc.a(lib_a-findfp.o) (_malloc_r)
c:/altera/11.1/nios2eds/bin/gnu/h-i686-mingw32/bin/../lib/gcc/nios2-elf/4.1.2/../../../../nios2-elf/lib\libc.a(lib_a-memchr.o)
                              c:/altera/11.1/nios2eds/bin/gnu/h-i686-mingw32/bin/../lib/gcc/nios2-elf/4.1.2/../../../../nios2-elf/lib\libc.a(lib_a-vfprintf.o) (memchr)
c:/altera/11.1/nios2eds/bin/gnu/h-i686-mingw32/bin/../lib/gcc/nios2-elf/4.1.2/../../../../nios2-elf/lib\libc.a(lib_a-memcpy.o)
[...]
Memory Configuration

Name             Origin             Length             Attributes
sdram_0          0x00800000         0x00800000
reset            0x01400000         0x00000020
cfi_flash_0      0x01400020         0x003fffe0
sram_0_BEFORE_EXCEPTION 0x01a80000         0x00000020
sram_0           0x01a80020         0x0007ffe0
epcs_controller  0x01b01800         0x00000800
*default*        0x00000000         0xffffffff

Linker script and memory map

LOAD ../DE2_NIOS_HOST_MOUSE_VGA_bsp//obj/HAL/src/crt0.o
LOAD obj/default/BUF_MAN.o
LOAD obj/default/CHEEYU.o
LOAD obj/default/HAL4D13.o
LOAD obj/default/LCD.o
LOAD obj/default/MOUSE.o
LOAD obj/default/PORT.o
LOAD obj/default/PTD.o
LOAD obj/default/REG.o
LOAD obj/default/SEG7.o
LOAD obj/default/Test.o
LOAD obj/default/USB.o
LOAD obj/default/VGA.o
LOAD obj/default/main.o
LOAD obj/default/usb_irq.o
LOAD c:/altera/11.1/nios2eds/bin/gnu/h-i686-mingw32/bin/../lib/gcc/nios2-elf/4.1.2/../../../../nios2-elf/lib\libstdc++.a
LOAD c:/altera/11.1/nios2eds/bin/gnu/h-i686-mingw32/bin/../lib/gcc/nios2-elf/4.1.2/../../../../nios2-elf/lib\libm.a
LOAD c:/altera/11.1/nios2eds/bin/gnu/h-i686-mingw32/bin/../lib/gcc/nios2-elf/4.1.2\libgcc.a
START GROUP
LOAD c:/altera/11.1/nios2eds/bin/gnu/h-i686-mingw32/bin/../lib/gcc/nios2-elf/4.1.2/../../../../nios2-elf/lib\libc.a
LOAD c:/altera/11.1/nios2eds/bin/gnu/h-i686-mingw32/bin/../lib/gcc/nios2-elf/4.1.2\libgcc.a
LOAD ../DE2_NIOS_HOST_MOUSE_VGA_bsp/\libhal_bsp.a
END GROUP
LOAD c:/altera/11.1/nios2eds/bin/gnu/h-i686-mingw32/bin/../lib/gcc/nios2-elf/4.1.2\libgcc.a
                0x00800000                __alt_mem_sdram_0 = 0x800000
                0x01400000                __alt_mem_cfi_flash_0 = 0x1400000
                0x01a80000                __alt_mem_sram_0 = 0x1a80000
                0x01b01800                __alt_mem_epcs_controller = 0x1b01800

.entry          0x01400000        0x0
 *(.entry)
 .entry         0x01400000        0x0 ../DE2_NIOS_HOST_MOUSE_VGA_bsp//obj/HAL/src/crt0.o
                0x01400000                __reset

.exceptions     0x01a80020      0x194
                0x01a80020                PROVIDE (__ram_exceptions_start, ABSOLUTE (.))
                0x01a80020                . = ALIGN (0x20)
 *(.irq)
 *(.exceptions.entry.label)
 .exceptions.entry.label
                0x01a80020        0x0 ../DE2_NIOS_HOST_MOUSE_VGA_bsp/\libhal_bsp.a(alt_irq_entry.o)
                0x01a80020                alt_irq_entry
 .exceptions.entry.label
                0x01a80020        0x0 ../DE2_NIOS_HOST_MOUSE_VGA_bsp/\libhal_bsp.a(alt_exception_entry.o)
                0x01a80020                alt_exception
 *(.exceptions.entry.user)
 *(.exceptions.entry)
 .exceptions.entry
                0x01a80020       0x54 ../DE2_NIOS_HOST_MOUSE_VGA_bsp/\libhal_bsp.a(alt_exception_entry.o)
 *(.exceptions.irqtest.user)
 *(.exceptions.irqtest)
 .exceptions.irqtest
                0x01a80074       0x10 ../DE2_NIOS_HOST_MOUSE_VGA_bsp/\libhal_bsp.a(alt_irq_entry.o)
 *(.exceptions.irqhandler.user)
 *(.exceptions.irqhandler)
 .exceptions.irqhandler
                0x01a80084        0x4 ../DE2_NIOS_HOST_MOUSE_VGA_bsp/\libhal_bsp.a(alt_irq_entry.o)
 *(.exceptions.irqreturn.user)
 *(.exceptions.irqreturn)
 .exceptions.irqreturn
                0x01a80088        0x4 ../DE2_NIOS_HOST_MOUSE_VGA_bsp/\libhal_bsp.a(alt_irq_entry.o)
 *(.exceptions.notirq.label)
 .exceptions.notirq.label
                0x01a8008c        0x0 ../DE2_NIOS_HOST_MOUSE_VGA_bsp/\libhal_bsp.a(alt_irq_entry.o)
 *(.exceptions.notirq.user)
 *(.exceptions.notirq)
 .exceptions.notirq
                0x01a8008c        0x8 ../DE2_NIOS_HOST_MOUSE_VGA_bsp/\libhal_bsp.a(alt_exception_entry.o)
 *(.exceptions.soft.user)
 *(.exceptions.soft)
 *(.exceptions.unknown.user)
 *(.exceptions.unknown)
 .exceptions.unknown
                0x01a80094        0x4 ../DE2_NIOS_HOST_MOUSE_VGA_bsp/\libhal_bsp.a(alt_exception_entry.o)
 *(.exceptions.exit.label)
 .exceptions.exit.label
                0x01a80098        0x0 ../DE2_NIOS_HOST_MOUSE_VGA_bsp/\libhal_bsp.a(alt_irq_entry.o)
 .exceptions.exit.label
                0x01a80098        0x0 ../DE2_NIOS_HOST_MOUSE_VGA_bsp/\libhal_bsp.a(alt_exception_entry.o)
 *(.exceptions.exit.user)
 *(.exceptions.exit)
 .exceptions.exit
                0x01a80098       0x54 ../DE2_NIOS_HOST_MOUSE_VGA_bsp/\libhal_bsp.a(alt_exception_entry.o)
 *(.exceptions)
 .exceptions    0x01a800ec       0xc8 ../DE2_NIOS_HOST_MOUSE_VGA_bsp/\libhal_bsp.a(alt_irq_handler.o)
                0x01a800ec                alt_irq_handler
                0x01a801b4                PROVIDE (__ram_exceptions_end, ABSOLUTE (.))
                0x01a80020                PROVIDE (__flash_exceptions_start, LOADADDR (.exceptions))

.text           0x00800000    0x17ba8
                0x00800000                PROVIDE (stext, ABSOLUTE (.))
 *(.interp)
 *(.hash)
 *(.dynsym)
 *(.dynstr)
 *(.gnu.version)
 *(.gnu.version_d)
 *(.gnu.version_r)
 *(.rel.init)
 *(.rela.init)
 *(.rel.text .rel.text.* .rel.gnu.linkonce.t.*)
 *(.rela.text .rela.text.* .rela.gnu.linkonce.t.*)
 *(.rel.fini)
 *(.rela.fini)
 *(.rel.rodata .rel.rodata.* .rel.gnu.linkonce.r.*)
 *(.rela.rodata .rela.rodata.* .rela.gnu.linkonce.r.*)
 *(.rel.data .rel.data.* .rel.gnu.linkonce.d.*)
 *(.rela.data .rela.data.* .rela.gnu.linkonce.d.*)
 *(.rel.tdata .rel.tdata.* .rel.gnu.linkonce.td.*)
 *(.rela.tdata .rela.tdata.* .rela.gnu.linkonce.td.*)
 *(.rel.tbss .rel.tbss.* .rel.gnu.linkonce.tb.*)
 *(.rela.tbss .rela.tbss.* .rela.gnu.linkonce.tb.*)
 *(.rel.ctors)
 *(.rela.ctors)
 *(.rel.dtors)
 *(.rela.dtors)
 *(.rel.got)
 *(.rela.got)
 *(.rel.sdata .rel.sdata.* .rel.gnu.linkonce.s.*)
 *(.rela.sdata .rela.sdata.* .rela.gnu.linkonce.s.*)
 *(.rel.sbss .rel.sbss.* .rel.gnu.linkonce.sb.*)
 *(.rela.sbss .rela.sbss.* .rela.gnu.linkonce.sb.*)
 *(.rel.sdata2 .rel.sdata2.* .rel.gnu.linkonce.s2.*)
 *(.rela.sdata2 .rela.sdata2.* .rela.gnu.linkonce.s2.*)
 *(.rel.sbss2 .rel.sbss2.* .rel.gnu.linkonce.sb2.*)
 *(.rela.sbss2 .rela.sbss2.* .rela.gnu.linkonce.sb2.*)
 *(.rel.bss .rel.bss.* .rel.gnu.linkonce.b.*)
 *(.rela.bss .rela.bss.* .rela.gnu.linkonce.b.*)
 *(.rel.plt)
 *(.rela.plt)
 *(.rel.dyn)
 *(.init)
 *(.plt)
 *(.text .stub .text.* .gnu.linkonce.t.*)
 .text          0x00800000       0x48 ../DE2_NIOS_HOST_MOUSE_VGA_bsp//obj/HAL/src/crt0.o
                0x00800000                _start
 .text          0x00800048      0x9b8 obj/default/BUF_MAN.o
                0x00800048                Set_DirAddrLen
                0x008000c0                make_DirAddrLen
                0x00800128                direct_read
                0x008001d4                direct_write
                0x0080027c                read_atl
                0x00800318                write_atl
                0x008003b8                read_int
                0x00800454                write_int
                0x008004f4                read_ptl
                0x008005bc                write_ptl
                0x00800688                erase_all
                0x0080070c                set_all
                0x008007a0                random_read
                0x00800858                random_write
                0x00800914                see_buf
 .text          0x00800a00      0x204 obj/default/CHEEYU.o
                0x00800a00                convert_string
                0x00800abc                array_app
                0x00800b38                get16_bit
                0x00800ba4                read_key
 .text          0x00800c04     0x1130 obj/default/HAL4D13.o
                0x00800c04                Hal4D13_AcquireD13
                0x00800c40                Hal4D13_ResetDevice
                0x00800c6c                Hal4D13_GetDevConfig
                0x00800cac                Hal4D13_SetDevConfig
                0x00800cec                Hal4D13_SetMode
                0x00800d2c                Hal4D13_GetMode
                0x00800d78                Hal4D13_GetAddress
                0x00800dc4                Hal4D13_SetAddressEnable
                0x00800e34                Hal4D13_SoftConnect
                0x00800ecc                Hal4D13_AcknowledgeSETUP
                0x00800ef8                Hal4D13_ClearBuffer
                0x00800f2c                Hal4D13_ValidBuffer
                0x00800f60                Hal4D13_ReadEndpoint
                0x0080105c                Hal4D13_ReadBulkEndpoint
                0x00801158                Hal4D13_ReadEndpointWOClearBuffer
                0x00801254                Hal4D13_WriteEndpoint
                0x0080137c                Hal4D13_WriteBulkEndpoint
                0x0080146c                Hal4D13_GetIntEnable
                0x008014c8                Hal4D13_SetIntEnable
                0x00801538                Hal4D13_ReadInterruptRegister
                0x008015a8                Hal4D13_GetEndpointStatusWInteruptClear
                0x008015fc                Hal4D13_GetEndpointStatusWOInteruptClear
                0x00801650                Hal4D13_SetEndpointStatus
                0x008016b8                Hal4D13_SetDMAConfig
                0x008016f8                Hal4D13_GetDMAConfig
                0x00801738                Hal4D13_SetDMACounter
                0x00801778                Hal4D13_GetDMACounter
                0x008017b8                Hal4D13_GetDataFromChipRam
                0x008017f8                Hal4D13_SetDataToChipRam
                0x00801838                Hal4D13_ReadCurrentFrameNumber
                0x00801878                Hal4D13_LockDevice
                0x008018d4                Hal4D13_ReadChipID
                0x00801924                Hal4D13_GetErrorCode
                0x00801978                Hal4D13_GetEndpointConfig
                0x008019cc                Hal4D13_SetEndpointConfig
                0x00801a18                Hal4D13_UnconfigDevice
                0x00801a34                Hal4D13_ConfigDevice
                0x00801a50                Hal4D13_SingleTransmitEP0
                0x00801a98                Hal4D13_RegAccess
                0x00801c00                Hal4D13_StallEP0InControlWrite
                0x00801c3c                Hal4D13_StallEP0InControlRead
                0x00801c78                Hal4D13_IsSetupPktInvalid
                0x00801cb8                Write_HC_Config_Reg
                0x00801cf8                Read_HC_Config_Reg
 .text          0x00801d34      0x1ec obj/default/LCD.o
                0x00801d34                LCD_Init
                0x00801dd0                LCD_Show_Text
                0x00801e58                LCD_Line2
                0x00801e94                LCD_Test
 .text          0x00801f20      0x664 obj/default/MOUSE.o
                0x00801f20                maxmin
                0x00801f74                play_mouse
                0x0080225c                mouse
 .text          0x00802584      0x74c obj/default/PORT.o
                0x00802584                enable_port
                0x00802678                reset_usb
                0x008026c4                set_operational
                0x00802710                port_monitor
                0x00802934                check_ports
                0x00802a90                assign_address
 .text          0x00802cd0     0x1808 obj/default/PTD.o
                0x00802cd0                send_iso
                0x00802d14                error_recorder
                0x00802e30                addr_info
                0x0080306c                get_port_speed
                0x008030cc                set_port_speed
                0x00803150                poll
                0x0080318c                send_control
                0x00803308                send_int
                0x008033e4                full_ptd
                0x00803654                make_ptd
                0x008038c4                new_make_ptd
                0x00803b34                make_int_ptd
                0x00803dac                make_xbulk
                0x00803fc4                send_ptl
                0x00804044                ptl_ptd
                0x00804298                iso_ptd
 .text          0x008044d8      0x468 obj/default/REG.o
                0x008044d8                OneuSDelay
                0x00804520                uSDelay
                0x00804578                r32
                0x00804600                w32
                0x0080468c                r16
                0x008046e0                w16
                0x00804740                dc_r32
                0x008047d4                dc_w32
                0x00804874                dc_r16
                0x008048d0                dc_w16
 .text          0x00804940      0x2ec obj/default/SEG7.o
                0x00804940                SEG7_Clear
                0x0080499c                SEG7_Full
                0x00804a00                SEG7_Number
                0x00804a78                SEG7_Hex
                0x00804b48                SEG7_Decimal
 .text          0x00804c2c       0x64 obj/default/Test.o
                0x00804c2c                handle_button_interrupts
                0x00804c48                init_button_irq
                0x00804c64                basic_test
 .text          0x00804c90     0x17f4 obj/default/USB.o
                0x00804c90                device_info
                0x00804ddc                set_address
                0x00804f6c                set_config
                0x00805110                get_control_old
                0x00805918                get_control
                0x00806074                set_sound
                0x008062f0                set_interface
 .text          0x00806484      0x14c obj/default/VGA.o
                0x00806484                Set_Cursor_XY
                0x008064c8                Set_Cursor_Color
                0x00806520                Set_Pixel_On_Color
                0x00806578                Set_Pixel_Off_Color
 .text          0x008065d0       0xc0 obj/default/main.o
                0x008065d0                main
 .text          0x00806690       0x94 obj/default/usb_irq.o
                0x00806690                disable
                0x008066e0                enable
 .text          0x00806724      0x14c c:/altera/11.1/nios2eds/bin/gnu/h-i686-mingw32/bin/../lib/gcc/nios2-elf/4.1.2\libgcc.a(lib2-divmod.o)
                0x008067a0                __divsi3
                0x00806800                __modsi3
                0x00806860                __udivsi3
                0x00806868                __umodsi3
 .text          0x00806870       0x78 c:/altera/11.1/nios2eds/bin/gnu/h-i686-mingw32/bin/../lib/gcc/nios2-elf/4.1.2/../../../../nios2-elf/lib\libc.a(lib_a-printf.o)
                0x00806870                printf
                0x008068b4                _printf_r
 .text          0x008068e8       0xb4 c:/altera/11.1/nios2eds/bin/gnu/h-i686-mingw32/bin/../lib/gcc/nios2-elf/4.1.2/../../../../nios2-elf/lib\libc.a(lib_a-puts.o)
                0x008068e8                _puts_r
                0x00806988                puts
 .text          0x0080699c       0xd4 c:/altera/11.1/nios2eds/bin/gnu/h-i686-mingw32/bin/../lib/gcc/nios2-elf/4.1.2/../../../../nios2-elf/lib\libc.a(lib_a-sprintf.o)
                0x0080699c                sprintf
                0x00806a10                _sprintf_r
 .text          0x00806a70       0x74 c:/altera/11.1/nios2eds/bin/gnu/h-i686-mingw32/bin/../lib/gcc/nios2-elf/4.1.2/../../../../nios2-elf/lib\libc.a(lib_a-strlen.o)
                0x00806a70                strlen
 .text          0x00806ae4     0x1f28 c:/altera/11.1/nios2eds/bin/gnu/h-i686-mingw32/bin/../lib/gcc/nios2-elf/4.1.2/../../../../nios2-elf/lib\libc.a(lib_a-vfprintf.o)
                0x00806b3c                ___vfprintf_internal_r
                0x008089e8                __vfprintf_internal
 .text          0x00808a0c      0x13c c:/altera/11.1/nios2eds/bin/gnu/h-i686-mingw32/bin/../lib/gcc/nios2-elf/4.1.2/../../../../nios2-elf/lib\libc.a(lib_a-wsetup.o)
                0x00808a0c                __swsetup_r
 .text          0x00808b48     0x17cc c:/altera/11.1/nios2eds/bin/gnu/h-i686-mingw32/bin/../lib/gcc/nios2-elf/4.1.2/../../../../nios2-elf/lib\libc.a(lib_a-dtoa.o)
                0x00808d60                _dtoa_r
 .text          0x0080a314      0x230 c:/altera/11.1/nios2eds/bin/gnu/h-i686-mingw32/bin/../lib/gcc/nios2-elf/4.1.2/../../../../nios2-elf/lib\libc.a(lib_a-fflush.o)
                0x0080a314                _fflush_r
                0x0080a510                fflush
 .text          0x0080a544      0x2c0 c:/altera/11.1/nios2eds/bin/gnu/h-i686-mingw32/bin/../lib/gcc/nios2-elf/4.1.2/../../../../nios2-elf/lib\libc.a(lib_a-findfp.o)
                0x0080a59c                __sfp_lock_acquire
                0x0080a5a0                __sfp_lock_release
                0x0080a5a4                __sinit_lock_acquire
                0x0080a5a8                __sinit_lock_release
                0x0080a5ac                __sinit
                0x0080a660                __fp_unlock_all
                0x0080a678                __fp_lock_all
                0x0080a690                _cleanup_r
                0x0080a69c                _cleanup
                0x0080a6ac                __sfmoreglue
                0x0080a714                __sfp
 .text          0x0080a804      0x440 c:/altera/11.1/nios2eds/bin/gnu/h-i686-mingw32/bin/../lib/gcc/nios2-elf/4.1.2/../../../../nios2-elf/lib\libc.a(lib_a-freer.o)
                0x0080a804                _malloc_trim_r
                0x0080a930                _free_r
 .text          0x0080ac44      0x49c c:/altera/11.1/nios2eds/bin/gnu/h-i686-mingw32/bin/../lib/gcc/nios2-elf/4.1.2/../../../../nios2-elf/lib\libc.a(lib_a-fvwrite.o)
                0x0080ac44                __sfvwrite_r
 .text          0x0080b0e0      0x180 c:/altera/11.1/nios2eds/bin/gnu/h-i686-mingw32/bin/../lib/gcc/nios2-elf/4.1.2/../../../../nios2-elf/lib\libc.a(lib_a-fwalk.o)
                0x0080b0e0                _fwalk_reent
                0x0080b1a8                _fwalk
 .text          0x0080b260        0x0 c:/altera/11.1/nios2eds/bin/gnu/h-i686-mingw32/bin/../lib/gcc/nios2-elf/4.1.2/../../../../nios2-elf/lib\libc.a(lib_a-impure.o)
 .text          0x0080b260       0xc4 c:/altera/11.1/nios2eds/bin/gnu/h-i686-mingw32/bin/../lib/gcc/nios2-elf/4.1.2/../../../../nios2-elf/lib\libc.a(lib_a-locale.o)
                0x0080b260                __locale_charset
                0x0080b268                _localeconv_r
                0x0080b274                localeconv
                0x0080b284                _setlocale_r
                0x0080b308                setlocale
 .text          0x0080b324      0x194 c:/altera/11.1/nios2eds/bin/gnu/h-i686-mingw32/bin/../lib/gcc/nios2-elf/4.1.2/../../../../nios2-elf/lib\libc.a(lib_a-makebuf.o)
                0x0080b324                __smakebuf_r
 .text          0x0080b4b8      0x740 c:/altera/11.1/nios2eds/bin/gnu/h-i686-mingw32/bin/../lib/gcc/nios2-elf/4.1.2/../../../../nios2-elf/lib\libc.a(lib_a-mallocr.o)
                0x0080b4b8                _malloc_r
 .text          0x0080bbf8       0xe4 c:/altera/11.1/nios2eds/bin/gnu/h-i686-mingw32/bin/../lib/gcc/nios2-elf/4.1.2/../../../../nios2-elf/lib\libc.a(lib_a-memchr.o)
                0x0080bbf8                memchr
 .text          0x0080bcdc       0xa0 c:/altera/11.1/nios2eds/bin/gnu/h-i686-mingw32/bin/../lib/gcc/nios2-elf/4.1.2/../../../../nios2-elf/lib\libc.a(lib_a-memcpy.o)
                0x0080bcdc                memcpy
 .text          0x0080bd7c       0xe0 c:/altera/11.1/nios2eds/bin/gnu/h-i686-mingw32/bin/../lib/gcc/nios2-elf/4.1.2/../../../../nios2-elf/lib\libc.a(lib_a-memmove.o)
                0x0080bd7c                memmove
 .text          0x0080be5c       0x98 c:/altera/11.1/nios2eds/bin/gnu/h-i686-mingw32/bin/../lib/gcc/nios2-elf/4.1.2/../../../../nios2-elf/lib\libc.a(lib_a-memset.o)
                0x0080be5c                memset
 .text          0x0080bef4      0xff4 c:/altera/11.1/nios2eds/bin/gnu/h-i686-mingw32/bin/../lib/gcc/nios2-elf/4.1.2/../../../../nios2-elf/lib\libc.a(lib_a-mprec.o)
                0x0080bef4                _Bfree
                0x0080bf1c                __hi0bits
                0x0080bf8c                __lo0bits
                0x0080c050                __mcmp
                0x0080c0b0                __ulp
                0x0080c130                __b2d
                0x0080c250                __ratio
                0x0080c300                _mprec_log10
                0x0080c394                __copybits
                0x0080c3ec                __any_on
                0x0080c474                _Balloc
                0x0080c530                __d2b
                0x0080c6ac                __mdiff
                0x0080c838                __lshift
                0x0080c984                __multiply
                0x0080cb6c                __i2b
                0x0080cba8                __multadd
                0x0080cca8                __pow5mult
                0x0080cdc8                __s2b
 .text          0x0080cee8      0x5f4 c:/altera/11.1/nios2eds/bin/gnu/h-i686-mingw32/bin/../lib/gcc/nios2-elf/4.1.2/../../../../nios2-elf/lib\libc.a(lib_a-reallocr.o)
                0x0080cee8                _realloc_r
 .text          0x0080d4dc       0x40 c:/altera/11.1/nios2eds/bin/gnu/h-i686-mingw32/bin/../lib/gcc/nios2-elf/4.1.2/../../../../nios2-elf/lib\libc.a(lib_a-s_isinfd.o)
                0x0080d4dc                __isinfd
 .text          0x0080d51c       0x30 c:/altera/11.1/nios2eds/bin/gnu/h-i686-mingw32/bin/../lib/gcc/nios2-elf/4.1.2/../../../../nios2-elf/lib\libc.a(lib_a-s_isnand.o)
                0x0080d51c                __isnand
 .text          0x0080d54c       0x70 c:/altera/11.1/nios2eds/bin/gnu/h-i686-mingw32/bin/../lib/gcc/nios2-elf/4.1.2/../../../../nios2-elf/lib\libc.a(lib_a-sbrkr.o)
                0x0080d54c                _sbrk_r
 .text          0x0080d5bc      0x14c c:/altera/11.1/nios2eds/bin/gnu/h-i686-mingw32/bin/../lib/gcc/nios2-elf/4.1.2/../../../../nios2-elf/lib\libc.a(lib_a-stdio.o)
                0x0080d5bc                __sclose
                0x0080d5c4                __sseek
                0x0080d62c                __swrite
                0x0080d6a8                __sread
 .text          0x0080d708       0xbc c:/altera/11.1/nios2eds/bin/gnu/h-i686-mingw32/bin/../lib/gcc/nios2-elf/4.1.2/../../../../nios2-elf/lib\libc.a(lib_a-strcmp.o)
                0x0080d708                strcmp
 .text          0x0080d7c4       0x78 c:/altera/11.1/nios2eds/bin/gnu/h-i686-mingw32/bin/../lib/gcc/nios2-elf/4.1.2/../../../../nios2-elf/lib\libc.a(lib_a-writer.o)
                0x0080d7c4                _write_r
 .text          0x0080d83c       0xb4 c:/altera/11.1/nios2eds/bin/gnu/h-i686-mingw32/bin/../lib/gcc/nios2-elf/4.1.2/../../../../nios2-elf/lib\libc.a(lib_a-callocr.o)
                0x0080d83c                _calloc_r
 .text          0x0080d8f0       0x70 c:/altera/11.1/nios2eds/bin/gnu/h-i686-mingw32/bin/../lib/gcc/nios2-elf/4.1.2/../../../../nios2-elf/lib\libc.a(lib_a-closer.o)
                0x0080d8f0                _close_r
 .text          0x0080d960      0x124 c:/altera/11.1/nios2eds/bin/gnu/h-i686-mingw32/bin/../lib/gcc/nios2-elf/4.1.2/../../../../nios2-elf/lib\libc.a(lib_a-fclose.o)
                0x0080d960                _fclose_r
                0x0080da70                fclose
 .text          0x0080da84       0x74 c:/altera/11.1/nios2eds/bin/gnu/h-i686-mingw32/bin/../lib/gcc/nios2-elf/4.1.2/../../../../nios2-elf/lib\libc.a(lib_a-fstatr.o)
                0x0080da84                _fstat_r
 .text          0x0080daf8        0x0 c:/altera/11.1/nios2eds/bin/gnu/h-i686-mingw32/bin/../lib/gcc/nios2-elf/4.1.2/../../../../nios2-elf/lib\libc.a(lib_a-int_errno.o)
 .text          0x0080daf8       0x70 c:/altera/11.1/nios2eds/bin/gnu/h-i686-mingw32/bin/../lib/gcc/nios2-elf/4.1.2/../../../../nios2-elf/lib\libc.a(lib_a-isattyr.o)
                0x0080daf8                _isatty_r
 .text          0x0080db68       0x78 c:/altera/11.1/nios2eds/bin/gnu/h-i686-mingw32/bin/../lib/gcc/nios2-elf/4.1.2/../../../../nios2-elf/lib\libc.a(lib_a-lseekr.o)
                0x0080db68                _lseek_r
 .text          0x0080dbe0       0x78 c:/altera/11.1/nios2eds/bin/gnu/h-i686-mingw32/bin/../lib/gcc/nios2-elf/4.1.2/../../../../nios2-elf/lib\libc.a(lib_a-readr.o)
                0x0080dbe0                _read_r
 .text          0x0080dc58      0x5dc c:/altera/11.1/nios2eds/bin/gnu/h-i686-mingw32/bin/../lib/gcc/nios2-elf/4.1.2\libgcc.a(_udivdi3.o)
                0x0080dc58                __udivdi3
 .text          0x0080e234      0x5b0 c:/altera/11.1/nios2eds/bin/gnu/h-i686-mingw32/bin/../lib/gcc/nios2-elf/4.1.2\libgcc.a(_umoddi3.o)
                0x0080e234                __umoddi3
 .text          0x0080e7e4      0x504 c:/altera/11.1/nios2eds/bin/gnu/h-i686-mingw32/bin/../lib/gcc/nios2-elf/4.1.2\libgcc.a(_addsub_df.o)
                0x0080ebf4                __subdf3
                0x0080ec74                __adddf3
 .text          0x0080ece8      0x3c4 c:/altera/11.1/nios2eds/bin/gnu/h-i686-mingw32/bin/../lib/gcc/nios2-elf/4.1.2\libgcc.a(_mul_df.o)
                0x0080ece8                __muldf3
 .text          0x0080f0ac      0x258 c:/altera/11.1/nios2eds/bin/gnu/h-i686-mingw32/bin/../lib/gcc/nios2-elf/4.1.2\libgcc.a(_div_df.o)
                0x0080f0ac                __divdf3
 .text          0x0080f304       0x88 c:/altera/11.1/nios2eds/bin/gnu/h-i686-mingw32/bin/../lib/gcc/nios2-elf/4.1.2\libgcc.a(_eq_df.o)
                0x0080f304                __eqdf2
 .text          0x0080f38c       0x88 c:/altera/11.1/nios2eds/bin/gnu/h-i686-mingw32/bin/../lib/gcc/nios2-elf/4.1.2\libgcc.a(_ne_df.o)
                0x0080f38c                __nedf2
 .text          0x0080f414       0x88 c:/altera/11.1/nios2eds/bin/gnu/h-i686-mingw32/bin/../lib/gcc/nios2-elf/4.1.2\libgcc.a(_gt_df.o)
                0x0080f414                __gtdf2
 .text          0x0080f49c       0x88 c:/altera/11.1/nios2eds/bin/gnu/h-i686-mingw32/bin/../lib/gcc/nios2-elf/4.1.2\libgcc.a(_ge_df.o)
                0x0080f49c                __gedf2
 .text          0x0080f524       0x88 c:/altera/11.1/nios2eds/bin/gnu/h-i686-mingw32/bin/../lib/gcc/nios2-elf/4.1.2\libgcc.a(_lt_df.o)
                0x0080f524                __ltdf2
 .text          0x0080f5ac       0xf8 c:/altera/11.1/nios2eds/bin/gnu/h-i686-mingw32/bin/../lib/gcc/nios2-elf/4.1.2\libgcc.a(_si_to_df.o)
                0x0080f5ac                __floatsidf
 .text          0x0080f6a4       0xd8 c:/altera/11.1/nios2eds/bin/gnu/h-i686-mingw32/bin/../lib/gcc/nios2-elf/4.1.2\libgcc.a(_df_to_si.o)
                0x0080f6a4                __fixdfsi
 .text          0x0080f77c        0x0 c:/altera/11.1/nios2eds/bin/gnu/h-i686-mingw32/bin/../lib/gcc/nios2-elf/4.1.2\libgcc.a(_thenan_df.o)
 .text          0x0080f77c      0x194 c:/altera/11.1/nios2eds/bin/gnu/h-i686-mingw32/bin/../lib/gcc/nios2-elf/4.1.2\libgcc.a(_usi_to_df.o)
                0x0080f77c                __floatunsidf
 .text          0x0080f910       0x98 c:/altera/11.1/nios2eds/bin/gnu/h-i686-mingw32/bin/../lib/gcc/nios2-elf/4.1.2\libgcc.a(_muldi3.o)
                0x0080f910                __muldi3
 .text          0x0080f9a8        0x0 c:/altera/11.1/nios2eds/bin/gnu/h-i686-mingw32/bin/../lib/gcc/nios2-elf/4.1.2\libgcc.a(_clz.o)
 .text          0x0080f9a8       0x80 c:/altera/11.1/nios2eds/bin/gnu/h-i686-mingw32/bin/../lib/gcc/nios2-elf/4.1.2\libgcc.a(_clzsi2.o)
                0x0080f9a8                __clzsi2
 .text          0x0080fa28      0x314 c:/altera/11.1/nios2eds/bin/gnu/h-i686-mingw32/bin/../lib/gcc/nios2-elf/4.1.2\libgcc.a(_pack_df.o)
                0x0080fa28                __pack_d
 .text          0x0080fd3c      0x138 c:/altera/11.1/nios2eds/bin/gnu/h-i686-mingw32/bin/../lib/gcc/nios2-elf/4.1.2\libgcc.a(_unpack_df.o)
                0x0080fd3c                __unpack_d
 .text          0x0080fe74       0xc8 c:/altera/11.1/nios2eds/bin/gnu/h-i686-mingw32/bin/../lib/gcc/nios2-elf/4.1.2\libgcc.a(_fpcmp_parts_df.o)
                0x0080fe74                __fpcmp_parts_d
 .text          0x0080ff3c      0x15c ../DE2_NIOS_HOST_MOUSE_VGA_bsp/\libhal_bsp.a(alt_close.o)
                0x0080ff3c                close
 .text          0x00810098       0x2c ../DE2_NIOS_HOST_MOUSE_VGA_bsp/\libhal_bsp.a(alt_dev.o)
 .text          0x008100c4        0x0 ../DE2_NIOS_HOST_MOUSE_VGA_bsp/\libhal_bsp.a(alt_errno.o)
 .text          0x008100c4      0x134 ../DE2_NIOS_HOST_MOUSE_VGA_bsp/\libhal_bsp.a(alt_fstat.o)
                0x008100c4                fstat
 .text          0x008101f8      0x1c0 ../DE2_NIOS_HOST_MOUSE_VGA_bsp/\libhal_bsp.a(alt_irq_register.o)
                0x008101f8                alt_irq_register
 .text          0x008103b8        0x0 ../DE2_NIOS_HOST_MOUSE_VGA_bsp/\libhal_bsp.a(alt_irq_vars.o)
 .text          0x008103b8      0x120 ../DE2_NIOS_HOST_MOUSE_VGA_bsp/\libhal_bsp.a(alt_isatty.o)
                0x008103b8                isatty
 .text          0x008104d8      0x150 ../DE2_NIOS_HOST_MOUSE_VGA_bsp/\libhal_bsp.a(alt_lseek.o)
                0x008104d8                lseek
 .text          0x00810628       0x6c ../DE2_NIOS_HOST_MOUSE_VGA_bsp/\libhal_bsp.a(alt_main.o)
                0x00810628                alt_main
 .text          0x00810694       0x40 ../DE2_NIOS_HOST_MOUSE_VGA_bsp/\libhal_bsp.a(alt_malloc_lock.o)
                0x00810694                __malloc_lock
                0x008106b4                __malloc_unlock
 .text          0x008106d4      0x180 ../DE2_NIOS_HOST_MOUSE_VGA_bsp/\libhal_bsp.a(alt_read.o)
                0x008106d4                read
 .text          0x00810854       0x60 ../DE2_NIOS_HOST_MOUSE_VGA_bsp/\libhal_bsp.a(alt_release_fd.o)
                0x00810854                alt_release_fd
 .text          0x008108b4       0xbc ../DE2_NIOS_HOST_MOUSE_VGA_bsp/\libhal_bsp.a(alt_sbrk.o)
                0x008108b4                sbrk
 .text          0x00810970       0x30 ../DE2_NIOS_HOST_MOUSE_VGA_bsp/\libhal_bsp.a(alt_usleep.o)
                0x00810970                usleep
 .text          0x008109a0      0x180 ../DE2_NIOS_HOST_MOUSE_VGA_bsp/\libhal_bsp.a(alt_write.o)
                0x008109a0                write
 .text          0x00810b20      0x118 ../DE2_NIOS_HOST_MOUSE_VGA_bsp/\libhal_bsp.a(alt_sys_init.o)
                0x00810b20                alt_irq_init
                0x00810b54                alt_sys_init
 .text          0x00810c38      0x8c8 ../DE2_NIOS_HOST_MOUSE_VGA_bsp/\libhal_bsp.a(altera_avalon_cfi_flash.o)
                0x00810c38                alt_flash_cfi_init
                0x00810d0c                alt_flash_cfi_write
                0x00810fcc                alt_flash_cfi_get_info
                0x0081105c                alt_flash_cfi_read
                0x008110c4                alt_write_value_to_flash
                0x00811228                alt_flash_program_block
 .text          0x00811500     0x1448 ../DE2_NIOS_HOST_MOUSE_VGA_bsp/\libhal_bsp.a(altera_avalon_cfi_flash_table.o)
                0x00811500                alt_read_query_entry_8bit
                0x00811540                alt_read_query_entry_16bit
                0x00811584                alt_read_query_entry_32bit
                0x008115cc                alt_write_flash_command_8bit_device_8bit_mode
                0x00811608                alt_write_flash_command_16bit_device_8bit_mode
                0x00811684                alt_write_flash_command_32bit_device_8bit_mode
                0x008116cc                alt_write_flash_command_16bit_device_16bit_mode
                0x00811710                alt_write_flash_command_32bit_device_16bit_mode
                0x00811758                alt_write_flash_command_32bit_device_32bit_mode
                0x008117a0                alt_write_native_8bit
                0x008117d4                alt_write_native_16bit
                0x00811808                alt_write_native_32bit
                0x00811838                alt_set_flash_width_func
                0x00811a18                alt_set_flash_algorithm_func
                0x00811b40                alt_read_cfi_table
                0x008120c0                alt_read_cfi_width
                0x0081286c                alt_check_primary_table
 .text          0x00812948      0x934 ../DE2_NIOS_HOST_MOUSE_VGA_bsp/\libhal_bsp.a(altera_avalon_epcs_flash_controller.o)
                0x00812948                alt_epcs_flash_init
                0x00812cc8                alt_epcs_flash_write
                0x00812f48                alt_epcs_flash_get_info
                0x00812fd8                alt_epcs_flash_erase_block
                0x008130e0                alt_epcs_flash_write_block
                0x008131f0                alt_epcs_flash_read
 .text          0x0081327c      0x148 ../DE2_NIOS_HOST_MOUSE_VGA_bsp/\libhal_bsp.a(altera_avalon_jtag_uart_fd.o)
                0x0081327c                altera_avalon_jtag_uart_read_fd
                0x008132d4                altera_avalon_jtag_uart_write_fd
                0x0081332c                altera_avalon_jtag_uart_close_fd
                0x00813374                altera_avalon_jtag_uart_ioctl_fd
 .text          0x008133c4      0x40c ../DE2_NIOS_HOST_MOUSE_VGA_bsp/\libhal_bsp.a(altera_avalon_jtag_uart_init.o)
                0x008133c4                altera_avalon_jtag_uart_init
                0x0081375c                altera_avalon_jtag_uart_close
 .text          0x008137d0       0xf4 ../DE2_NIOS_HOST_MOUSE_VGA_bsp/\libhal_bsp.a(altera_avalon_jtag_uart_ioctl.o)
                0x008137d0                altera_avalon_jtag_uart_ioctl
 .text          0x008138c4      0x224 ../DE2_NIOS_HOST_MOUSE_VGA_bsp/\libhal_bsp.a(altera_avalon_jtag_uart_read.o)
                0x008138c4                altera_avalon_jtag_uart_read
 .text          0x00813ae8      0x240 ../DE2_NIOS_HOST_MOUSE_VGA_bsp/\libhal_bsp.a(altera_avalon_jtag_uart_write.o)
                0x00813ae8                altera_avalon_jtag_uart_write
 .text          0x00813d28      0xee8 ../DE2_NIOS_HOST_MOUSE_VGA_bsp/\libhal_bsp.a(altera_avalon_lcd_16207.o)
                0x008144fc                altera_avalon_lcd_16207_write
                0x00814ad4                altera_avalon_lcd_16207_init
 .text          0x00814c10       0x58 ../DE2_NIOS_HOST_MOUSE_VGA_bsp/\libhal_bsp.a(altera_avalon_lcd_16207_fd.o)
                0x00814c10                altera_avalon_lcd_16207_write_fd
 .text          0x00814c68      0x100 ../DE2_NIOS_HOST_MOUSE_VGA_bsp/\libhal_bsp.a(altera_avalon_timer_sc.o)
                0x00814cd8                alt_avalon_timer_sc_init
 .text          0x00814d68       0xf8 ../DE2_NIOS_HOST_MOUSE_VGA_bsp/\libhal_bsp.a(altera_avalon_uart_fd.o)
                0x00814d68                altera_avalon_uart_read_fd
                0x00814dc0                altera_avalon_uart_write_fd
                0x00814e18                altera_avalon_uart_close_fd
 .text          0x00814e60      0x400 ../DE2_NIOS_HOST_MOUSE_VGA_bsp/\libhal_bsp.a(altera_avalon_uart_init.o)
                0x00814e60                altera_avalon_uart_init
                0x00815200                altera_avalon_uart_close
 .text          0x00815260      0x290 ../DE2_NIOS_HOST_MOUSE_VGA_bsp/\libhal_bsp.a(altera_avalon_uart_read.o)
                0x00815260                altera_avalon_uart_read
 .text          0x008154f0      0x228 ../DE2_NIOS_HOST_MOUSE_VGA_bsp/\libhal_bsp.a(altera_avalon_uart_write.o)
                0x008154f0                altera_avalon_uart_write
 .text          0x00815718      0x460 ../DE2_NIOS_HOST_MOUSE_VGA_bsp/\libhal_bsp.a(epcs_commands.o)
                0x00815718                epcs_read_status_register
                0x00815778                epcs_sector_erase
                0x00815864                epcs_read_buffer
                0x00815918                epcs_write_enable
                0x00815968                epcs_write_status_register
                0x008159cc                epcs_write_buffer
                0x00815aa4                epcs_read_electronic_signature
                0x00815b10                epcs_read_device_id
 .text          0x00815b78      0x154 ../DE2_NIOS_HOST_MOUSE_VGA_bsp/\libhal_bsp.a(alt_alarm_start.o)
                0x00815b78                alt_alarm_start
 .text          0x00815ccc      0x14c ../DE2_NIOS_HOST_MOUSE_VGA_bsp/\libhal_bsp.a(alt_busy_sleep.o)
                0x00815ccc                alt_busy_sleep
 .text          0x00815e18       0x78 ../DE2_NIOS_HOST_MOUSE_VGA_bsp/\libhal_bsp.a(alt_dcache_flush.o)
                0x00815e18                alt_dcache_flush
 .text          0x00815e90      0x114 ../DE2_NIOS_HOST_MOUSE_VGA_bsp/\libhal_bsp.a(alt_dev_llist_insert.o)
                0x00815e90                alt_dev_llist_insert
 .text          0x00815fa4       0x64 ../DE2_NIOS_HOST_MOUSE_VGA_bsp/\libhal_bsp.a(alt_do_ctors.o)
                0x00815fa4                _do_ctors
 .text          0x00816008       0x64 ../DE2_NIOS_HOST_MOUSE_VGA_bsp/\libhal_bsp.a(alt_do_dtors.o)
                0x00816008                _do_dtors
 .text          0x0081606c       0xd0 ../DE2_NIOS_HOST_MOUSE_VGA_bsp/\libhal_bsp.a(alt_flash_dev.o)
                0x0081606c                alt_flash_open_dev
                0x008160e8                alt_flash_close_dev
 .text          0x0081613c      0x1d4 ../DE2_NIOS_HOST_MOUSE_VGA_bsp/\libhal_bsp.a(alt_iic.o)
                0x0081613c                alt_ic_isr_register
                0x0081618c                alt_ic_irq_enable
                0x00816228                alt_ic_irq_disable
                0x008162c8                alt_ic_irq_enabled
 .text          0x00816310       0xf8 ../DE2_NIOS_HOST_MOUSE_VGA_bsp/\libhal_bsp.a(alt_iic_isr_register.o)
                0x00816310                alt_iic_isr_register
 .text          0x00816408      0x13c ../DE2_NIOS_HOST_MOUSE_VGA_bsp/\libhal_bsp.a(alt_io_redirect.o)
                0x008164cc                alt_io_redirect
 .text          0x00816544        0x0 ../DE2_NIOS_HOST_MOUSE_VGA_bsp/\libhal_bsp.a(alt_irq_entry.o)
 .text          0x00816544        0x0 ../DE2_NIOS_HOST_MOUSE_VGA_bsp/\libhal_bsp.a(alt_irq_handler.o)
 .text          0x00816544      0x2c4 ../DE2_NIOS_HOST_MOUSE_VGA_bsp/\libhal_bsp.a(alt_open.o)
                0x00816620                open
 .text          0x00816808      0x1a4 ../DE2_NIOS_HOST_MOUSE_VGA_bsp/\libhal_bsp.a(alt_tick.o)
                0x00816808                alt_alarm_stop
                0x008168a0                alt_tick
 .text          0x008169ac       0x20 ../DE2_NIOS_HOST_MOUSE_VGA_bsp/\libhal_bsp.a(altera_nios2_qsys_irq.o)
                0x008169ac                altera_nios2_qsys_irq_init
 .text          0x008169cc      0x460 ../DE2_NIOS_HOST_MOUSE_VGA_bsp/\libhal_bsp.a(altera_avalon_cfi_flash_amd.o)
                0x008169cc                alt_program_amd
                0x00816a34                alt_erase_block_amd
 .text          0x00816e2c      0x460 ../DE2_NIOS_HOST_MOUSE_VGA_bsp/\libhal_bsp.a(altera_avalon_cfi_flash_intel.o)
                0x00816e2c                alt_program_intel
                0x00816eb0                alt_erase_block_intel
 .text          0x0081728c      0x238 ../DE2_NIOS_HOST_MOUSE_VGA_bsp/\libhal_bsp.a(altera_avalon_spi.o)
                0x0081728c                alt_avalon_spi_command
 .text          0x008174c4        0x0 ../DE2_NIOS_HOST_MOUSE_VGA_bsp/\libhal_bsp.a(alt_exception_entry.o)
 .text          0x008174c4       0x94 ../DE2_NIOS_HOST_MOUSE_VGA_bsp/\libhal_bsp.a(alt_find_dev.o)
                0x008174c4                alt_find_dev
 .text          0x00817558      0x120 ../DE2_NIOS_HOST_MOUSE_VGA_bsp/\libhal_bsp.a(alt_find_file.o)
                0x00817558                alt_find_file
 .text          0x00817678       0xb8 ../DE2_NIOS_HOST_MOUSE_VGA_bsp/\libhal_bsp.a(alt_get_fd.o)
                0x00817678                alt_get_fd
 .text          0x00817730       0x14 c:/altera/11.1/nios2eds/bin/gnu/h-i686-mingw32/bin/../lib/gcc/nios2-elf/4.1.2/../../../../nios2-elf/lib\libc.a(lib_a-atexit.o)
                0x00817730                atexit
 .text          0x00817744        0x0 c:/altera/11.1/nios2eds/bin/gnu/h-i686-mingw32/bin/../lib/gcc/nios2-elf/4.1.2/../../../../nios2-elf/lib\libc.a(lib_a-ctype_.o)
 .text          0x00817744       0x38 c:/altera/11.1/nios2eds/bin/gnu/h-i686-mingw32/bin/../lib/gcc/nios2-elf/4.1.2/../../../../nios2-elf/lib\libc.a(lib_a-exit.o)
                0x00817744                exit
 .text          0x0081777c       0x74 c:/altera/11.1/nios2eds/bin/gnu/h-i686-mingw32/bin/../lib/gcc/nios2-elf/4.1.2/../../../../nios2-elf/lib\libc.a(lib_a-memcmp.o)
                0x0081777c                memcmp
 .text          0x008177f0      0x134 c:/altera/11.1/nios2eds/bin/gnu/h-i686-mingw32/bin/../lib/gcc/nios2-elf/4.1.2/../../../../nios2-elf/lib\libc.a(lib_a-__atexit.o)
                0x008177f0                __register_exitproc
 .text          0x00817924      0x1b4 c:/altera/11.1/nios2eds/bin/gnu/h-i686-mingw32/bin/../lib/gcc/nios2-elf/4.1.2/../../../../nios2-elf/lib\libc.a(lib_a-__call_atexit.o)
                0x00817928                __call_exitprocs
 .text          0x00817ad8       0x60 ../DE2_NIOS_HOST_MOUSE_VGA_bsp/\libhal_bsp.a(alt_exit.o)
                0x00817b18                _exit
 *(.gnu.warning.*)
 *(.fini)
                0x00817b38                PROVIDE (__etext, ABSOLUTE (.))
                0x00817b38                PROVIDE (_etext, ABSOLUTE (.))
                0x00817b38                PROVIDE (etext, ABSOLUTE (.))
 *(.eh_frame_hdr)
                0x00817b38                . = ALIGN (0x4)
                0x00817b38                PROVIDE (__preinit_array_start, ABSOLUTE (.))
 *(.preinit_array)
                0x00817b38                PROVIDE (__preinit_array_end, ABSOLUTE (.))
                0x00817b38                PROVIDE (__init_array_start, ABSOLUTE (.))
 *(.init_array)
                0x00817b38                PROVIDE (__init_array_end, ABSOLUTE (.))
                0x00817b38                PROVIDE (__fini_array_start, ABSOLUTE (.))
 *(.fini_array)
                0x00817b38                PROVIDE (__fini_array_end, ABSOLUTE (.))
 *(.eh_frame)
 .eh_frame      0x00817b38       0x40 c:/altera/11.1/nios2eds/bin/gnu/h-i686-mingw32/bin/../lib/gcc/nios2-elf/4.1.2\libgcc.a(_udivdi3.o)
 .eh_frame      0x00817b78       0x2c c:/altera/11.1/nios2eds/bin/gnu/h-i686-mingw32/bin/../lib/gcc/nios2-elf/4.1.2\libgcc.a(_umoddi3.o)
                                 0x40 (size before relaxing)
 *(.gcc_except_table)
 *(.dynamic)
                0x00817ba4                PROVIDE (__CTOR_LIST__, ABSOLUTE (.))
 *(.ctors)
 *(SORT(.ctors.*))
 .ctors.65535   0x00817ba4        0x4 c:/altera/11.1/nios2eds/bin/gnu/h-i686-mingw32/bin/../lib/gcc/nios2-elf/4.1.2/../../../../nios2-elf/lib\libc.a(lib_a-__call_atexit.o)
                0x00817ba8                PROVIDE (__CTOR_END__, ABSOLUTE (.))
                0x00817ba8                PROVIDE (__DTOR_LIST__, ABSOLUTE (.))
 *(.dtors)
 *(SORT(.dtors.*))
                0x00817ba8                PROVIDE (__DTOR_END__, ABSOLUTE (.))
 *(.jcr)
                0x00817ba8                . = ALIGN (0x4)

.rodata         0x00817ba8      0xcb4
                0x00817ba8                PROVIDE (__ram_rodata_start, ABSOLUTE (.))
                0x00817ba8                . = ALIGN (0x4)
 *(.rodata .rodata.* .gnu.linkonce.r.*)
 .rodata        0x00817ba8       0x68 obj/default/BUF_MAN.o
 .rodata        0x00817c10        0x4 obj/default/CHEEYU.o
 .rodata        0x00817c14      0x140 obj/default/HAL4D13.o
 .rodata        0x00817d54       0x28 obj/default/LCD.o
 .rodata        0x00817d7c       0x44 obj/default/MOUSE.o
 .rodata        0x00817dc0      0x3c8 obj/default/PORT.o
 .rodata        0x00818188       0x68 obj/default/PTD.o
 .rodata        0x008181f0       0x60 obj/default/USB.o
 .rodata.str1.4
                0x00818250        0x2 c:/altera/11.1/nios2eds/bin/gnu/h-i686-mingw32/bin/../lib/gcc/nios2-elf/4.1.2/../../../../nios2-elf/lib\libc.a(lib_a-puts.o)
                                  0x4 (size before relaxing)
 *fill*         0x00818252        0x2 00
 .rodata.str1.4
                0x00818254       0x5e c:/altera/11.1/nios2eds/bin/gnu/h-i686-mingw32/bin/../lib/gcc/nios2-elf/4.1.2/../../../../nios2-elf/lib\libc.a(lib_a-vfprintf.o)
                                 0x60 (size before relaxing)
 .rodata        0x008182b2       0x20 c:/altera/11.1/nios2eds/bin/gnu/h-i686-mingw32/bin/../lib/gcc/nios2-elf/4.1.2/../../../../nios2-elf/lib\libc.a(lib_a-vfprintf.o)
 *fill*         0x008182d2        0x2 00
 .rodata.str1.4
                0x008182d4       0x10 c:/altera/11.1/nios2eds/bin/gnu/h-i686-mingw32/bin/../lib/gcc/nios2-elf/4.1.2/../../../../nios2-elf/lib\libc.a(lib_a-dtoa.o)
                                 0x14 (size before relaxing)
 .rodata.str1.4
                0x008182e4        0x2 c:/altera/11.1/nios2eds/bin/gnu/h-i686-mingw32/bin/../lib/gcc/nios2-elf/4.1.2/../../../../nios2-elf/lib\libc.a(lib_a-impure.o)
                                  0x4 (size before relaxing)
 *fill*         0x008182e6        0x2 00
 .rodata.str1.4
                0x008182e8       0x10 c:/altera/11.1/nios2eds/bin/gnu/h-i686-mingw32/bin/../lib/gcc/nios2-elf/4.1.2/../../../../nios2-elf/lib\libc.a(lib_a-locale.o)
                                 0x18 (size before relaxing)
 .rodata        0x008182f8       0x30 c:/altera/11.1/nios2eds/bin/gnu/h-i686-mingw32/bin/../lib/gcc/nios2-elf/4.1.2/../../../../nios2-elf/lib\libc.a(lib_a-locale.o)
 .rodata        0x00818328      0x124 c:/altera/11.1/nios2eds/bin/gnu/h-i686-mingw32/bin/../lib/gcc/nios2-elf/4.1.2/../../../../nios2-elf/lib\libc.a(lib_a-mprec.o)
                0x00818328                __mprec_tens
                0x008183f0                __mprec_bigtens
                0x00818418                __mprec_tinytens
 .rodata        0x0081844c       0x14 c:/altera/11.1/nios2eds/bin/gnu/h-i686-mingw32/bin/../lib/gcc/nios2-elf/4.1.2\libgcc.a(_thenan_df.o)
                0x0081844c                __thenan_df
 .rodata        0x00818460      0x100 c:/altera/11.1/nios2eds/bin/gnu/h-i686-mingw32/bin/../lib/gcc/nios2-elf/4.1.2\libgcc.a(_clz.o)
                0x00818460                __clz_tab
 .rodata        0x00818560        0xc ../DE2_NIOS_HOST_MOUSE_VGA_bsp/\libhal_bsp.a(alt_dev.o)
 .rodata        0x0081856c       0x14 ../DE2_NIOS_HOST_MOUSE_VGA_bsp/\libhal_bsp.a(alt_main.o)
 .rodata        0x00818580       0x58 ../DE2_NIOS_HOST_MOUSE_VGA_bsp/\libhal_bsp.a(alt_sys_init.o)
 .rodata        0x008185d8      0x281 c:/altera/11.1/nios2eds/bin/gnu/h-i686-mingw32/bin/../lib/gcc/nios2-elf/4.1.2/../../../../nios2-elf/lib\libc.a(lib_a-ctype_.o)
                0x008185d8                _ctype_
 *(.rodata1)
                0x0081885c                . = ALIGN (0x4)
 *fill*         0x00818859        0x3 00
                0x0081885c                PROVIDE (__ram_rodata_end, ABSOLUTE (.))
                0x00817ba8                PROVIDE (__flash_rodata_start, LOADADDR (.rodata))

.rwdata         0x0081885c     0x1e08
                0x0081885c                PROVIDE (__ram_rwdata_start, ABSOLUTE (.))
                0x0081885c                . = ALIGN (0x4)
 *(.got.plt)
 *(.got)
 *(.data1)
 *(.data .data.* .gnu.linkonce.d.*)
 .data          0x0081885c        0x0 ../DE2_NIOS_HOST_MOUSE_VGA_bsp//obj/HAL/src/crt0.o
 .data          0x0081885c        0x0 obj/default/BUF_MAN.o
 .data          0x0081885c        0x0 obj/default/CHEEYU.o
 .data          0x0081885c        0x0 obj/default/HAL4D13.o
 .data          0x0081885c        0x0 obj/default/LCD.o
 .data          0x0081885c        0x0 obj/default/MOUSE.o
 .data          0x0081885c        0x0 obj/default/PORT.o
 .data          0x0081885c        0x0 obj/default/PTD.o
 .data          0x0081885c        0x0 obj/default/REG.o
 .data          0x0081885c       0x10 obj/default/SEG7.o
 .data          0x0081886c        0x0 obj/default/Test.o
 .data          0x0081886c        0x0 obj/default/USB.o
 .data          0x0081886c        0x0 obj/default/VGA.o
 .data          0x0081886c        0x0 obj/default/main.o
 .data          0x0081886c        0x0 obj/default/usb_irq.o
 .data          0x0081886c        0x0 c:/altera/11.1/nios2eds/bin/gnu/h-i686-mingw32/bin/../lib/gcc/nios2-elf/4.1.2\libgcc.a(lib2-divmod.o)
 .data          0x0081886c        0x0 c:/altera/11.1/nios2eds/bin/gnu/h-i686-mingw32/bin/../lib/gcc/nios2-elf/4.1.2/../../../../nios2-elf/lib\libc.a(lib_a-printf.o)
 .data          0x0081886c        0x0 c:/altera/11.1/nios2eds/bin/gnu/h-i686-mingw32/bin/../lib/gcc/nios2-elf/4.1.2/../../../../nios2-elf/lib\libc.a(lib_a-puts.o)
 .data          0x0081886c        0x0 c:/altera/11.1/nios2eds/bin/gnu/h-i686-mingw32/bin/../lib/gcc/nios2-elf/4.1.2/../../../../nios2-elf/lib\libc.a(lib_a-sprintf.o)
 .data          0x0081886c        0x0 c:/altera/11.1/nios2eds/bin/gnu/h-i686-mingw32/bin/../lib/gcc/nios2-elf/4.1.2/../../../../nios2-elf/lib\libc.a(lib_a-strlen.o)
 .data          0x0081886c        0x0 c:/altera/11.1/nios2eds/bin/gnu/h-i686-mingw32/bin/../lib/gcc/nios2-elf/4.1.2/../../../../nios2-elf/lib\libc.a(lib_a-vfprintf.o)
 .data          0x0081886c        0x0 c:/altera/11.1/nios2eds/bin/gnu/h-i686-mingw32/bin/../lib/gcc/nios2-elf/4.1.2/../../../../nios2-elf/lib\libc.a(lib_a-wsetup.o)
 .data          0x0081886c        0x0 c:/altera/11.1/nios2eds/bin/gnu/h-i686-mingw32/bin/../lib/gcc/nios2-elf/4.1.2/../../../../nios2-elf/lib\libc.a(lib_a-dtoa.o)
 .data          0x0081886c        0x0 c:/altera/11.1/nios2eds/bin/gnu/h-i686-mingw32/bin/../lib/gcc/nios2-elf/4.1.2/../../../../nios2-elf/lib\libc.a(lib_a-fflush.o)
 .data          0x0081886c        0x0 c:/altera/11.1/nios2eds/bin/gnu/h-i686-mingw32/bin/../lib/gcc/nios2-elf/4.1.2/../../../../nios2-elf/lib\libc.a(lib_a-findfp.o)
 .data          0x0081886c        0x0 c:/altera/11.1/nios2eds/bin/gnu/h-i686-mingw32/bin/../lib/gcc/nios2-elf/4.1.2/../../../../nios2-elf/lib\libc.a(lib_a-freer.o)
 .data          0x0081886c        0x0 c:/altera/11.1/nios2eds/bin/gnu/h-i686-mingw32/bin/../lib/gcc/nios2-elf/4.1.2/../../../../nios2-elf/lib\libc.a(lib_a-fvwrite.o)
 .data          0x0081886c        0x0 c:/altera/11.1/nios2eds/bin/gnu/h-i686-mingw32/bin/../lib/gcc/nios2-elf/4.1.2/../../../../nios2-elf/lib\libc.a(lib_a-fwalk.o)
 .data          0x0081886c      0x400 c:/altera/11.1/nios2eds/bin/gnu/h-i686-mingw32/bin/../lib/gcc/nios2-elf/4.1.2/../../../../nios2-elf/lib\libc.a(lib_a-impure.o)
 .data          0x00818c6c        0xc c:/altera/11.1/nios2eds/bin/gnu/h-i686-mingw32/bin/../lib/gcc/nios2-elf/4.1.2/../../../../nios2-elf/lib\libc.a(lib_a-locale.o)
                0x00818c6c                __lc_ctype
 .data          0x00818c78        0x0 c:/altera/11.1/nios2eds/bin/gnu/h-i686-mingw32/bin/../lib/gcc/nios2-elf/4.1.2/../../../../nios2-elf/lib\libc.a(lib_a-makebuf.o)
 .data          0x00818c78      0x408 c:/altera/11.1/nios2eds/bin/gnu/h-i686-mingw32/bin/../lib/gcc/nios2-elf/4.1.2/../../../../nios2-elf/lib\libc.a(lib_a-mallocr.o)
                0x00818c78                __malloc_av_
 .data          0x00819080        0x0 c:/altera/11.1/nios2eds/bin/gnu/h-i686-mingw32/bin/../lib/gcc/nios2-elf/4.1.2/../../../../nios2-elf/lib\libc.a(lib_a-memchr.o)
 .data          0x00819080        0x0 c:/altera/11.1/nios2eds/bin/gnu/h-i686-mingw32/bin/../lib/gcc/nios2-elf/4.1.2/../../../../nios2-elf/lib\libc.a(lib_a-memcpy.o)
 .data          0x00819080        0x0 c:/altera/11.1/nios2eds/bin/gnu/h-i686-mingw32/bin/../lib/gcc/nios2-elf/4.1.2/../../../../nios2-elf/lib\libc.a(lib_a-memmove.o)
 .data          0x00819080        0x0 c:/altera/11.1/nios2eds/bin/gnu/h-i686-mingw32/bin/../lib/gcc/nios2-elf/4.1.2/../../../../nios2-elf/lib\libc.a(lib_a-memset.o)
 .data          0x00819080        0x0 c:/altera/11.1/nios2eds/bin/gnu/h-i686-mingw32/bin/../lib/gcc/nios2-elf/4.1.2/../../../../nios2-elf/lib\libc.a(lib_a-mprec.o)
 .data          0x00819080        0x0 c:/altera/11.1/nios2eds/bin/gnu/h-i686-mingw32/bin/../lib/gcc/nios2-elf/4.1.2/../../../../nios2-elf/lib\libc.a(lib_a-reallocr.o)
 .data          0x00819080        0x0 c:/altera/11.1/nios2eds/bin/gnu/h-i686-mingw32/bin/../lib/gcc/nios2-elf/4.1.2/../../../../nios2-elf/lib\libc.a(lib_a-s_isinfd.o)
 .data          0x00819080        0x0 c:/altera/11.1/nios2eds/bin/gnu/h-i686-mingw32/bin/../lib/gcc/nios2-elf/4.1.2/../../../../nios2-elf/lib\libc.a(lib_a-s_isnand.o)
 .data          0x00819080        0x0 c:/altera/11.1/nios2eds/bin/gnu/h-i686-mingw32/bin/../lib/gcc/nios2-elf/4.1.2/../../../../nios2-elf/lib\libc.a(lib_a-sbrkr.o)
 .data          0x00819080        0x0 c:/altera/11.1/nios2eds/bin/gnu/h-i686-mingw32/bin/../lib/gcc/nios2-elf/4.1.2/../../../../nios2-elf/lib\libc.a(lib_a-stdio.o)
 .data          0x00819080        0x0 c:/altera/11.1/nios2eds/bin/gnu/h-i686-mingw32/bin/../lib/gcc/nios2-elf/4.1.2/../../../../nios2-elf/lib\libc.a(lib_a-strcmp.o)
 .data          0x00819080        0x0 c:/altera/11.1/nios2eds/bin/gnu/h-i686-mingw32/bin/../lib/gcc/nios2-elf/4.1.2/../../../../nios2-elf/lib\libc.a(lib_a-writer.o)
 .data          0x00819080        0x0 c:/altera/11.1/nios2eds/bin/gnu/h-i686-mingw32/bin/../lib/gcc/nios2-elf/4.1.2/../../../../nios2-elf/lib\libc.a(lib_a-callocr.o)
 .data          0x00819080        0x0 c:/altera/11.1/nios2eds/bin/gnu/h-i686-mingw32/bin/../lib/gcc/nios2-elf/4.1.2/../../../../nios2-elf/lib\libc.a(lib_a-closer.o)
 .data          0x00819080        0x0 c:/altera/11.1/nios2eds/bin/gnu/h-i686-mingw32/bin/../lib/gcc/nios2-elf/4.1.2/../../../../nios2-elf/lib\libc.a(lib_a-fclose.o)
 .data          0x00819080        0x0 c:/altera/11.1/nios2eds/bin/gnu/h-i686-mingw32/bin/../lib/gcc/nios2-elf/4.1.2/../../../../nios2-elf/lib\libc.a(lib_a-fstatr.o)
 .data          0x00819080        0x0 c:/altera/11.1/nios2eds/bin/gnu/h-i686-mingw32/bin/../lib/gcc/nios2-elf/4.1.2/../../../../nios2-elf/lib\libc.a(lib_a-int_errno.o)
 .data          0x00819080        0x0 c:/altera/11.1/nios2eds/bin/gnu/h-i686-mingw32/bin/../lib/gcc/nios2-elf/4.1.2/../../../../nios2-elf/lib\libc.a(lib_a-isattyr.o)
 .data          0x00819080        0x0 c:/altera/11.1/nios2eds/bin/gnu/h-i686-mingw32/bin/../lib/gcc/nios2-elf/4.1.2/../../../../nios2-elf/lib\libc.a(lib_a-lseekr.o)
 .data          0x00819080        0x0 c:/altera/11.1/nios2eds/bin/gnu/h-i686-mingw32/bin/../lib/gcc/nios2-elf/4.1.2/../../../../nios2-elf/lib\libc.a(lib_a-readr.o)
 .data          0x00819080        0x0 c:/altera/11.1/nios2eds/bin/gnu/h-i686-mingw32/bin/../lib/gcc/nios2-elf/4.1.2\libgcc.a(_udivdi3.o)
 .data          0x00819080        0x0 c:/altera/11.1/nios2eds/bin/gnu/h-i686-mingw32/bin/../lib/gcc/nios2-elf/4.1.2\libgcc.a(_umoddi3.o)
 .data          0x00819080        0x0 c:/altera/11.1/nios2eds/bin/gnu/h-i686-mingw32/bin/../lib/gcc/nios2-elf/4.1.2\libgcc.a(_addsub_df.o)
 .data          0x00819080        0x0 c:/altera/11.1/nios2eds/bin/gnu/h-i686-mingw32/bin/../lib/gcc/nios2-elf/4.1.2\libgcc.a(_mul_df.o)
 .data          0x00819080        0x0 c:/altera/11.1/nios2eds/bin/gnu/h-i686-mingw32/bin/../lib/gcc/nios2-elf/4.1.2\libgcc.a(_div_df.o)
 .data          0x00819080        0x0 c:/altera/11.1/nios2eds/bin/gnu/h-i686-mingw32/bin/../lib/gcc/nios2-elf/4.1.2\libgcc.a(_eq_df.o)
 .data          0x00819080        0x0 c:/altera/11.1/nios2eds/bin/gnu/h-i686-mingw32/bin/../lib/gcc/nios2-elf/4.1.2\libgcc.a(_ne_df.o)
 .data          0x00819080        0x0 c:/altera/11.1/nios2eds/bin/gnu/h-i686-mingw32/bin/../lib/gcc/nios2-elf/4.1.2\libgcc.a(_gt_df.o)
 .data          0x00819080        0x0 c:/altera/11.1/nios2eds/bin/gnu/h-i686-mingw32/bin/../lib/gcc/nios2-elf/4.1.2\libgcc.a(_ge_df.o)
 .data          0x00819080        0x0 c:/altera/11.1/nios2eds/bin/gnu/h-i686-mingw32/bin/../lib/gcc/nios2-elf/4.1.2\libgcc.a(_lt_df.o)
 .data          0x00819080        0x0 c:/altera/11.1/nios2eds/bin/gnu/h-i686-mingw32/bin/../lib/gcc/nios2-elf/4.1.2\libgcc.a(_si_to_df.o)
 .data          0x00819080        0x0 c:/altera/11.1/nios2eds/bin/gnu/h-i686-mingw32/bin/../lib/gcc/nios2-elf/4.1.2\libgcc.a(_df_to_si.o)
 .data          0x00819080        0x0 c:/altera/11.1/nios2eds/bin/gnu/h-i686-mingw32/bin/../lib/gcc/nios2-elf/4.1.2\libgcc.a(_thenan_df.o)
 .data          0x00819080        0x0 c:/altera/11.1/nios2eds/bin/gnu/h-i686-mingw32/bin/../lib/gcc/nios2-elf/4.1.2\libgcc.a(_usi_to_df.o)
 .data          0x00819080        0x0 c:/altera/11.1/nios2eds/bin/gnu/h-i686-mingw32/bin/../lib/gcc/nios2-elf/4.1.2\libgcc.a(_muldi3.o)
 .data          0x00819080        0x0 c:/altera/11.1/nios2eds/bin/gnu/h-i686-mingw32/bin/../lib/gcc/nios2-elf/4.1.2\libgcc.a(_clz.o)
 .data          0x00819080        0x0 c:/altera/11.1/nios2eds/bin/gnu/h-i686-mingw32/bin/../lib/gcc/nios2-elf/4.1.2\libgcc.a(_clzsi2.o)
 .data          0x00819080        0x0 c:/altera/11.1/nios2eds/bin/gnu/h-i686-mingw32/bin/../lib/gcc/nios2-elf/4.1.2\libgcc.a(_pack_df.o)
 .data          0x00819080        0x0 c:/altera/11.1/nios2eds/bin/gnu/h-i686-mingw32/bin/../lib/gcc/nios2-elf/4.1.2\libgcc.a(_unpack_df.o)
 .data          0x00819080        0x0 c:/altera/11.1/nios2eds/bin/gnu/h-i686-mingw32/bin/../lib/gcc/nios2-elf/4.1.2\libgcc.a(_fpcmp_parts_df.o)
 .data          0x00819080        0x0 ../DE2_NIOS_HOST_MOUSE_VGA_bsp/\libhal_bsp.a(alt_close.o)
 .data          0x00819080      0x1a8 ../DE2_NIOS_HOST_MOUSE_VGA_bsp/\libhal_bsp.a(alt_dev.o)
                0x00819080                alt_dev_null
                0x008190a8                alt_fd_list
 .data          0x00819228        0x0 ../DE2_NIOS_HOST_MOUSE_VGA_bsp/\libhal_bsp.a(alt_errno.o)
 .data          0x00819228        0x0 ../DE2_NIOS_HOST_MOUSE_VGA_bsp/\libhal_bsp.a(alt_fstat.o)
 .data          0x00819228        0x0 ../DE2_NIOS_HOST_MOUSE_VGA_bsp/\libhal_bsp.a(alt_irq_register.o)
 .data          0x00819228        0x0 ../DE2_NIOS_HOST_MOUSE_VGA_bsp/\libhal_bsp.a(alt_irq_vars.o)
 .data          0x00819228        0x0 ../DE2_NIOS_HOST_MOUSE_VGA_bsp/\libhal_bsp.a(alt_isatty.o)
 .data          0x00819228        0x0 ../DE2_NIOS_HOST_MOUSE_VGA_bsp/\libhal_bsp.a(alt_lseek.o)
 .data          0x00819228        0x0 ../DE2_NIOS_HOST_MOUSE_VGA_bsp/\libhal_bsp.a(alt_main.o)
 .data          0x00819228        0x0 ../DE2_NIOS_HOST_MOUSE_VGA_bsp/\libhal_bsp.a(alt_malloc_lock.o)
 .data          0x00819228        0x0 ../DE2_NIOS_HOST_MOUSE_VGA_bsp/\libhal_bsp.a(alt_read.o)
 .data          0x00819228        0x0 ../DE2_NIOS_HOST_MOUSE_VGA_bsp/\libhal_bsp.a(alt_release_fd.o)
 .data          0x00819228        0x0 ../DE2_NIOS_HOST_MOUSE_VGA_bsp/\libhal_bsp.a(alt_sbrk.o)
 .data          0x00819228        0x0 ../DE2_NIOS_HOST_MOUSE_VGA_bsp/\libhal_bsp.a(alt_usleep.o)
 .data          0x00819228        0x0 ../DE2_NIOS_HOST_MOUSE_VGA_bsp/\libhal_bsp.a(alt_write.o)
 .data          0x00819228     0x13e0 ../DE2_NIOS_HOST_MOUSE_VGA_bsp/\libhal_bsp.a(alt_sys_init.o)
 .data          0x0081a608        0x0 ../DE2_NIOS_HOST_MOUSE_VGA_bsp/\libhal_bsp.a(altera_avalon_cfi_flash.o)
 .data          0x0081a608        0x0 ../DE2_NIOS_HOST_MOUSE_VGA_bsp/\libhal_bsp.a(altera_avalon_cfi_flash_table.o)
 .data          0x0081a608        0x0 ../DE2_NIOS_HOST_MOUSE_VGA_bsp/\libhal_bsp.a(altera_avalon_epcs_flash_controller.o)
 .data          0x0081a608        0x0 ../DE2_NIOS_HOST_MOUSE_VGA_bsp/\libhal_bsp.a(altera_avalon_jtag_uart_fd.o)
 .data          0x0081a608        0x0 ../DE2_NIOS_HOST_MOUSE_VGA_bsp/\libhal_bsp.a(altera_avalon_jtag_uart_init.o)
 .data          0x0081a608        0x0 ../DE2_NIOS_HOST_MOUSE_VGA_bsp/\libhal_bsp.a(altera_avalon_jtag_uart_ioctl.o)
 .data          0x0081a608        0x0 ../DE2_NIOS_HOST_MOUSE_VGA_bsp/\libhal_bsp.a(altera_avalon_jtag_uart_read.o)
 .data          0x0081a608        0x0 ../DE2_NIOS_HOST_MOUSE_VGA_bsp/\libhal_bsp.a(altera_avalon_jtag_uart_write.o)
 .data          0x0081a608        0x0 ../DE2_NIOS_HOST_MOUSE_VGA_bsp/\libhal_bsp.a(altera_avalon_lcd_16207.o)
 .data          0x0081a608        0x0 ../DE2_NIOS_HOST_MOUSE_VGA_bsp/\libhal_bsp.a(altera_avalon_lcd_16207_fd.o)
 .data          0x0081a608        0x0 ../DE2_NIOS_HOST_MOUSE_VGA_bsp/\libhal_bsp.a(altera_avalon_timer_sc.o)
 .data          0x0081a608        0x0 ../DE2_NIOS_HOST_MOUSE_VGA_bsp/\libhal_bsp.a(altera_avalon_uart_fd.o)
 .data          0x0081a608        0x0 ../DE2_NIOS_HOST_MOUSE_VGA_bsp/\libhal_bsp.a(altera_avalon_uart_init.o)
 .data          0x0081a608        0x0 ../DE2_NIOS_HOST_MOUSE_VGA_bsp/\libhal_bsp.a(altera_avalon_uart_read.o)
 .data          0x0081a608        0x0 ../DE2_NIOS_HOST_MOUSE_VGA_bsp/\libhal_bsp.a(altera_avalon_uart_write.o)
 .data          0x0081a608        0x0 ../DE2_NIOS_HOST_MOUSE_VGA_bsp/\libhal_bsp.a(epcs_commands.o)
 .data          0x0081a608        0x0 ../DE2_NIOS_HOST_MOUSE_VGA_bsp/\libhal_bsp.a(alt_alarm_start.o)
 .data          0x0081a608        0x0 ../DE2_NIOS_HOST_MOUSE_VGA_bsp/\libhal_bsp.a(alt_busy_sleep.o)
 .data          0x0081a608        0x0 ../DE2_NIOS_HOST_MOUSE_VGA_bsp/\libhal_bsp.a(alt_dcache_flush.o)
 .data          0x0081a608        0x0 ../DE2_NIOS_HOST_MOUSE_VGA_bsp/\libhal_bsp.a(alt_dev_llist_insert.o)
 .data          0x0081a608        0x0 ../DE2_NIOS_HOST_MOUSE_VGA_bsp/\libhal_bsp.a(alt_do_ctors.o)
 .data          0x0081a608        0x0 ../DE2_NIOS_HOST_MOUSE_VGA_bsp/\libhal_bsp.a(alt_do_dtors.o)
 .data          0x0081a608        0x0 ../DE2_NIOS_HOST_MOUSE_VGA_bsp/\libhal_bsp.a(alt_flash_dev.o)
 .data          0x0081a608        0x0 ../DE2_NIOS_HOST_MOUSE_VGA_bsp/\libhal_bsp.a(alt_iic.o)
 .data          0x0081a608        0x0 ../DE2_NIOS_HOST_MOUSE_VGA_bsp/\libhal_bsp.a(alt_iic_isr_register.o)
 .data          0x0081a608        0x0 ../DE2_NIOS_HOST_MOUSE_VGA_bsp/\libhal_bsp.a(alt_io_redirect.o)
 .data          0x0081a608        0x0 ../DE2_NIOS_HOST_MOUSE_VGA_bsp/\libhal_bsp.a(alt_irq_entry.o)
 .data          0x0081a608        0x0 ../DE2_NIOS_HOST_MOUSE_VGA_bsp/\libhal_bsp.a(alt_irq_handler.o)
 .data          0x0081a608        0x0 ../DE2_NIOS_HOST_MOUSE_VGA_bsp/\libhal_bsp.a(alt_open.o)
 .data          0x0081a608        0x0 ../DE2_NIOS_HOST_MOUSE_VGA_bsp/\libhal_bsp.a(alt_tick.o)
 .data          0x0081a608        0x0 ../DE2_NIOS_HOST_MOUSE_VGA_bsp/\libhal_bsp.a(altera_nios2_qsys_irq.o)
 .data          0x0081a608        0x0 ../DE2_NIOS_HOST_MOUSE_VGA_bsp/\libhal_bsp.a(altera_avalon_cfi_flash_amd.o)
 .data          0x0081a608        0x0 ../DE2_NIOS_HOST_MOUSE_VGA_bsp/\libhal_bsp.a(altera_avalon_cfi_flash_intel.o)
 .data          0x0081a608        0x0 ../DE2_NIOS_HOST_MOUSE_VGA_bsp/\libhal_bsp.a(altera_avalon_spi.o)
 .data          0x0081a608        0x0 ../DE2_NIOS_HOST_MOUSE_VGA_bsp/\libhal_bsp.a(alt_exception_entry.o)
 .data          0x0081a608        0x0 ../DE2_NIOS_HOST_MOUSE_VGA_bsp/\libhal_bsp.a(alt_find_dev.o)
 .data          0x0081a608        0x0 ../DE2_NIOS_HOST_MOUSE_VGA_bsp/\libhal_bsp.a(alt_find_file.o)
 .data          0x0081a608        0x0 ../DE2_NIOS_HOST_MOUSE_VGA_bsp/\libhal_bsp.a(alt_get_fd.o)
 .data          0x0081a608        0x0 c:/altera/11.1/nios2eds/bin/gnu/h-i686-mingw32/bin/../lib/gcc/nios2-elf/4.1.2/../../../../nios2-elf/lib\libc.a(lib_a-atexit.o)
 .data          0x0081a608        0x0 c:/altera/11.1/nios2eds/bin/gnu/h-i686-mingw32/bin/../lib/gcc/nios2-elf/4.1.2/../../../../nios2-elf/lib\libc.a(lib_a-ctype_.o)
 .data          0x0081a608        0x0 c:/altera/11.1/nios2eds/bin/gnu/h-i686-mingw32/bin/../lib/gcc/nios2-elf/4.1.2/../../../../nios2-elf/lib\libc.a(lib_a-exit.o)
 .data          0x0081a608        0x0 c:/altera/11.1/nios2eds/bin/gnu/h-i686-mingw32/bin/../lib/gcc/nios2-elf/4.1.2/../../../../nios2-elf/lib\libc.a(lib_a-memcmp.o)
 .data          0x0081a608        0x0 c:/altera/11.1/nios2eds/bin/gnu/h-i686-mingw32/bin/../lib/gcc/nios2-elf/4.1.2/../../../../nios2-elf/lib\libc.a(lib_a-__atexit.o)
 .data          0x0081a608        0x0 c:/altera/11.1/nios2eds/bin/gnu/h-i686-mingw32/bin/../lib/gcc/nios2-elf/4.1.2/../../../../nios2-elf/lib\libc.a(lib_a-__call_atexit.o)
 .data          0x0081a608        0x0 ../DE2_NIOS_HOST_MOUSE_VGA_bsp/\libhal_bsp.a(alt_exit.o)
                0x00822608                _gp = ABSOLUTE ((. + 0x8000))
                0x00822608                PROVIDE (gp, _gp)
 *(.rwdata .rwdata.*)
 *(.sdata .sdata.* .gnu.linkonce.s.*)
 .sdata         0x0081a608        0x8 obj/default/PTD.o
                0x0081a608                wait_time
                0x0081a60c                retry
 .sdata         0x0081a610        0x1 obj/default/usb_irq.o
                0x0081a610                INT_Enabled
 *fill*         0x0081a611        0x3 00
 .sdata         0x0081a614        0x8 c:/altera/11.1/nios2eds/bin/gnu/h-i686-mingw32/bin/../lib/gcc/nios2-elf/4.1.2/../../../../nios2-elf/lib\libc.a(lib_a-impure.o)
                0x0081a614                _impure_ptr
                0x0081a618                _global_impure_ptr
 .sdata         0x0081a61c        0x8 c:/altera/11.1/nios2eds/bin/gnu/h-i686-mingw32/bin/../lib/gcc/nios2-elf/4.1.2/../../../../nios2-elf/lib\libc.a(lib_a-locale.o)
                0x0081a61c                __mb_cur_max
 .sdata         0x0081a624        0x8 c:/altera/11.1/nios2eds/bin/gnu/h-i686-mingw32/bin/../lib/gcc/nios2-elf/4.1.2/../../../../nios2-elf/lib\libc.a(lib_a-mallocr.o)
                0x0081a624                __malloc_trim_threshold
                0x0081a628                __malloc_sbrk_base
 .sdata         0x0081a62c       0x14 ../DE2_NIOS_HOST_MOUSE_VGA_bsp/\libhal_bsp.a(alt_dev.o)
                0x0081a62c                alt_fs_list
                0x0081a634                alt_dev_list
                0x0081a63c                alt_max_fd
 .sdata         0x0081a640        0x4 ../DE2_NIOS_HOST_MOUSE_VGA_bsp/\libhal_bsp.a(alt_errno.o)
                0x0081a640                alt_errno
 .sdata         0x0081a644        0x4 ../DE2_NIOS_HOST_MOUSE_VGA_bsp/\libhal_bsp.a(alt_irq_vars.o)
                0x0081a644                alt_priority_mask
 .sdata         0x0081a648        0x4 ../DE2_NIOS_HOST_MOUSE_VGA_bsp/\libhal_bsp.a(alt_sbrk.o)
 .sdata         0x0081a64c        0x4 ../DE2_NIOS_HOST_MOUSE_VGA_bsp/\libhal_bsp.a(altera_avalon_lcd_16207.o)
 .sdata         0x0081a650        0x8 ../DE2_NIOS_HOST_MOUSE_VGA_bsp/\libhal_bsp.a(alt_flash_dev.o)
                0x0081a650                alt_flash_dev_list
 .sdata         0x0081a658        0x8 ../DE2_NIOS_HOST_MOUSE_VGA_bsp/\libhal_bsp.a(alt_tick.o)
                0x0081a658                alt_alarm_list
 .sdata         0x0081a660        0x4 c:/altera/11.1/nios2eds/bin/gnu/h-i686-mingw32/bin/../lib/gcc/nios2-elf/4.1.2/../../../../nios2-elf/lib\libc.a(lib_a-ctype_.o)
                0x0081a660                __ctype_ptr
 *(.sdata2 .sdata2.* .gnu.linkonce.s2.*)
                0x0081a664                . = ALIGN (0x4)
                0x0081a664                _edata = ABSOLUTE (.)
                0x0081a664                PROVIDE (edata, ABSOLUTE (.))
                0x0081a664                PROVIDE (__ram_rwdata_end, ABSOLUTE (.))
                0x0081885c                PROVIDE (__flash_rwdata_start, LOADADDR (.rwdata))

.bss            0x0081a664     0x43e4
                0x0081a664                __bss_start = ABSOLUTE (.)
                0x0081a664                PROVIDE (__sbss_start, ABSOLUTE (.))
                0x0081a664                PROVIDE (___sbss_start, ABSOLUTE (.))
 *(.dynsbss)
 *(.sbss .sbss.* .gnu.linkonce.sb.*)
 .sbss          0x0081a664       0x10 obj/default/PTD.o
                0x0081a664                port1speed
                0x0081a668                port2speed
                0x0081a66c                port_speed
 .sbss          0x0081a674       0x10 obj/default/USB.o
 .sbss          0x0081a684       0x10 obj/default/main.o
                0x0081a684                hc_data
                0x0081a688                dc_data
                0x0081a68c                hc_com
                0x0081a690                dc_com
 .sbss          0x0081a694        0x4 obj/default/usb_irq.o
                0x0081a694                status
 .sbss          0x0081a698        0xc c:/altera/11.1/nios2eds/bin/gnu/h-i686-mingw32/bin/../lib/gcc/nios2-elf/4.1.2/../../../../nios2-elf/lib\libc.a(lib_a-locale.o)
                0x0081a698                __nlocale_changed
                0x0081a69c                __mlocale_changed
                0x0081a6a0                _PathLocale
 .sbss          0x0081a6a4        0xc c:/altera/11.1/nios2eds/bin/gnu/h-i686-mingw32/bin/../lib/gcc/nios2-elf/4.1.2/../../../../nios2-elf/lib\libc.a(lib_a-mallocr.o)
                0x0081a6a4                __malloc_top_pad
                0x0081a6a8                __malloc_max_sbrked_mem
                0x0081a6ac                __malloc_max_total_mem
 .sbss          0x0081a6b0        0x4 c:/altera/11.1/nios2eds/bin/gnu/h-i686-mingw32/bin/../lib/gcc/nios2-elf/4.1.2/../../../../nios2-elf/lib\libc.a(lib_a-int_errno.o)
                0x0081a6b0                errno
 .sbss          0x0081a6b4        0x4 ../DE2_NIOS_HOST_MOUSE_VGA_bsp/\libhal_bsp.a(alt_irq_vars.o)
                0x0081a6b4                alt_irq_active
 .sbss          0x0081a6b8        0xc ../DE2_NIOS_HOST_MOUSE_VGA_bsp/\libhal_bsp.a(alt_main.o)
                0x0081a6b8                alt_argc
                0x0081a6bc                alt_argv
                0x0081a6c0                alt_envp
 .sbss          0x0081a6c4        0x8 ../DE2_NIOS_HOST_MOUSE_VGA_bsp/\libhal_bsp.a(alt_tick.o)
                0x0081a6c4                _alt_tick_rate
                0x0081a6c8                _alt_nticks
 *(.sbss2 .sbss2.* .gnu.linkonce.sb2.*)
 *(.scommon)
                0x0081a6cc                PROVIDE (__sbss_end, ABSOLUTE (.))
                0x0081a6cc                PROVIDE (___sbss_end, ABSOLUTE (.))
 *(.dynbss)
 *(.bss .bss.* .gnu.linkonce.b.*)
 .bss           0x0081a6cc        0x0 ../DE2_NIOS_HOST_MOUSE_VGA_bsp//obj/HAL/src/crt0.o
 .bss           0x0081a6cc        0x0 obj/default/BUF_MAN.o
 .bss           0x0081a6cc        0x0 obj/default/CHEEYU.o
 .bss           0x0081a6cc        0x0 obj/default/HAL4D13.o
 .bss           0x0081a6cc        0x0 obj/default/LCD.o
 .bss           0x0081a6cc        0x0 obj/default/MOUSE.o
 .bss           0x0081a6cc        0x0 obj/default/PORT.o
 .bss           0x0081a6cc     0x4080 obj/default/PTD.o
 .bss           0x0081e74c        0x0 obj/default/REG.o
 .bss           0x0081e74c        0x0 obj/default/SEG7.o
 .bss           0x0081e74c        0x0 obj/default/Test.o
 .bss           0x0081e74c        0x0 obj/default/USB.o
 .bss           0x0081e74c        0x0 obj/default/VGA.o
 .bss           0x0081e74c        0x0 obj/default/main.o
 .bss           0x0081e74c        0x0 obj/default/usb_irq.o
 .bss           0x0081e74c        0x0 c:/altera/11.1/nios2eds/bin/gnu/h-i686-mingw32/bin/../lib/gcc/nios2-elf/4.1.2\libgcc.a(lib2-divmod.o)
 .bss           0x0081e74c        0x0 c:/altera/11.1/nios2eds/bin/gnu/h-i686-mingw32/bin/../lib/gcc/nios2-elf/4.1.2/../../../../nios2-elf/lib\libc.a(lib_a-printf.o)
 .bss           0x0081e74c        0x0 c:/altera/11.1/nios2eds/bin/gnu/h-i686-mingw32/bin/../lib/gcc/nios2-elf/4.1.2/../../../../nios2-elf/lib\libc.a(lib_a-puts.o)
 .bss           0x0081e74c        0x0 c:/altera/11.1/nios2eds/bin/gnu/h-i686-mingw32/bin/../lib/gcc/nios2-elf/4.1.2/../../../../nios2-elf/lib\libc.a(lib_a-sprintf.o)
 .bss           0x0081e74c        0x0 c:/altera/11.1/nios2eds/bin/gnu/h-i686-mingw32/bin/../lib/gcc/nios2-elf/4.1.2/../../../../nios2-elf/lib\libc.a(lib_a-strlen.o)
 .bss           0x0081e74c        0x0 c:/altera/11.1/nios2eds/bin/gnu/h-i686-mingw32/bin/../lib/gcc/nios2-elf/4.1.2/../../../../nios2-elf/lib\libc.a(lib_a-vfprintf.o)
 .bss           0x0081e74c        0x0 c:/altera/11.1/nios2eds/bin/gnu/h-i686-mingw32/bin/../lib/gcc/nios2-elf/4.1.2/../../../../nios2-elf/lib\libc.a(lib_a-wsetup.o)
 .bss           0x0081e74c        0x0 c:/altera/11.1/nios2eds/bin/gnu/h-i686-mingw32/bin/../lib/gcc/nios2-elf/4.1.2/../../../../nios2-elf/lib\libc.a(lib_a-dtoa.o)
 .bss           0x0081e74c        0x0 c:/altera/11.1/nios2eds/bin/gnu/h-i686-mingw32/bin/../lib/gcc/nios2-elf/4.1.2/../../../../nios2-elf/lib\libc.a(lib_a-fflush.o)
 .bss           0x0081e74c        0x0 c:/altera/11.1/nios2eds/bin/gnu/h-i686-mingw32/bin/../lib/gcc/nios2-elf/4.1.2/../../../../nios2-elf/lib\libc.a(lib_a-findfp.o)
 .bss           0x0081e74c        0x0 c:/altera/11.1/nios2eds/bin/gnu/h-i686-mingw32/bin/../lib/gcc/nios2-elf/4.1.2/../../../../nios2-elf/lib\libc.a(lib_a-freer.o)
 .bss           0x0081e74c        0x0 c:/altera/11.1/nios2eds/bin/gnu/h-i686-mingw32/bin/../lib/gcc/nios2-elf/4.1.2/../../../../nios2-elf/lib\libc.a(lib_a-fvwrite.o)
 .bss           0x0081e74c        0x0 c:/altera/11.1/nios2eds/bin/gnu/h-i686-mingw32/bin/../lib/gcc/nios2-elf/4.1.2/../../../../nios2-elf/lib\libc.a(lib_a-fwalk.o)
 .bss           0x0081e74c        0x0 c:/altera/11.1/nios2eds/bin/gnu/h-i686-mingw32/bin/../lib/gcc/nios2-elf/4.1.2/../../../../nios2-elf/lib\libc.a(lib_a-impure.o)
 .bss           0x0081e74c        0x0 c:/altera/11.1/nios2eds/bin/gnu/h-i686-mingw32/bin/../lib/gcc/nios2-elf/4.1.2/../../../../nios2-elf/lib\libc.a(lib_a-locale.o)
 .bss           0x0081e74c        0x0 c:/altera/11.1/nios2eds/bin/gnu/h-i686-mingw32/bin/../lib/gcc/nios2-elf/4.1.2/../../../../nios2-elf/lib\libc.a(lib_a-makebuf.o)
 .bss           0x0081e74c       0x28 c:/altera/11.1/nios2eds/bin/gnu/h-i686-mingw32/bin/../lib/gcc/nios2-elf/4.1.2/../../../../nios2-elf/lib\libc.a(lib_a-mallocr.o)
                0x0081e74c                __malloc_current_mallinfo
 .bss           0x0081e774        0x0 c:/altera/11.1/nios2eds/bin/gnu/h-i686-mingw32/bin/../lib/gcc/nios2-elf/4.1.2/../../../../nios2-elf/lib\libc.a(lib_a-memchr.o)
 .bss           0x0081e774        0x0 c:/altera/11.1/nios2eds/bin/gnu/h-i686-mingw32/bin/../lib/gcc/nios2-elf/4.1.2/../../../../nios2-elf/lib\libc.a(lib_a-memcpy.o)
 .bss           0x0081e774        0x0 c:/altera/11.1/nios2eds/bin/gnu/h-i686-mingw32/bin/../lib/gcc/nios2-elf/4.1.2/../../../../nios2-elf/lib\libc.a(lib_a-memmove.o)
 .bss           0x0081e774        0x0 c:/altera/11.1/nios2eds/bin/gnu/h-i686-mingw32/bin/../lib/gcc/nios2-elf/4.1.2/../../../../nios2-elf/lib\libc.a(lib_a-memset.o)
 .bss           0x0081e774        0x0 c:/altera/11.1/nios2eds/bin/gnu/h-i686-mingw32/bin/../lib/gcc/nios2-elf/4.1.2/../../../../nios2-elf/lib\libc.a(lib_a-mprec.o)
 .bss           0x0081e774        0x0 c:/altera/11.1/nios2eds/bin/gnu/h-i686-mingw32/bin/../lib/gcc/nios2-elf/4.1.2/../../../../nios2-elf/lib\libc.a(lib_a-reallocr.o)
 .bss           0x0081e774        0x0 c:/altera/11.1/nios2eds/bin/gnu/h-i686-mingw32/bin/../lib/gcc/nios2-elf/4.1.2/../../../../nios2-elf/lib\libc.a(lib_a-s_isinfd.o)
 .bss           0x0081e774        0x0 c:/altera/11.1/nios2eds/bin/gnu/h-i686-mingw32/bin/../lib/gcc/nios2-elf/4.1.2/../../../../nios2-elf/lib\libc.a(lib_a-s_isnand.o)
 .bss           0x0081e774        0x0 c:/altera/11.1/nios2eds/bin/gnu/h-i686-mingw32/bin/../lib/gcc/nios2-elf/4.1.2/../../../../nios2-elf/lib\libc.a(lib_a-sbrkr.o)
 .bss           0x0081e774        0x0 c:/altera/11.1/nios2eds/bin/gnu/h-i686-mingw32/bin/../lib/gcc/nios2-elf/4.1.2/../../../../nios2-elf/lib\libc.a(lib_a-stdio.o)
 .bss           0x0081e774        0x0 c:/altera/11.1/nios2eds/bin/gnu/h-i686-mingw32/bin/../lib/gcc/nios2-elf/4.1.2/../../../../nios2-elf/lib\libc.a(lib_a-strcmp.o)
 .bss           0x0081e774        0x0 c:/altera/11.1/nios2eds/bin/gnu/h-i686-mingw32/bin/../lib/gcc/nios2-elf/4.1.2/../../../../nios2-elf/lib\libc.a(lib_a-writer.o)
 .bss           0x0081e774        0x0 c:/altera/11.1/nios2eds/bin/gnu/h-i686-mingw32/bin/../lib/gcc/nios2-elf/4.1.2/../../../../nios2-elf/lib\libc.a(lib_a-callocr.o)
 .bss           0x0081e774        0x0 c:/altera/11.1/nios2eds/bin/gnu/h-i686-mingw32/bin/../lib/gcc/nios2-elf/4.1.2/../../../../nios2-elf/lib\libc.a(lib_a-closer.o)
 .bss           0x0081e774        0x0 c:/altera/11.1/nios2eds/bin/gnu/h-i686-mingw32/bin/../lib/gcc/nios2-elf/4.1.2/../../../../nios2-elf/lib\libc.a(lib_a-fclose.o)
 .bss           0x0081e774        0x0 c:/altera/11.1/nios2eds/bin/gnu/h-i686-mingw32/bin/../lib/gcc/nios2-elf/4.1.2/../../../../nios2-elf/lib\libc.a(lib_a-fstatr.o)
 .bss           0x0081e774        0x0 c:/altera/11.1/nios2eds/bin/gnu/h-i686-mingw32/bin/../lib/gcc/nios2-elf/4.1.2/../../../../nios2-elf/lib\libc.a(lib_a-int_errno.o)
 .bss           0x0081e774        0x0 c:/altera/11.1/nios2eds/bin/gnu/h-i686-mingw32/bin/../lib/gcc/nios2-elf/4.1.2/../../../../nios2-elf/lib\libc.a(lib_a-isattyr.o)
 .bss           0x0081e774        0x0 c:/altera/11.1/nios2eds/bin/gnu/h-i686-mingw32/bin/../lib/gcc/nios2-elf/4.1.2/../../../../nios2-elf/lib\libc.a(lib_a-lseekr.o)
 .bss           0x0081e774        0x0 c:/altera/11.1/nios2eds/bin/gnu/h-i686-mingw32/bin/../lib/gcc/nios2-elf/4.1.2/../../../../nios2-elf/lib\libc.a(lib_a-readr.o)
 .bss           0x0081e774        0x0 c:/altera/11.1/nios2eds/bin/gnu/h-i686-mingw32/bin/../lib/gcc/nios2-elf/4.1.2\libgcc.a(_udivdi3.o)
 .bss           0x0081e774        0x0 c:/altera/11.1/nios2eds/bin/gnu/h-i686-mingw32/bin/../lib/gcc/nios2-elf/4.1.2\libgcc.a(_umoddi3.o)
 .bss           0x0081e774        0x0 c:/altera/11.1/nios2eds/bin/gnu/h-i686-mingw32/bin/../lib/gcc/nios2-elf/4.1.2\libgcc.a(_addsub_df.o)
 .bss           0x0081e774        0x0 c:/altera/11.1/nios2eds/bin/gnu/h-i686-mingw32/bin/../lib/gcc/nios2-elf/4.1.2\libgcc.a(_mul_df.o)
 .bss           0x0081e774        0x0 c:/altera/11.1/nios2eds/bin/gnu/h-i686-mingw32/bin/../lib/gcc/nios2-elf/4.1.2\libgcc.a(_div_df.o)
 .bss           0x0081e774        0x0 c:/altera/11.1/nios2eds/bin/gnu/h-i686-mingw32/bin/../lib/gcc/nios2-elf/4.1.2\libgcc.a(_eq_df.o)
 .bss           0x0081e774        0x0 c:/altera/11.1/nios2eds/bin/gnu/h-i686-mingw32/bin/../lib/gcc/nios2-elf/4.1.2\libgcc.a(_ne_df.o)
 .bss           0x0081e774        0x0 c:/altera/11.1/nios2eds/bin/gnu/h-i686-mingw32/bin/../lib/gcc/nios2-elf/4.1.2\libgcc.a(_gt_df.o)
 .bss           0x0081e774        0x0 c:/altera/11.1/nios2eds/bin/gnu/h-i686-mingw32/bin/../lib/gcc/nios2-elf/4.1.2\libgcc.a(_ge_df.o)
 .bss           0x0081e774        0x0 c:/altera/11.1/nios2eds/bin/gnu/h-i686-mingw32/bin/../lib/gcc/nios2-elf/4.1.2\libgcc.a(_lt_df.o)
 .bss           0x0081e774        0x0 c:/altera/11.1/nios2eds/bin/gnu/h-i686-mingw32/bin/../lib/gcc/nios2-elf/4.1.2\libgcc.a(_si_to_df.o)
 .bss           0x0081e774        0x0 c:/altera/11.1/nios2eds/bin/gnu/h-i686-mingw32/bin/../lib/gcc/nios2-elf/4.1.2\libgcc.a(_df_to_si.o)
 .bss           0x0081e774        0x0 c:/altera/11.1/nios2eds/bin/gnu/h-i686-mingw32/bin/../lib/gcc/nios2-elf/4.1.2\libgcc.a(_thenan_df.o)
 .bss           0x0081e774        0x0 c:/altera/11.1/nios2eds/bin/gnu/h-i686-mingw32/bin/../lib/gcc/nios2-elf/4.1.2\libgcc.a(_usi_to_df.o)
 .bss           0x0081e774        0x0 c:/altera/11.1/nios2eds/bin/gnu/h-i686-mingw32/bin/../lib/gcc/nios2-elf/4.1.2\libgcc.a(_muldi3.o)
 .bss           0x0081e774        0x0 c:/altera/11.1/nios2eds/bin/gnu/h-i686-mingw32/bin/../lib/gcc/nios2-elf/4.1.2\libgcc.a(_clz.o)
 .bss           0x0081e774        0x0 c:/altera/11.1/nios2eds/bin/gnu/h-i686-mingw32/bin/../lib/gcc/nios2-elf/4.1.2\libgcc.a(_clzsi2.o)
 .bss           0x0081e774        0x0 c:/altera/11.1/nios2eds/bin/gnu/h-i686-mingw32/bin/../lib/gcc/nios2-elf/4.1.2\libgcc.a(_pack_df.o)
 .bss           0x0081e774        0x0 c:/altera/11.1/nios2eds/bin/gnu/h-i686-mingw32/bin/../lib/gcc/nios2-elf/4.1.2\libgcc.a(_unpack_df.o)
 .bss           0x0081e774        0x0 c:/altera/11.1/nios2eds/bin/gnu/h-i686-mingw32/bin/../lib/gcc/nios2-elf/4.1.2\libgcc.a(_fpcmp_parts_df.o)
 .bss           0x0081e774        0x0 ../DE2_NIOS_HOST_MOUSE_VGA_bsp/\libhal_bsp.a(alt_close.o)
 .bss           0x0081e774        0x0 ../DE2_NIOS_HOST_MOUSE_VGA_bsp/\libhal_bsp.a(alt_dev.o)
 .bss           0x0081e774        0x0 ../DE2_NIOS_HOST_MOUSE_VGA_bsp/\libhal_bsp.a(alt_errno.o)
 .bss           0x0081e774        0x0 ../DE2_NIOS_HOST_MOUSE_VGA_bsp/\libhal_bsp.a(alt_fstat.o)
 .bss           0x0081e774        0x0 ../DE2_NIOS_HOST_MOUSE_VGA_bsp/\libhal_bsp.a(alt_irq_register.o)
 .bss           0x0081e774        0x0 ../DE2_NIOS_HOST_MOUSE_VGA_bsp/\libhal_bsp.a(alt_irq_vars.o)
 .bss           0x0081e774        0x0 ../DE2_NIOS_HOST_MOUSE_VGA_bsp/\libhal_bsp.a(alt_isatty.o)
 .bss           0x0081e774        0x0 ../DE2_NIOS_HOST_MOUSE_VGA_bsp/\libhal_bsp.a(alt_lseek.o)
 .bss           0x0081e774        0x0 ../DE2_NIOS_HOST_MOUSE_VGA_bsp/\libhal_bsp.a(alt_main.o)
 .bss           0x0081e774        0x0 ../DE2_NIOS_HOST_MOUSE_VGA_bsp/\libhal_bsp.a(alt_malloc_lock.o)
 .bss           0x0081e774        0x0 ../DE2_NIOS_HOST_MOUSE_VGA_bsp/\libhal_bsp.a(alt_read.o)
 .bss           0x0081e774        0x0 ../DE2_NIOS_HOST_MOUSE_VGA_bsp/\libhal_bsp.a(alt_release_fd.o)
 .bss           0x0081e774        0x0 ../DE2_NIOS_HOST_MOUSE_VGA_bsp/\libhal_bsp.a(alt_sbrk.o)
 .bss           0x0081e774        0x0 ../DE2_NIOS_HOST_MOUSE_VGA_bsp/\libhal_bsp.a(alt_usleep.o)
 .bss           0x0081e774        0x0 ../DE2_NIOS_HOST_MOUSE_VGA_bsp/\libhal_bsp.a(alt_write.o)
 .bss           0x0081e774        0x0 ../DE2_NIOS_HOST_MOUSE_VGA_bsp/\libhal_bsp.a(alt_sys_init.o)
 .bss           0x0081e774        0x0 ../DE2_NIOS_HOST_MOUSE_VGA_bsp/\libhal_bsp.a(altera_avalon_cfi_flash.o)
 .bss           0x0081e774        0x0 ../DE2_NIOS_HOST_MOUSE_VGA_bsp/\libhal_bsp.a(altera_avalon_cfi_flash_table.o)
 .bss           0x0081e774        0x0 ../DE2_NIOS_HOST_MOUSE_VGA_bsp/\libhal_bsp.a(altera_avalon_epcs_flash_controller.o)
 .bss           0x0081e774        0x0 ../DE2_NIOS_HOST_MOUSE_VGA_bsp/\libhal_bsp.a(altera_avalon_jtag_uart_fd.o)
 .bss           0x0081e774        0x0 ../DE2_NIOS_HOST_MOUSE_VGA_bsp/\libhal_bsp.a(altera_avalon_jtag_uart_init.o)
 .bss           0x0081e774        0x0 ../DE2_NIOS_HOST_MOUSE_VGA_bsp/\libhal_bsp.a(altera_avalon_jtag_uart_ioctl.o)
 .bss           0x0081e774        0x0 ../DE2_NIOS_HOST_MOUSE_VGA_bsp/\libhal_bsp.a(altera_avalon_jtag_uart_read.o)
 .bss           0x0081e774        0x0 ../DE2_NIOS_HOST_MOUSE_VGA_bsp/\libhal_bsp.a(altera_avalon_jtag_uart_write.o)
 .bss           0x0081e774        0x0 ../DE2_NIOS_HOST_MOUSE_VGA_bsp/\libhal_bsp.a(altera_avalon_lcd_16207.o)
 .bss           0x0081e774        0x0 ../DE2_NIOS_HOST_MOUSE_VGA_bsp/\libhal_bsp.a(altera_avalon_lcd_16207_fd.o)
 .bss           0x0081e774        0x0 ../DE2_NIOS_HOST_MOUSE_VGA_bsp/\libhal_bsp.a(altera_avalon_timer_sc.o)
 .bss           0x0081e774        0x0 ../DE2_NIOS_HOST_MOUSE_VGA_bsp/\libhal_bsp.a(altera_avalon_uart_fd.o)
 .bss           0x0081e774        0x0 ../DE2_NIOS_HOST_MOUSE_VGA_bsp/\libhal_bsp.a(altera_avalon_uart_init.o)
 .bss           0x0081e774        0x0 ../DE2_NIOS_HOST_MOUSE_VGA_bsp/\libhal_bsp.a(altera_avalon_uart_read.o)
 .bss           0x0081e774        0x0 ../DE2_NIOS_HOST_MOUSE_VGA_bsp/\libhal_bsp.a(altera_avalon_uart_write.o)
 .bss           0x0081e774        0x0 ../DE2_NIOS_HOST_MOUSE_VGA_bsp/\libhal_bsp.a(epcs_commands.o)
 .bss           0x0081e774        0x0 ../DE2_NIOS_HOST_MOUSE_VGA_bsp/\libhal_bsp.a(alt_alarm_start.o)
 .bss           0x0081e774        0x0 ../DE2_NIOS_HOST_MOUSE_VGA_bsp/\libhal_bsp.a(alt_busy_sleep.o)
 .bss           0x0081e774        0x0 ../DE2_NIOS_HOST_MOUSE_VGA_bsp/\libhal_bsp.a(alt_dcache_flush.o)
 .bss           0x0081e774        0x0 ../DE2_NIOS_HOST_MOUSE_VGA_bsp/\libhal_bsp.a(alt_dev_llist_insert.o)
 .bss           0x0081e774        0x0 ../DE2_NIOS_HOST_MOUSE_VGA_bsp/\libhal_bsp.a(alt_do_ctors.o)
 .bss           0x0081e774        0x0 ../DE2_NIOS_HOST_MOUSE_VGA_bsp/\libhal_bsp.a(alt_do_dtors.o)
 .bss           0x0081e774        0x0 ../DE2_NIOS_HOST_MOUSE_VGA_bsp/\libhal_bsp.a(alt_flash_dev.o)
 .bss           0x0081e774        0x0 ../DE2_NIOS_HOST_MOUSE_VGA_bsp/\libhal_bsp.a(alt_iic.o)
 .bss           0x0081e774        0x0 ../DE2_NIOS_HOST_MOUSE_VGA_bsp/\libhal_bsp.a(alt_iic_isr_register.o)
 .bss           0x0081e774        0x0 ../DE2_NIOS_HOST_MOUSE_VGA_bsp/\libhal_bsp.a(alt_io_redirect.o)
 .bss           0x0081e774        0x0 ../DE2_NIOS_HOST_MOUSE_VGA_bsp/\libhal_bsp.a(alt_irq_entry.o)
 .bss           0x0081e774        0x0 ../DE2_NIOS_HOST_MOUSE_VGA_bsp/\libhal_bsp.a(alt_irq_handler.o)
 .bss           0x0081e774        0x0 ../DE2_NIOS_HOST_MOUSE_VGA_bsp/\libhal_bsp.a(alt_open.o)
 .bss           0x0081e774        0x0 ../DE2_NIOS_HOST_MOUSE_VGA_bsp/\libhal_bsp.a(alt_tick.o)
 .bss           0x0081e774        0x0 ../DE2_NIOS_HOST_MOUSE_VGA_bsp/\libhal_bsp.a(altera_nios2_qsys_irq.o)
 .bss           0x0081e774        0x0 ../DE2_NIOS_HOST_MOUSE_VGA_bsp/\libhal_bsp.a(altera_avalon_cfi_flash_amd.o)
 .bss           0x0081e774        0x0 ../DE2_NIOS_HOST_MOUSE_VGA_bsp/\libhal_bsp.a(altera_avalon_cfi_flash_intel.o)
 .bss           0x0081e774        0x0 ../DE2_NIOS_HOST_MOUSE_VGA_bsp/\libhal_bsp.a(altera_avalon_spi.o)
 .bss           0x0081e774        0x0 ../DE2_NIOS_HOST_MOUSE_VGA_bsp/\libhal_bsp.a(alt_exception_entry.o)
 .bss           0x0081e774        0x0 ../DE2_NIOS_HOST_MOUSE_VGA_bsp/\libhal_bsp.a(alt_find_dev.o)
 .bss           0x0081e774        0x0 ../DE2_NIOS_HOST_MOUSE_VGA_bsp/\libhal_bsp.a(alt_find_file.o)
 .bss           0x0081e774        0x0 ../DE2_NIOS_HOST_MOUSE_VGA_bsp/\libhal_bsp.a(alt_get_fd.o)
 .bss           0x0081e774        0x0 c:/altera/11.1/nios2eds/bin/gnu/h-i686-mingw32/bin/../lib/gcc/nios2-elf/4.1.2/../../../../nios2-elf/lib\libc.a(lib_a-atexit.o)
 .bss           0x0081e774        0x0 c:/altera/11.1/nios2eds/bin/gnu/h-i686-mingw32/bin/../lib/gcc/nios2-elf/4.1.2/../../../../nios2-elf/lib\libc.a(lib_a-ctype_.o)
 .bss           0x0081e774        0x0 c:/altera/11.1/nios2eds/bin/gnu/h-i686-mingw32/bin/../lib/gcc/nios2-elf/4.1.2/../../../../nios2-elf/lib\libc.a(lib_a-exit.o)
 .bss           0x0081e774        0x0 c:/altera/11.1/nios2eds/bin/gnu/h-i686-mingw32/bin/../lib/gcc/nios2-elf/4.1.2/../../../../nios2-elf/lib\libc.a(lib_a-memcmp.o)
 .bss           0x0081e774        0x0 c:/altera/11.1/nios2eds/bin/gnu/h-i686-mingw32/bin/../lib/gcc/nios2-elf/4.1.2/../../../../nios2-elf/lib\libc.a(lib_a-__atexit.o)
 .bss           0x0081e774        0x0 c:/altera/11.1/nios2eds/bin/gnu/h-i686-mingw32/bin/../lib/gcc/nios2-elf/4.1.2/../../../../nios2-elf/lib\libc.a(lib_a-__call_atexit.o)
 .bss           0x0081e774        0x0 ../DE2_NIOS_HOST_MOUSE_VGA_bsp/\libhal_bsp.a(alt_exit.o)
 *(COMMON)
 COMMON         0x0081e774       0x44 obj/default/PTD.o
                0x0081e774                ptd2send
                0x0081e7a8                c_ptd
 COMMON         0x0081e7b8      0x100 ../DE2_NIOS_HOST_MOUSE_VGA_bsp/\libhal_bsp.a(alt_irq_handler.o)
                0x0081e7b8                alt_irq
 COMMON         0x0081e8b8      0x190 c:/altera/11.1/nios2eds/bin/gnu/h-i686-mingw32/bin/../lib/gcc/nios2-elf/4.1.2/../../../../nios2-elf/lib\libc.a(lib_a-atexit.o)
                0x0081e8b8                _atexit0
                0x0081ea48                . = ALIGN (0x4)
                0x0081ea48                __bss_end = ABSOLUTE (.)

.sdram_0        0x0081ea48        0x0
                0x0081ea48                PROVIDE (_alt_partition_sdram_0_start, ABSOLUTE (.))
 *(.sdram_0. sdram_0.*)
                0x0081ea48                . = ALIGN (0x4)
                0x0081ea48                PROVIDE (_alt_partition_sdram_0_end, ABSOLUTE (.))
                0x0081ea48                _end = ABSOLUTE (.)
                0x0081ea48                end = ABSOLUTE (.)
                0x0081ea48                __alt_stack_base = ABSOLUTE (.)
                0x0081ea48                PROVIDE (_alt_partition_sdram_0_load_addr, LOADADDR (.sdram_0))

.cfi_flash_0    0x01400020        0x0
                0x01400020                PROVIDE (_alt_partition_cfi_flash_0_start, ABSOLUTE (.))
 *(.cfi_flash_0. cfi_flash_0.*)
                0x01400020                . = ALIGN (0x4)
                0x01400020                PROVIDE (_alt_partition_cfi_flash_0_end, ABSOLUTE (.))
                0x01400020                PROVIDE (_alt_partition_cfi_flash_0_load_addr, LOADADDR (.cfi_flash_0))

.sram_0         0x01a801b4        0x0
                0x01a801b4                PROVIDE (_alt_partition_sram_0_start, ABSOLUTE (.))
 *(.sram_0. sram_0.*)
                0x01a801b4                . = ALIGN (0x4)
                0x01a801b4                PROVIDE (_alt_partition_sram_0_end, ABSOLUTE (.))
                0x01a801b4                PROVIDE (_alt_partition_sram_0_load_addr, LOADADDR (.sram_0))

.epcs_controller
                0x01b01800        0x0
                0x01b01800                PROVIDE (_alt_partition_epcs_controller_start, ABSOLUTE (.))
 *(.epcs_controller. epcs_controller.*)
                0x01b01800                . = ALIGN (0x4)
                0x01b01800                PROVIDE (_alt_partition_epcs_controller_end, ABSOLUTE (.))
                0x01b01800                PROVIDE (_alt_partition_epcs_controller_load_addr, LOADADDR (.epcs_controller))

.stab
 *(.stab)

.stabstr
 *(.stabstr)

.stab.excl
 *(.stab.excl)

.stab.exclstr
 *(.stab.exclstr)

.stab.index
 *(.stab.index)

.stab.indexstr
 *(.stab.indexstr)

.comment        0x00000000       0x26
 *(.comment)
 .comment       0x00000000       0x26 obj/default/BUF_MAN.o
                                 0x27 (size before relaxing)
 .comment       0x00000000       0x27 obj/default/CHEEYU.o
 .comment       0x00000000       0x27 obj/default/HAL4D13.o
 .comment       0x00000000       0x27 obj/default/LCD.o
 .comment       0x00000000       0x27 obj/default/MOUSE.o
 .comment       0x00000000       0x27 obj/default/PORT.o
 .comment       0x00000000       0x27 obj/default/PTD.o
 .comment       0x00000000       0x27 obj/default/REG.o
 .comment       0x00000000       0x27 obj/default/SEG7.o
 .comment       0x00000000       0x27 obj/default/Test.o
 .comment       0x00000000       0x27 obj/default/USB.o
 .comment       0x00000000       0x27 obj/default/VGA.o
 .comment       0x00000000       0x27 obj/default/main.o
 .comment       0x00000000       0x27 obj/default/usb_irq.o
 .comment       0x00000000       0x27 c:/altera/11.1/nios2eds/bin/gnu/h-i686-mingw32/bin/../lib/gcc/nios2-elf/4.1.2\libgcc.a(lib2-divmod.o)
 .comment       0x00000000       0x27 c:/altera/11.1/nios2eds/bin/gnu/h-i686-mingw32/bin/../lib/gcc/nios2-elf/4.1.2/../../../../nios2-elf/lib\libc.a(lib_a-printf.o)
 .comment       0x00000000       0x27 c:/altera/11.1/nios2eds/bin/gnu/h-i686-mingw32/bin/../lib/gcc/nios2-elf/4.1.2/../../../../nios2-elf/lib\libc.a(lib_a-puts.o)
 .comment       0x00000000       0x27 c:/altera/11.1/nios2eds/bin/gnu/h-i686-mingw32/bin/../lib/gcc/nios2-elf/4.1.2/../../../../nios2-elf/lib\libc.a(lib_a-sprintf.o)
 .comment       0x00000000       0x27 c:/altera/11.1/nios2eds/bin/gnu/h-i686-mingw32/bin/../lib/gcc/nios2-elf/4.1.2/../../../../nios2-elf/lib\libc.a(lib_a-strlen.o)
 .comment       0x00000000       0x27 c:/altera/11.1/nios2eds/bin/gnu/h-i686-mingw32/bin/../lib/gcc/nios2-elf/4.1.2/../../../../nios2-elf/lib\libc.a(lib_a-vfprintf.o)
 .comment       0x00000000       0x27 c:/altera/11.1/nios2eds/bin/gnu/h-i686-mingw32/bin/../lib/gcc/nios2-elf/4.1.2/../../../../nios2-elf/lib\libc.a(lib_a-wsetup.o)
 .comment       0x00000000       0x27 c:/altera/11.1/nios2eds/bin/gnu/h-i686-mingw32/bin/../lib/gcc/nios2-elf/4.1.2/../../../../nios2-elf/lib\libc.a(lib_a-dtoa.o)
 .comment       0x00000000       0x27 c:/altera/11.1/nios2eds/bin/gnu/h-i686-mingw32/bin/../lib/gcc/nios2-elf/4.1.2/../../../../nios2-elf/lib\libc.a(lib_a-fflush.o)
 .comment       0x00000000       0x27 c:/altera/11.1/nios2eds/bin/gnu/h-i686-mingw32/bin/../lib/gcc/nios2-elf/4.1.2/../../../../nios2-elf/lib\libc.a(lib_a-findfp.o)
 .comment       0x00000000       0x27 c:/altera/11.1/nios2eds/bin/gnu/h-i686-mingw32/bin/../lib/gcc/nios2-elf/4.1.2/../../../../nios2-elf/lib\libc.a(lib_a-freer.o)
 .comment       0x00000000       0x27 c:/altera/11.1/nios2eds/bin/gnu/h-i686-mingw32/bin/../lib/gcc/nios2-elf/4.1.2/../../../../nios2-elf/lib\libc.a(lib_a-fvwrite.o)
 .comment       0x00000000       0x27 c:/altera/11.1/nios2eds/bin/gnu/h-i686-mingw32/bin/../lib/gcc/nios2-elf/4.1.2/../../../../nios2-elf/lib\libc.a(lib_a-fwalk.o)
 .comment       0x00000000       0x27 c:/altera/11.1/nios2eds/bin/gnu/h-i686-mingw32/bin/../lib/gcc/nios2-elf/4.1.2/../../../../nios2-elf/lib\libc.a(lib_a-impure.o)
 .comment       0x00000000       0x27 c:/altera/11.1/nios2eds/bin/gnu/h-i686-mingw32/bin/../lib/gcc/nios2-elf/4.1.2/../../../../nios2-elf/lib\libc.a(lib_a-locale.o)
 .comment       0x00000000       0x27 c:/altera/11.1/nios2eds/bin/gnu/h-i686-mingw32/bin/../lib/gcc/nios2-elf/4.1.2/../../../../nios2-elf/lib\libc.a(lib_a-makebuf.o)
 .comment       0x00000000       0x27 c:/altera/11.1/nios2eds/bin/gnu/h-i686-mingw32/bin/../lib/gcc/nios2-elf/4.1.2/../../../../nios2-elf/lib\libc.a(lib_a-mallocr.o)
 .comment       0x00000000       0x27 c:/altera/11.1/nios2eds/bin/gnu/h-i686-mingw32/bin/../lib/gcc/nios2-elf/4.1.2/../../../../nios2-elf/lib\libc.a(lib_a-memchr.o)
 .comment       0x00000000       0x27 c:/altera/11.1/nios2eds/bin/gnu/h-i686-mingw32/bin/../lib/gcc/nios2-elf/4.1.2/../../../../nios2-elf/lib\libc.a(lib_a-memcpy.o)
 .comment       0x00000000       0x27 c:/altera/11.1/nios2eds/bin/gnu/h-i686-mingw32/bin/../lib/gcc/nios2-elf/4.1.2/../../../../nios2-elf/lib\libc.a(lib_a-memmove.o)
 .comment       0x00000000       0x27 c:/altera/11.1/nios2eds/bin/gnu/h-i686-mingw32/bin/../lib/gcc/nios2-elf/4.1.2/../../../../nios2-elf/lib\libc.a(lib_a-memset.o)
 .comment       0x00000000       0x27 c:/altera/11.1/nios2eds/bin/gnu/h-i686-mingw32/bin/../lib/gcc/nios2-elf/4.1.2/../../../../nios2-elf/lib\libc.a(lib_a-mprec.o)
 .comment       0x00000000       0x27 c:/altera/11.1/nios2eds/bin/gnu/h-i686-mingw32/bin/../lib/gcc/nios2-elf/4.1.2/../../../../nios2-elf/lib\libc.a(lib_a-reallocr.o)
 .comment       0x00000000       0x27 c:/altera/11.1/nios2eds/bin/gnu/h-i686-mingw32/bin/../lib/gcc/nios2-elf/4.1.2/../../../../nios2-elf/lib\libc.a(lib_a-s_isinfd.o)
 .comment       0x00000000       0x27 c:/altera/11.1/nios2eds/bin/gnu/h-i686-mingw32/bin/../lib/gcc/nios2-elf/4.1.2/../../../../nios2-elf/lib\libc.a(lib_a-s_isnand.o)
 .comment       0x00000000       0x27 c:/altera/11.1/nios2eds/bin/gnu/h-i686-mingw32/bin/../lib/gcc/nios2-elf/4.1.2/../../../../nios2-elf/lib\libc.a(lib_a-sbrkr.o)
 .comment       0x00000000       0x27 c:/altera/11.1/nios2eds/bin/gnu/h-i686-mingw32/bin/../lib/gcc/nios2-elf/4.1.2/../../../../nios2-elf/lib\libc.a(lib_a-stdio.o)
 .comment       0x00000000       0x27 c:/altera/11.1/nios2eds/bin/gnu/h-i686-mingw32/bin/../lib/gcc/nios2-elf/4.1.2/../../../../nios2-elf/lib\libc.a(lib_a-strcmp.o)
 .comment       0x00000000       0x27 c:/altera/11.1/nios2eds/bin/gnu/h-i686-mingw32/bin/../lib/gcc/nios2-elf/4.1.2/../../../../nios2-elf/lib\libc.a(lib_a-writer.o)