Archive member included because of file (symbol)

c:/altera/11.1/nios2eds/bin/gnu/h-i686-mingw32/bin/../lib/gcc/nios2-elf/4.1.2/../../../../nios2-elf/lib\libc.a(lib_a-memcpy.o)
                              obj/D13BUS.o (memcpy)
c:/altera/11.1/nios2eds/bin/gnu/h-i686-mingw32/bin/../lib/gcc/nios2-elf/4.1.2/../../../../nios2-elf/lib\libc.a(lib_a-printf.o)
                              obj/CHAP_9.o (printf)
c:/altera/11.1/nios2eds/bin/gnu/h-i686-mingw32/bin/../lib/gcc/nios2-elf/4.1.2/../../../../nios2-elf/lib\libc.a(lib_a-putchar.o)
                              obj/D13BUS.o (putchar)
c:/altera/11.1/nios2eds/bin/gnu/h-i686-mingw32/bin/../lib/gcc/nios2-elf/4.1.2/../../../../nios2-elf/lib\libc.a(lib_a-puts.o)
                              obj/CHAP_9.o (puts)
c:/altera/11.1/nios2eds/bin/gnu/h-i686-mingw32/bin/../lib/gcc/nios2-elf/4.1.2/../../../../nios2-elf/lib\libc.a(lib_a-sprintf.o)
                              obj/debug.o (sprintf)
c:/altera/11.1/nios2eds/bin/gnu/h-i686-mingw32/bin/../lib/gcc/nios2-elf/4.1.2/../../../../nios2-elf/lib\libc.a(lib_a-strlen.o)
                              obj/LCD.o (strlen)
c:/altera/11.1/nios2eds/bin/gnu/h-i686-mingw32/bin/../lib/gcc/nios2-elf/4.1.2/../../../../nios2-elf/lib\libc.a(lib_a-vfprintf.o)
                              c:/altera/11.1/nios2eds/bin/gnu/h-i686-mingw32/bin/../lib/gcc/nios2-elf/4.1.2/../../../../nios2-elf/lib\libc.a(lib_a-printf.o) (___vfprintf_internal_r)
c:/altera/11.1/nios2eds/bin/gnu/h-i686-mingw32/bin/../lib/gcc/nios2-elf/4.1.2/../../../../nios2-elf/lib\libc.a(lib_a-vsnprintf.o)
                              obj/debug.o (vsnprintf)
c:/altera/11.1/nios2eds/bin/gnu/h-i686-mingw32/bin/../lib/gcc/nios2-elf/4.1.2/../../../../nios2-elf/lib\libc.a(lib_a-wsetup.o)
                              c:/altera/11.1/nios2eds/bin/gnu/h-i686-mingw32/bin/../lib/gcc/nios2-elf/4.1.2/../../../../nios2-elf/lib\libc.a(lib_a-vfprintf.o) (__swsetup_r)
c:/altera/11.1/nios2eds/bin/gnu/h-i686-mingw32/bin/../lib/gcc/nios2-elf/4.1.2/../../../../nios2-elf/lib\libc.a(lib_a-dtoa.o)
                              c:/altera/11.1/nios2eds/bin/gnu/h-i686-mingw32/bin/../lib/gcc/nios2-elf/4.1.2/../../../../nios2-elf/lib\libc.a(lib_a-vfprintf.o) (_dtoa_r)
c:/altera/11.1/nios2eds/bin/gnu/h-i686-mingw32/bin/../lib/gcc/nios2-elf/4.1.2/../../../../nios2-elf/lib\libc.a(lib_a-fflush.o)
                              c:/altera/11.1/nios2eds/bin/gnu/h-i686-mingw32/bin/../lib/gcc/nios2-elf/4.1.2/../../../../nios2-elf/lib\libc.a(lib_a-vfprintf.o) (_fflush_r)
c:/altera/11.1/nios2eds/bin/gnu/h-i686-mingw32/bin/../lib/gcc/nios2-elf/4.1.2/../../../../nios2-elf/lib\libc.a(lib_a-findfp.o)
                              c:/altera/11.1/nios2eds/bin/gnu/h-i686-mingw32/bin/../lib/gcc/nios2-elf/4.1.2/../../../../nios2-elf/lib\libc.a(lib_a-vfprintf.o) (__sinit)
c:/altera/11.1/nios2eds/bin/gnu/h-i686-mingw32/bin/../lib/gcc/nios2-elf/4.1.2/../../../../nios2-elf/lib\libc.a(lib_a-freer.o)
                              c:/altera/11.1/nios2eds/bin/gnu/h-i686-mingw32/bin/../lib/gcc/nios2-elf/4.1.2/../../../../nios2-elf/lib\libc.a(lib_a-wsetup.o) (_free_r)
c:/altera/11.1/nios2eds/bin/gnu/h-i686-mingw32/bin/../lib/gcc/nios2-elf/4.1.2/../../../../nios2-elf/lib\libc.a(lib_a-fvwrite.o)
                              c:/altera/11.1/nios2eds/bin/gnu/h-i686-mingw32/bin/../lib/gcc/nios2-elf/4.1.2/../../../../nios2-elf/lib\libc.a(lib_a-puts.o) (__sfvwrite_r)
c:/altera/11.1/nios2eds/bin/gnu/h-i686-mingw32/bin/../lib/gcc/nios2-elf/4.1.2/../../../../nios2-elf/lib\libc.a(lib_a-fwalk.o)
                              c:/altera/11.1/nios2eds/bin/gnu/h-i686-mingw32/bin/../lib/gcc/nios2-elf/4.1.2/../../../../nios2-elf/lib\libc.a(lib_a-fflush.o) (_fwalk_reent)
c:/altera/11.1/nios2eds/bin/gnu/h-i686-mingw32/bin/../lib/gcc/nios2-elf/4.1.2/../../../../nios2-elf/lib\libc.a(lib_a-impure.o)
                              c:/altera/11.1/nios2eds/bin/gnu/h-i686-mingw32/bin/../lib/gcc/nios2-elf/4.1.2/../../../../nios2-elf/lib\libc.a(lib_a-printf.o) (_impure_ptr)
c:/altera/11.1/nios2eds/bin/gnu/h-i686-mingw32/bin/../lib/gcc/nios2-elf/4.1.2/../../../../nios2-elf/lib\libc.a(lib_a-locale.o)
                              c:/altera/11.1/nios2eds/bin/gnu/h-i686-mingw32/bin/../lib/gcc/nios2-elf/4.1.2/../../../../nios2-elf/lib\libc.a(lib_a-vfprintf.o) (_localeconv_r)
c:/altera/11.1/nios2eds/bin/gnu/h-i686-mingw32/bin/../lib/gcc/nios2-elf/4.1.2/../../../../nios2-elf/lib\libc.a(lib_a-makebuf.o)
                              c:/altera/11.1/nios2eds/bin/gnu/h-i686-mingw32/bin/../lib/gcc/nios2-elf/4.1.2/../../../../nios2-elf/lib\libc.a(lib_a-wsetup.o) (__smakebuf_r)
c:/altera/11.1/nios2eds/bin/gnu/h-i686-mingw32/bin/../lib/gcc/nios2-elf/4.1.2/../../../../nios2-elf/lib\libc.a(lib_a-mallocr.o)
                              c:/altera/11.1/nios2eds/bin/gnu/h-i686-mingw32/bin/../lib/gcc/nios2-elf/4.1.2/../../../../nios2-elf/lib\libc.a(lib_a-findfp.o) (_malloc_r)
[...]
Memory Configuration

Name             Origin             Length             Attributes
sdram_0_BEFORE_EXCEPTION 0x00800000         0x00000020
sdram_0          0x00800020         0x007fffe0
reset            0x01400000         0x00000020
cfi_flash_0      0x01400020         0x003fffe0
sram_0           0x01a80000         0x00080000
epcs_controller  0x01b01800         0x00000800
*default*        0x00000000         0xffffffff

Linker script and memory map

LOAD ../hello_world_bsp//obj/HAL/src/crt0.o
LOAD obj/CHAP_9.o
LOAD obj/D13BUS.o
LOAD obj/HAL4D13.o
LOAD obj/ISO.o
LOAD obj/ISR.o
LOAD obj/LCD.o
LOAD obj/MAINLOOP.o
LOAD obj/debug.o
LOAD obj/hello_world_0.o
LOAD obj/usb_irq.o
LOAD c:/altera/11.1/nios2eds/bin/gnu/h-i686-mingw32/bin/../lib/gcc/nios2-elf/4.1.2/../../../../nios2-elf/lib\libstdc++.a
LOAD c:/altera/11.1/nios2eds/bin/gnu/h-i686-mingw32/bin/../lib/gcc/nios2-elf/4.1.2/../../../../nios2-elf/lib\libm.a
LOAD c:/altera/11.1/nios2eds/bin/gnu/h-i686-mingw32/bin/../lib/gcc/nios2-elf/4.1.2\libgcc.a
START GROUP
LOAD c:/altera/11.1/nios2eds/bin/gnu/h-i686-mingw32/bin/../lib/gcc/nios2-elf/4.1.2/../../../../nios2-elf/lib\libc.a
LOAD c:/altera/11.1/nios2eds/bin/gnu/h-i686-mingw32/bin/../lib/gcc/nios2-elf/4.1.2\libgcc.a
LOAD ../hello_world_bsp/\libhal_bsp.a
END GROUP
LOAD c:/altera/11.1/nios2eds/bin/gnu/h-i686-mingw32/bin/../lib/gcc/nios2-elf/4.1.2\libgcc.a
                0x00800000                __alt_mem_sdram_0 = 0x800000
                0x01400000                __alt_mem_cfi_flash_0 = 0x1400000
                0x01a80000                __alt_mem_sram_0 = 0x1a80000
                0x01b01800                __alt_mem_epcs_controller = 0x1b01800

.entry          0x01400000        0x0
 *(.entry)
 .entry         0x01400000        0x0 ../hello_world_bsp//obj/HAL/src/crt0.o
                0x01400000                __reset

.exceptions     0x00800020      0x194
                0x00800020                PROVIDE (__ram_exceptions_start, ABSOLUTE (.))
                0x00800020                . = ALIGN (0x20)
 *(.irq)
 *(.exceptions.entry.label)
 .exceptions.entry.label
                0x00800020        0x0 ../hello_world_bsp/\libhal_bsp.a(alt_irq_entry.o)
                0x00800020                alt_irq_entry
 .exceptions.entry.label
                0x00800020        0x0 ../hello_world_bsp/\libhal_bsp.a(alt_exception_entry.o)
                0x00800020                alt_exception
 *(.exceptions.entry.user)
 *(.exceptions.entry)
 .exceptions.entry
                0x00800020       0x54 ../hello_world_bsp/\libhal_bsp.a(alt_exception_entry.o)
 *(.exceptions.irqtest.user)
 *(.exceptions.irqtest)
 .exceptions.irqtest
                0x00800074       0x10 ../hello_world_bsp/\libhal_bsp.a(alt_irq_entry.o)
 *(.exceptions.irqhandler.user)
 *(.exceptions.irqhandler)
 .exceptions.irqhandler
                0x00800084        0x4 ../hello_world_bsp/\libhal_bsp.a(alt_irq_entry.o)
 *(.exceptions.irqreturn.user)
 *(.exceptions.irqreturn)
 .exceptions.irqreturn
                0x00800088        0x4 ../hello_world_bsp/\libhal_bsp.a(alt_irq_entry.o)
 *(.exceptions.notirq.label)
 .exceptions.notirq.label
                0x0080008c        0x0 ../hello_world_bsp/\libhal_bsp.a(alt_irq_entry.o)
 *(.exceptions.notirq.user)
 *(.exceptions.notirq)
 .exceptions.notirq
                0x0080008c        0x8 ../hello_world_bsp/\libhal_bsp.a(alt_exception_entry.o)
 *(.exceptions.soft.user)
 *(.exceptions.soft)
 *(.exceptions.unknown.user)
 *(.exceptions.unknown)
 .exceptions.unknown
                0x00800094        0x4 ../hello_world_bsp/\libhal_bsp.a(alt_exception_entry.o)
 *(.exceptions.exit.label)
 .exceptions.exit.label
                0x00800098        0x0 ../hello_world_bsp/\libhal_bsp.a(alt_irq_entry.o)
 .exceptions.exit.label
                0x00800098        0x0 ../hello_world_bsp/\libhal_bsp.a(alt_exception_entry.o)
 *(.exceptions.exit.user)
 *(.exceptions.exit)
 .exceptions.exit
                0x00800098       0x54 ../hello_world_bsp/\libhal_bsp.a(alt_exception_entry.o)
 *(.exceptions)
 .exceptions    0x008000ec       0xc8 ../hello_world_bsp/\libhal_bsp.a(alt_irq_handler.o)
                0x008000ec                alt_irq_handler
                0x008001b4                PROVIDE (__ram_exceptions_end, ABSOLUTE (.))
                0x00800020                PROVIDE (__flash_exceptions_start, LOADADDR (.exceptions))

.text           0x008001b4    0x15fd0
                0x008001b4                PROVIDE (stext, ABSOLUTE (.))
 *(.interp)
 *(.hash)
 *(.dynsym)
 *(.dynstr)
 *(.gnu.version)
 *(.gnu.version_d)
 *(.gnu.version_r)
 *(.rel.init)
 *(.rela.init)
 *(.rel.text .rel.text.* .rel.gnu.linkonce.t.*)
 *(.rela.text .rela.text.* .rela.gnu.linkonce.t.*)
 *(.rel.fini)
 *(.rela.fini)
 *(.rel.rodata .rel.rodata.* .rel.gnu.linkonce.r.*)
 *(.rela.rodata .rela.rodata.* .rela.gnu.linkonce.r.*)
 *(.rel.data .rel.data.* .rel.gnu.linkonce.d.*)
 *(.rela.data .rela.data.* .rela.gnu.linkonce.d.*)
 *(.rel.tdata .rel.tdata.* .rel.gnu.linkonce.td.*)
 *(.rela.tdata .rela.tdata.* .rela.gnu.linkonce.td.*)
 *(.rel.tbss .rel.tbss.* .rel.gnu.linkonce.tb.*)
 *(.rela.tbss .rela.tbss.* .rela.gnu.linkonce.tb.*)
 *(.rel.ctors)
 *(.rela.ctors)
 *(.rel.dtors)
 *(.rela.dtors)
 *(.rel.got)
 *(.rela.got)
 *(.rel.sdata .rel.sdata.* .rel.gnu.linkonce.s.*)
 *(.rela.sdata .rela.sdata.* .rela.gnu.linkonce.s.*)
 *(.rel.sbss .rel.sbss.* .rel.gnu.linkonce.sb.*)
 *(.rela.sbss .rela.sbss.* .rela.gnu.linkonce.sb.*)
 *(.rel.sdata2 .rel.sdata2.* .rel.gnu.linkonce.s2.*)
 *(.rela.sdata2 .rela.sdata2.* .rela.gnu.linkonce.s2.*)
 *(.rel.sbss2 .rel.sbss2.* .rel.gnu.linkonce.sb2.*)
 *(.rela.sbss2 .rela.sbss2.* .rela.gnu.linkonce.sb2.*)
 *(.rel.bss .rel.bss.* .rel.gnu.linkonce.b.*)
 *(.rela.bss .rela.bss.* .rela.gnu.linkonce.b.*)
 *(.rel.plt)
 *(.rela.plt)
 *(.rel.dyn)
 *(.init)
 *(.plt)
 *(.text .stub .text.* .gnu.linkonce.t.*)
 .text          0x008001b4       0x48 ../hello_world_bsp//obj/HAL/src/crt0.o
                0x008001b4                _start
 .text          0x008001fc     0x12f0 obj/CHAP_9.o
                0x008001fc                Chap9_GetStatus
                0x0080048c                Chap9_ClearFeature
                0x008006c4                Chap9_SetFeature
                0x008008ec                Chap9_SetAddress
                0x00800b30                Chap9_GetDescriptor
                0x00800d0c                Chap9_GetConfiguration
                0x00800dcc                Chap9_SetConfiguration
                0x00800fd8                Chap9_GetInterface
                0x0080107c                Chap9_SetInterface
                0x0080117c                Chap9_StallEP0
                0x0080120c                Chap9_StallEP0InControlWrite
                0x00801270                Chap9_StallEP0InControlRead
                0x008012d4                Chap9_SingleTransmitEP0
                0x00801370                Chap9_BurstTransmitEP0
 .text          0x008014ec      0x5d0 obj/D13BUS.o
                0x008014ec                D13Bus_ControlEntry
                0x00801514                reserved
                0x0080153c                read_write_register
                0x0080174c                setup_dma_request
                0x0080183c                get_firmware_version
                0x00801874                D13Bus_StallEP0
                0x0080189c                D13Bus_SingleTransmitEP0
                0x00801938                D13Bus_BurstTransmitEP0
 .text          0x00801abc     0x1120 obj/HAL4D13.o
                0x00801abc                Hal4D13_AcquireD13
                0x00801af8                Hal4D13_ResetDevice
                0x00801b24                Hal4D13_GetDevConfig
                0x00801b64                Hal4D13_SetDevConfig
                0x00801ba4                Hal4D13_SetMode
                0x00801be4                Hal4D13_GetMode
                0x00801c30                Hal4D13_GetAddress
                0x00801c7c                Hal4D13_SetAddressEnable
                0x00801cec                Hal4D13_SoftConnect
                0x00801d84                Hal4D13_AcknowledgeSETUP
                0x00801db0                Hal4D13_ClearBuffer
                0x00801de4                Hal4D13_ValidBuffer
                0x00801e18                Hal4D13_ReadEndpoint
                0x00801f14                Hal4D13_ReadBulkEndpoint
                0x00802010                Hal4D13_ReadEndpointWOClearBuffer
                0x0080210c                Hal4D13_WriteEndpoint
                0x00802234                Hal4D13_WriteBulkEndpoint
                0x00802324                Hal4D13_GetIntEnable
                0x00802380                Hal4D13_SetIntEnable
                0x008023f0                Hal4D13_ReadInterruptRegister
                0x00802460                Hal4D13_GetEndpointStatusWInteruptClear
                0x008024b4                Hal4D13_GetEndpointStatusWOInteruptClear
                0x00802508                Hal4D13_SetEndpointStatus
                0x00802570                Hal4D13_SetDMAConfig
                0x008025b0                Hal4D13_GetDMAConfig
                0x008025f0                Hal4D13_SetDMACounter
                0x00802630                Hal4D13_GetDMACounter
                0x00802670                Hal4D13_GetDataFromChipRam
                0x008026b0                Hal4D13_SetDataToChipRam
                0x008026f0                Hal4D13_ReadCurrentFrameNumber
                0x00802730                Hal4D13_LockDevice
                0x0080278c                Hal4D13_ReadChipID
                0x008027cc                Hal4D13_GetErrorCode
                0x00802820                Hal4D13_GetEndpointConfig
                0x00802874                Hal4D13_SetEndpointConfig
                0x008028c0                Hal4D13_UnconfigDevice
                0x008028dc                Hal4D13_ConfigDevice
                0x008028f8                Hal4D13_SingleTransmitEP0
                0x00802940                Hal4D13_RegAccess
                0x00802aa8                Hal4D13_StallEP0InControlWrite
                0x00802ae4                Hal4D13_StallEP0InControlRead
                0x00802b20                Hal4D13_IsSetupPktInvalid
                0x00802b60                Write_HC_Config_Reg
                0x00802ba0                Read_HC_Config_Reg
 .text          0x00802bdc      0x414 obj/ISO.o
                0x00802bdc                EnableIsoMode
                0x00802db8                Wait4Ns
                0x00802de8                ISOLOOP
                0x00802e60                Hal4D13_ReadISOEndpoint
                0x00802f1c                Hal4D13_WriteISOEndpoint
 .text          0x00802ff0      0xb88 obj/ISR.o
                0x00802ff0                fn_usb_isr
                0x00803024                usb_isr
                0x008031dc                Isr_BusReset
                0x0080328c                Isr_SuspendChange
                0x008032bc                Isr_SHORT_PACKET
                0x008032ec                Isr_DmaEot
                0x008033b8                Isr_SOF
                0x008033d4                Isr_Ep00RxDone
                0x00803608                Isr_Ep00TxDone
                0x00803820                Isr_Ep01Done
                0x0080396c                Isr_Ep02Done
                0x008039ac                Isr_Ep03Done
                0x008039dc                Isr_Ep04Done
                0x00803a0c                Isr_Ep05Done
                0x00803a68                Isr_Ep06Done
                0x00803a98                Isr_Ep07Done
                0x00803ab4                Isr_Ep08Done
                0x00803ad0                Isr_Ep09Done
                0x00803aec                Isr_Ep0ADone
                0x00803b08                Isr_Ep0BDone
                0x00803b24                Isr_Ep0CDone
                0x00803b40                Isr_Ep0DDone
                0x00803b5c                Isr_Ep0EDone
 .text          0x00803b78      0x1ec obj/LCD.o
                0x00803b78                LCD_Init
                0x00803c14                LCD_Show_Text
                0x00803c9c                LCD_Line2
                0x00803cd8                LCD_Test
 .text          0x00803d64      0x7b4 obj/MAINLOOP.o
                0x00803d64                SetupToken_Handler
                0x00803fd8                DeviceRequest_Handler
                0x0080409c                help_devreq
                0x008041c4                disconnect_USB
                0x00804204                connect_USB
                0x0080426c                config_endpoint
                0x0080436c                reconnect_USB
                0x00804398                suspend_change
                0x008043c8                ML_AcknowledgeSETUP
                0x00804424                ML_Reserved
                0x00804450                CHECK_CHIP_ID
 .text          0x00804518      0x194 obj/debug.o
                0x00804518                debug_output
                0x00804548                myprintf
                0x008045a8                myprintf_hexarray
                0x00804628                myprintf_dwordarray
 .text          0x008046ac      0x170 obj/hello_world_0.o
                0x008046ac                main
 .text          0x0080481c       0x94 obj/usb_irq.o
                0x0080481c                disable
                0x0080486c                enable
 .text          0x008048b0       0xa0 c:/altera/11.1/nios2eds/bin/gnu/h-i686-mingw32/bin/../lib/gcc/nios2-elf/4.1.2/../../../../nios2-elf/lib\libc.a(lib_a-memcpy.o)
                0x008048b0                memcpy
 .text          0x00804950       0x78 c:/altera/11.1/nios2eds/bin/gnu/h-i686-mingw32/bin/../lib/gcc/nios2-elf/4.1.2/../../../../nios2-elf/lib\libc.a(lib_a-printf.o)
                0x00804950                printf
                0x00804994                _printf_r
 .text          0x008049c8       0x24 c:/altera/11.1/nios2eds/bin/gnu/h-i686-mingw32/bin/../lib/gcc/nios2-elf/4.1.2/../../../../nios2-elf/lib\libc.a(lib_a-putchar.o)
                0x008049c8                putchar
                0x008049e4                _putchar_r
 .text          0x008049ec       0xb4 c:/altera/11.1/nios2eds/bin/gnu/h-i686-mingw32/bin/../lib/gcc/nios2-elf/4.1.2/../../../../nios2-elf/lib\libc.a(lib_a-puts.o)
                0x008049ec                _puts_r
                0x00804a8c                puts
 .text          0x00804aa0       0xd4 c:/altera/11.1/nios2eds/bin/gnu/h-i686-mingw32/bin/../lib/gcc/nios2-elf/4.1.2/../../../../nios2-elf/lib\libc.a(lib_a-sprintf.o)
                0x00804aa0                sprintf
                0x00804b14                _sprintf_r
 .text          0x00804b74       0x74 c:/altera/11.1/nios2eds/bin/gnu/h-i686-mingw32/bin/../lib/gcc/nios2-elf/4.1.2/../../../../nios2-elf/lib\libc.a(lib_a-strlen.o)
                0x00804b74                strlen
 .text          0x00804be8     0x1f28 c:/altera/11.1/nios2eds/bin/gnu/h-i686-mingw32/bin/../lib/gcc/nios2-elf/4.1.2/../../../../nios2-elf/lib\libc.a(lib_a-vfprintf.o)
                0x00804c40                ___vfprintf_internal_r
                0x00806aec                __vfprintf_internal
 .text          0x00806b10       0xf4 c:/altera/11.1/nios2eds/bin/gnu/h-i686-mingw32/bin/../lib/gcc/nios2-elf/4.1.2/../../../../nios2-elf/lib\libc.a(lib_a-vsnprintf.o)
                0x00806b10                _vsnprintf_r
                0x00806bc4                vsnprintf
 .text          0x00806c04      0x13c c:/altera/11.1/nios2eds/bin/gnu/h-i686-mingw32/bin/../lib/gcc/nios2-elf/4.1.2/../../../../nios2-elf/lib\libc.a(lib_a-wsetup.o)
                0x00806c04                __swsetup_r
 .text          0x00806d40     0x17cc c:/altera/11.1/nios2eds/bin/gnu/h-i686-mingw32/bin/../lib/gcc/nios2-elf/4.1.2/../../../../nios2-elf/lib\libc.a(lib_a-dtoa.o)
                0x00806f58                _dtoa_r
 .text          0x0080850c      0x230 c:/altera/11.1/nios2eds/bin/gnu/h-i686-mingw32/bin/../lib/gcc/nios2-elf/4.1.2/../../../../nios2-elf/lib\libc.a(lib_a-fflush.o)
                0x0080850c                _fflush_r
                0x00808708                fflush
 .text          0x0080873c      0x2c0 c:/altera/11.1/nios2eds/bin/gnu/h-i686-mingw32/bin/../lib/gcc/nios2-elf/4.1.2/../../../../nios2-elf/lib\libc.a(lib_a-findfp.o)
                0x00808794                __sfp_lock_acquire
                0x00808798                __sfp_lock_release
                0x0080879c                __sinit_lock_acquire
                0x008087a0                __sinit_lock_release
                0x008087a4                __sinit
                0x00808858                __fp_unlock_all
                0x00808870                __fp_lock_all
                0x00808888                _cleanup_r
                0x00808894                _cleanup
                0x008088a4                __sfmoreglue
                0x0080890c                __sfp
 .text          0x008089fc      0x440 c:/altera/11.1/nios2eds/bin/gnu/h-i686-mingw32/bin/../lib/gcc/nios2-elf/4.1.2/../../../../nios2-elf/lib\libc.a(lib_a-freer.o)
                0x008089fc                _malloc_trim_r
                0x00808b28                _free_r
 .text          0x00808e3c      0x49c c:/altera/11.1/nios2eds/bin/gnu/h-i686-mingw32/bin/../lib/gcc/nios2-elf/4.1.2/../../../../nios2-elf/lib\libc.a(lib_a-fvwrite.o)
                0x00808e3c                __sfvwrite_r
 .text          0x008092d8      0x180 c:/altera/11.1/nios2eds/bin/gnu/h-i686-mingw32/bin/../lib/gcc/nios2-elf/4.1.2/../../../../nios2-elf/lib\libc.a(lib_a-fwalk.o)
                0x008092d8                _fwalk_reent
                0x008093a0                _fwalk
 .text          0x00809458        0x0 c:/altera/11.1/nios2eds/bin/gnu/h-i686-mingw32/bin/../lib/gcc/nios2-elf/4.1.2/../../../../nios2-elf/lib\libc.a(lib_a-impure.o)
 .text          0x00809458       0xc4 c:/altera/11.1/nios2eds/bin/gnu/h-i686-mingw32/bin/../lib/gcc/nios2-elf/4.1.2/../../../../nios2-elf/lib\libc.a(lib_a-locale.o)
                0x00809458                __locale_charset
                0x00809460                _localeconv_r
                0x0080946c                localeconv
                0x0080947c                _setlocale_r
                0x00809500                setlocale
 .text          0x0080951c      0x194 c:/altera/11.1/nios2eds/bin/gnu/h-i686-mingw32/bin/../lib/gcc/nios2-elf/4.1.2/../../../../nios2-elf/lib\libc.a(lib_a-makebuf.o)
                0x0080951c                __smakebuf_r
 .text          0x008096b0      0x740 c:/altera/11.1/nios2eds/bin/gnu/h-i686-mingw32/bin/../lib/gcc/nios2-elf/4.1.2/../../../../nios2-elf/lib\libc.a(lib_a-mallocr.o)
                0x008096b0                _malloc_r
 .text          0x00809df0       0xe4 c:/altera/11.1/nios2eds/bin/gnu/h-i686-mingw32/bin/../lib/gcc/nios2-elf/4.1.2/../../../../nios2-elf/lib\libc.a(lib_a-memchr.o)
                0x00809df0                memchr
 .text          0x00809ed4       0xe0 c:/altera/11.1/nios2eds/bin/gnu/h-i686-mingw32/bin/../lib/gcc/nios2-elf/4.1.2/../../../../nios2-elf/lib\libc.a(lib_a-memmove.o)
                0x00809ed4                memmove
 .text          0x00809fb4       0x98 c:/altera/11.1/nios2eds/bin/gnu/h-i686-mingw32/bin/../lib/gcc/nios2-elf/4.1.2/../../../../nios2-elf/lib\libc.a(lib_a-memset.o)
                0x00809fb4                memset
 .text          0x0080a04c      0xff4 c:/altera/11.1/nios2eds/bin/gnu/h-i686-mingw32/bin/../lib/gcc/nios2-elf/4.1.2/../../../../nios2-elf/lib\libc.a(lib_a-mprec.o)
                0x0080a04c                _Bfree
                0x0080a074                __hi0bits
                0x0080a0e4                __lo0bits
                0x0080a1a8                __mcmp
                0x0080a208                __ulp
                0x0080a288                __b2d
                0x0080a3a8                __ratio
                0x0080a458                _mprec_log10
                0x0080a4ec                __copybits
                0x0080a544                __any_on
                0x0080a5cc                _Balloc
                0x0080a688                __d2b
                0x0080a804                __mdiff
                0x0080a990                __lshift
                0x0080aadc                __multiply
                0x0080acc4                __i2b
                0x0080ad00                __multadd
                0x0080ae00                __pow5mult
                0x0080af20                __s2b
 .text          0x0080b040      0x1ec c:/altera/11.1/nios2eds/bin/gnu/h-i686-mingw32/bin/../lib/gcc/nios2-elf/4.1.2/../../../../nios2-elf/lib\libc.a(lib_a-putc.o)
                0x0080b040                putc
                0x0080b144                _putc_r
 .text          0x0080b22c      0x5f4 c:/altera/11.1/nios2eds/bin/gnu/h-i686-mingw32/bin/../lib/gcc/nios2-elf/4.1.2/../../../../nios2-elf/lib\libc.a(lib_a-reallocr.o)
                0x0080b22c                _realloc_r
 .text          0x0080b820       0x40 c:/altera/11.1/nios2eds/bin/gnu/h-i686-mingw32/bin/../lib/gcc/nios2-elf/4.1.2/../../../../nios2-elf/lib\libc.a(lib_a-s_isinfd.o)
                0x0080b820                __isinfd
 .text          0x0080b860       0x30 c:/altera/11.1/nios2eds/bin/gnu/h-i686-mingw32/bin/../lib/gcc/nios2-elf/4.1.2/../../../../nios2-elf/lib\libc.a(lib_a-s_isnand.o)
                0x0080b860                __isnand
 .text          0x0080b890       0x70 c:/altera/11.1/nios2eds/bin/gnu/h-i686-mingw32/bin/../lib/gcc/nios2-elf/4.1.2/../../../../nios2-elf/lib\libc.a(lib_a-sbrkr.o)
                0x0080b890                _sbrk_r
 .text          0x0080b900      0x14c c:/altera/11.1/nios2eds/bin/gnu/h-i686-mingw32/bin/../lib/gcc/nios2-elf/4.1.2/../../../../nios2-elf/lib\libc.a(lib_a-stdio.o)
                0x0080b900                __sclose
                0x0080b908                __sseek
                0x0080b970                __swrite
                0x0080b9ec                __sread
 .text          0x0080ba4c       0xbc c:/altera/11.1/nios2eds/bin/gnu/h-i686-mingw32/bin/../lib/gcc/nios2-elf/4.1.2/../../../../nios2-elf/lib\libc.a(lib_a-strcmp.o)
                0x0080ba4c                strcmp
 .text          0x0080bb08      0x14c c:/altera/11.1/nios2eds/bin/gnu/h-i686-mingw32/bin/../lib/gcc/nios2-elf/4.1.2/../../../../nios2-elf/lib\libc.a(lib_a-wbuf.o)
                0x0080bb08                __swbuf_r
                0x0080bc38                __swbuf
 .text          0x0080bc54       0x78 c:/altera/11.1/nios2eds/bin/gnu/h-i686-mingw32/bin/../lib/gcc/nios2-elf/4.1.2/../../../../nios2-elf/lib\libc.a(lib_a-writer.o)
                0x0080bc54                _write_r
 .text          0x0080bccc       0xb4 c:/altera/11.1/nios2eds/bin/gnu/h-i686-mingw32/bin/../lib/gcc/nios2-elf/4.1.2/../../../../nios2-elf/lib\libc.a(lib_a-callocr.o)
                0x0080bccc                _calloc_r
 .text          0x0080bd80       0x70 c:/altera/11.1/nios2eds/bin/gnu/h-i686-mingw32/bin/../lib/gcc/nios2-elf/4.1.2/../../../../nios2-elf/lib\libc.a(lib_a-closer.o)
                0x0080bd80                _close_r
 .text          0x0080bdf0      0x124 c:/altera/11.1/nios2eds/bin/gnu/h-i686-mingw32/bin/../lib/gcc/nios2-elf/4.1.2/../../../../nios2-elf/lib\libc.a(lib_a-fclose.o)
                0x0080bdf0                _fclose_r
                0x0080bf00                fclose
 .text          0x0080bf14       0x74 c:/altera/11.1/nios2eds/bin/gnu/h-i686-mingw32/bin/../lib/gcc/nios2-elf/4.1.2/../../../../nios2-elf/lib\libc.a(lib_a-fstatr.o)
                0x0080bf14                _fstat_r
 .text          0x0080bf88        0x0 c:/altera/11.1/nios2eds/bin/gnu/h-i686-mingw32/bin/../lib/gcc/nios2-elf/4.1.2/../../../../nios2-elf/lib\libc.a(lib_a-int_errno.o)
 .text          0x0080bf88       0x70 c:/altera/11.1/nios2eds/bin/gnu/h-i686-mingw32/bin/../lib/gcc/nios2-elf/4.1.2/../../../../nios2-elf/lib\libc.a(lib_a-isattyr.o)
                0x0080bf88                _isatty_r
 .text          0x0080bff8       0x78 c:/altera/11.1/nios2eds/bin/gnu/h-i686-mingw32/bin/../lib/gcc/nios2-elf/4.1.2/../../../../nios2-elf/lib\libc.a(lib_a-lseekr.o)
                0x0080bff8                _lseek_r
 .text          0x0080c070       0x78 c:/altera/11.1/nios2eds/bin/gnu/h-i686-mingw32/bin/../lib/gcc/nios2-elf/4.1.2/../../../../nios2-elf/lib\libc.a(lib_a-readr.o)
                0x0080c070                _read_r
 .text          0x0080c0e8      0x5dc c:/altera/11.1/nios2eds/bin/gnu/h-i686-mingw32/bin/../lib/gcc/nios2-elf/4.1.2\libgcc.a(_udivdi3.o)
                0x0080c0e8                __udivdi3
 .text          0x0080c6c4      0x5b0 c:/altera/11.1/nios2eds/bin/gnu/h-i686-mingw32/bin/../lib/gcc/nios2-elf/4.1.2\libgcc.a(_umoddi3.o)
                0x0080c6c4                __umoddi3
 .text          0x0080cc74      0x504 c:/altera/11.1/nios2eds/bin/gnu/h-i686-mingw32/bin/../lib/gcc/nios2-elf/4.1.2\libgcc.a(_addsub_df.o)
                0x0080d084                __subdf3
                0x0080d104                __adddf3
 .text          0x0080d178      0x3c4 c:/altera/11.1/nios2eds/bin/gnu/h-i686-mingw32/bin/../lib/gcc/nios2-elf/4.1.2\libgcc.a(_mul_df.o)
                0x0080d178                __muldf3
 .text          0x0080d53c      0x258 c:/altera/11.1/nios2eds/bin/gnu/h-i686-mingw32/bin/../lib/gcc/nios2-elf/4.1.2\libgcc.a(_div_df.o)
                0x0080d53c                __divdf3
 .text          0x0080d794       0x88 c:/altera/11.1/nios2eds/bin/gnu/h-i686-mingw32/bin/../lib/gcc/nios2-elf/4.1.2\libgcc.a(_eq_df.o)
                0x0080d794                __eqdf2
 .text          0x0080d81c       0x88 c:/altera/11.1/nios2eds/bin/gnu/h-i686-mingw32/bin/../lib/gcc/nios2-elf/4.1.2\libgcc.a(_ne_df.o)
                0x0080d81c                __nedf2
 .text          0x0080d8a4       0x88 c:/altera/11.1/nios2eds/bin/gnu/h-i686-mingw32/bin/../lib/gcc/nios2-elf/4.1.2\libgcc.a(_gt_df.o)
                0x0080d8a4                __gtdf2
 .text          0x0080d92c       0x88 c:/altera/11.1/nios2eds/bin/gnu/h-i686-mingw32/bin/../lib/gcc/nios2-elf/4.1.2\libgcc.a(_ge_df.o)
                0x0080d92c                __gedf2
 .text          0x0080d9b4       0x88 c:/altera/11.1/nios2eds/bin/gnu/h-i686-mingw32/bin/../lib/gcc/nios2-elf/4.1.2\libgcc.a(_lt_df.o)
                0x0080d9b4                __ltdf2
 .text          0x0080da3c       0xf8 c:/altera/11.1/nios2eds/bin/gnu/h-i686-mingw32/bin/../lib/gcc/nios2-elf/4.1.2\libgcc.a(_si_to_df.o)
                0x0080da3c                __floatsidf
 .text          0x0080db34       0xd8 c:/altera/11.1/nios2eds/bin/gnu/h-i686-mingw32/bin/../lib/gcc/nios2-elf/4.1.2\libgcc.a(_df_to_si.o)
                0x0080db34                __fixdfsi
 .text          0x0080dc0c        0x0 c:/altera/11.1/nios2eds/bin/gnu/h-i686-mingw32/bin/../lib/gcc/nios2-elf/4.1.2\libgcc.a(_thenan_df.o)
 .text          0x0080dc0c      0x194 c:/altera/11.1/nios2eds/bin/gnu/h-i686-mingw32/bin/../lib/gcc/nios2-elf/4.1.2\libgcc.a(_usi_to_df.o)
                0x0080dc0c                __floatunsidf
 .text          0x0080dda0      0x14c c:/altera/11.1/nios2eds/bin/gnu/h-i686-mingw32/bin/../lib/gcc/nios2-elf/4.1.2\libgcc.a(lib2-divmod.o)
                0x0080de1c                __divsi3
                0x0080de7c                __modsi3
                0x0080dedc                __udivsi3
                0x0080dee4                __umodsi3
 .text          0x0080deec       0x98 c:/altera/11.1/nios2eds/bin/gnu/h-i686-mingw32/bin/../lib/gcc/nios2-elf/4.1.2\libgcc.a(_muldi3.o)
                0x0080deec                __muldi3
 .text          0x0080df84        0x0 c:/altera/11.1/nios2eds/bin/gnu/h-i686-mingw32/bin/../lib/gcc/nios2-elf/4.1.2\libgcc.a(_clz.o)
 .text          0x0080df84       0x80 c:/altera/11.1/nios2eds/bin/gnu/h-i686-mingw32/bin/../lib/gcc/nios2-elf/4.1.2\libgcc.a(_clzsi2.o)
                0x0080df84                __clzsi2
 .text          0x0080e004      0x314 c:/altera/11.1/nios2eds/bin/gnu/h-i686-mingw32/bin/../lib/gcc/nios2-elf/4.1.2\libgcc.a(_pack_df.o)
                0x0080e004                __pack_d
 .text          0x0080e318      0x138 c:/altera/11.1/nios2eds/bin/gnu/h-i686-mingw32/bin/../lib/gcc/nios2-elf/4.1.2\libgcc.a(_unpack_df.o)
                0x0080e318                __unpack_d
 .text          0x0080e450       0xc8 c:/altera/11.1/nios2eds/bin/gnu/h-i686-mingw32/bin/../lib/gcc/nios2-elf/4.1.2\libgcc.a(_fpcmp_parts_df.o)
                0x0080e450                __fpcmp_parts_d
 .text          0x0080e518      0x15c ../hello_world_bsp/\libhal_bsp.a(alt_close.o)
                0x0080e518                close
 .text          0x0080e674       0x2c ../hello_world_bsp/\libhal_bsp.a(alt_dev.o)
 .text          0x0080e6a0        0x0 ../hello_world_bsp/\libhal_bsp.a(alt_errno.o)
 .text          0x0080e6a0      0x134 ../hello_world_bsp/\libhal_bsp.a(alt_fstat.o)
                0x0080e6a0                fstat
 .text          0x0080e7d4      0x1c0 ../hello_world_bsp/\libhal_bsp.a(alt_irq_register.o)
                0x0080e7d4                alt_irq_register
 .text          0x0080e994        0x0 ../hello_world_bsp/\libhal_bsp.a(alt_irq_vars.o)
 .text          0x0080e994      0x120 ../hello_world_bsp/\libhal_bsp.a(alt_isatty.o)
                0x0080e994                isatty
 .text          0x0080eab4      0x150 ../hello_world_bsp/\libhal_bsp.a(alt_lseek.o)
                0x0080eab4                lseek
 .text          0x0080ec04       0x6c ../hello_world_bsp/\libhal_bsp.a(alt_main.o)
                0x0080ec04                alt_main
 .text          0x0080ec70       0x40 ../hello_world_bsp/\libhal_bsp.a(alt_malloc_lock.o)
                0x0080ec70                __malloc_lock
                0x0080ec90                __malloc_unlock
 .text          0x0080ecb0      0x180 ../hello_world_bsp/\libhal_bsp.a(alt_read.o)
                0x0080ecb0                read
 .text          0x0080ee30       0x60 ../hello_world_bsp/\libhal_bsp.a(alt_release_fd.o)
                0x0080ee30                alt_release_fd
 .text          0x0080ee90       0xbc ../hello_world_bsp/\libhal_bsp.a(alt_sbrk.o)
                0x0080ee90                sbrk
 .text          0x0080ef4c       0x30 ../hello_world_bsp/\libhal_bsp.a(alt_usleep.o)
                0x0080ef4c                usleep
 .text          0x0080ef7c      0x180 ../hello_world_bsp/\libhal_bsp.a(alt_write.o)
                0x0080ef7c                write
 .text          0x0080f0fc      0x118 ../hello_world_bsp/\libhal_bsp.a(alt_sys_init.o)
                0x0080f0fc                alt_irq_init
                0x0080f130                alt_sys_init
 .text          0x0080f214      0x8c8 ../hello_world_bsp/\libhal_bsp.a(altera_avalon_cfi_flash.o)
                0x0080f214                alt_flash_cfi_init
                0x0080f2e8                alt_flash_cfi_write
                0x0080f5a8                alt_flash_cfi_get_info
                0x0080f638                alt_flash_cfi_read
                0x0080f6a0                alt_write_value_to_flash
                0x0080f804                alt_flash_program_block
 .text          0x0080fadc     0x1448 ../hello_world_bsp/\libhal_bsp.a(altera_avalon_cfi_flash_table.o)
                0x0080fadc                alt_read_query_entry_8bit
                0x0080fb1c                alt_read_query_entry_16bit
                0x0080fb60                alt_read_query_entry_32bit
                0x0080fba8                alt_write_flash_command_8bit_device_8bit_mode
                0x0080fbe4                alt_write_flash_command_16bit_device_8bit_mode
                0x0080fc60                alt_write_flash_command_32bit_device_8bit_mode
                0x0080fca8                alt_write_flash_command_16bit_device_16bit_mode
                0x0080fcec                alt_write_flash_command_32bit_device_16bit_mode
                0x0080fd34                alt_write_flash_command_32bit_device_32bit_mode
                0x0080fd7c                alt_write_native_8bit
                0x0080fdb0                alt_write_native_16bit
                0x0080fde4                alt_write_native_32bit
                0x0080fe14                alt_set_flash_width_func
                0x0080fff4                alt_set_flash_algorithm_func
                0x0081011c                alt_read_cfi_table
                0x0081069c                alt_read_cfi_width
                0x00810e48                alt_check_primary_table
 .text          0x00810f24      0x934 ../hello_world_bsp/\libhal_bsp.a(altera_avalon_epcs_flash_controller.o)
                0x00810f24                alt_epcs_flash_init
                0x008112a4                alt_epcs_flash_write
                0x00811524                alt_epcs_flash_get_info
                0x008115b4                alt_epcs_flash_erase_block
                0x008116bc                alt_epcs_flash_write_block
                0x008117cc                alt_epcs_flash_read
 .text          0x00811858      0x148 ../hello_world_bsp/\libhal_bsp.a(altera_avalon_jtag_uart_fd.o)
                0x00811858                altera_avalon_jtag_uart_read_fd
                0x008118b0                altera_avalon_jtag_uart_write_fd
                0x00811908                altera_avalon_jtag_uart_close_fd
                0x00811950                altera_avalon_jtag_uart_ioctl_fd
 .text          0x008119a0      0x40c ../hello_world_bsp/\libhal_bsp.a(altera_avalon_jtag_uart_init.o)
                0x008119a0                altera_avalon_jtag_uart_init
                0x00811d38                altera_avalon_jtag_uart_close
 .text          0x00811dac       0xf4 ../hello_world_bsp/\libhal_bsp.a(altera_avalon_jtag_uart_ioctl.o)
                0x00811dac                altera_avalon_jtag_uart_ioctl
 .text          0x00811ea0      0x224 ../hello_world_bsp/\libhal_bsp.a(altera_avalon_jtag_uart_read.o)
                0x00811ea0                altera_avalon_jtag_uart_read
 .text          0x008120c4      0x240 ../hello_world_bsp/\libhal_bsp.a(altera_avalon_jtag_uart_write.o)
                0x008120c4                altera_avalon_jtag_uart_write
 .text          0x00812304      0xee8 ../hello_world_bsp/\libhal_bsp.a(altera_avalon_lcd_16207.o)
                0x00812ad8                altera_avalon_lcd_16207_write
                0x008130b0                altera_avalon_lcd_16207_init
 .text          0x008131ec       0x58 ../hello_world_bsp/\libhal_bsp.a(altera_avalon_lcd_16207_fd.o)
                0x008131ec                altera_avalon_lcd_16207_write_fd
 .text          0x00813244      0x100 ../hello_world_bsp/\libhal_bsp.a(altera_avalon_timer_sc.o)
                0x008132b4                alt_avalon_timer_sc_init
 .text          0x00813344       0xf8 ../hello_world_bsp/\libhal_bsp.a(altera_avalon_uart_fd.o)
                0x00813344                altera_avalon_uart_read_fd
                0x0081339c                altera_avalon_uart_write_fd
                0x008133f4                altera_avalon_uart_close_fd
 .text          0x0081343c      0x400 ../hello_world_bsp/\libhal_bsp.a(altera_avalon_uart_init.o)
                0x0081343c                altera_avalon_uart_init
                0x008137dc                altera_avalon_uart_close
 .text          0x0081383c      0x290 ../hello_world_bsp/\libhal_bsp.a(altera_avalon_uart_read.o)
                0x0081383c                altera_avalon_uart_read
 .text          0x00813acc      0x228 ../hello_world_bsp/\libhal_bsp.a(altera_avalon_uart_write.o)
                0x00813acc                altera_avalon_uart_write
 .text          0x00813cf4      0x460 ../hello_world_bsp/\libhal_bsp.a(epcs_commands.o)
                0x00813cf4                epcs_read_status_register
                0x00813d54                epcs_sector_erase
                0x00813e40                epcs_read_buffer
                0x00813ef4                epcs_write_enable
                0x00813f44                epcs_write_status_register
                0x00813fa8                epcs_write_buffer
                0x00814080                epcs_read_electronic_signature
                0x008140ec                epcs_read_device_id
 .text          0x00814154      0x154 ../hello_world_bsp/\libhal_bsp.a(alt_alarm_start.o)
                0x00814154                alt_alarm_start
 .text          0x008142a8      0x14c ../hello_world_bsp/\libhal_bsp.a(alt_busy_sleep.o)
                0x008142a8                alt_busy_sleep
 .text          0x008143f4       0x78 ../hello_world_bsp/\libhal_bsp.a(alt_dcache_flush.o)
                0x008143f4                alt_dcache_flush
 .text          0x0081446c      0x114 ../hello_world_bsp/\libhal_bsp.a(alt_dev_llist_insert.o)
                0x0081446c                alt_dev_llist_insert
 .text          0x00814580       0x64 ../hello_world_bsp/\libhal_bsp.a(alt_do_ctors.o)
                0x00814580                _do_ctors
 .text          0x008145e4       0x64 ../hello_world_bsp/\libhal_bsp.a(alt_do_dtors.o)
                0x008145e4                _do_dtors
 .text          0x00814648       0xd0 ../hello_world_bsp/\libhal_bsp.a(alt_flash_dev.o)
                0x00814648                alt_flash_open_dev
                0x008146c4                alt_flash_close_dev
 .text          0x00814718      0x1d4 ../hello_world_bsp/\libhal_bsp.a(alt_iic.o)
                0x00814718                alt_ic_isr_register
                0x00814768                alt_ic_irq_enable
                0x00814804                alt_ic_irq_disable
                0x008148a4                alt_ic_irq_enabled
 .text          0x008148ec       0xf8 ../hello_world_bsp/\libhal_bsp.a(alt_iic_isr_register.o)
                0x008148ec                alt_iic_isr_register
 .text          0x008149e4      0x13c ../hello_world_bsp/\libhal_bsp.a(alt_io_redirect.o)
                0x00814aa8                alt_io_redirect
 .text          0x00814b20        0x0 ../hello_world_bsp/\libhal_bsp.a(alt_irq_entry.o)
 .text          0x00814b20        0x0 ../hello_world_bsp/\libhal_bsp.a(alt_irq_handler.o)
 .text          0x00814b20      0x2c4 ../hello_world_bsp/\libhal_bsp.a(alt_open.o)
                0x00814bfc                open
 .text          0x00814de4      0x1a4 ../hello_world_bsp/\libhal_bsp.a(alt_tick.o)
                0x00814de4                alt_alarm_stop
                0x00814e7c                alt_tick
 .text          0x00814f88       0x20 ../hello_world_bsp/\libhal_bsp.a(altera_nios2_qsys_irq.o)
                0x00814f88                altera_nios2_qsys_irq_init
 .text          0x00814fa8      0x460 ../hello_world_bsp/\libhal_bsp.a(altera_avalon_cfi_flash_amd.o)
                0x00814fa8                alt_program_amd
                0x00815010                alt_erase_block_amd
 .text          0x00815408      0x460 ../hello_world_bsp/\libhal_bsp.a(altera_avalon_cfi_flash_intel.o)
                0x00815408                alt_program_intel
                0x0081548c                alt_erase_block_intel
 .text          0x00815868      0x238 ../hello_world_bsp/\libhal_bsp.a(altera_avalon_spi.o)
                0x00815868                alt_avalon_spi_command
 .text          0x00815aa0        0x0 ../hello_world_bsp/\libhal_bsp.a(alt_exception_entry.o)
 .text          0x00815aa0       0x94 ../hello_world_bsp/\libhal_bsp.a(alt_find_dev.o)
                0x00815aa0                alt_find_dev
 .text          0x00815b34      0x120 ../hello_world_bsp/\libhal_bsp.a(alt_find_file.o)
                0x00815b34                alt_find_file
 .text          0x00815c54       0xb8 ../hello_world_bsp/\libhal_bsp.a(alt_get_fd.o)
                0x00815c54                alt_get_fd
 .text          0x00815d0c       0x14 c:/altera/11.1/nios2eds/bin/gnu/h-i686-mingw32/bin/../lib/gcc/nios2-elf/4.1.2/../../../../nios2-elf/lib\libc.a(lib_a-atexit.o)
                0x00815d0c                atexit
 .text          0x00815d20        0x0 c:/altera/11.1/nios2eds/bin/gnu/h-i686-mingw32/bin/../lib/gcc/nios2-elf/4.1.2/../../../../nios2-elf/lib\libc.a(lib_a-ctype_.o)
 .text          0x00815d20       0x38 c:/altera/11.1/nios2eds/bin/gnu/h-i686-mingw32/bin/../lib/gcc/nios2-elf/4.1.2/../../../../nios2-elf/lib\libc.a(lib_a-exit.o)
                0x00815d20                exit
 .text          0x00815d58       0x74 c:/altera/11.1/nios2eds/bin/gnu/h-i686-mingw32/bin/../lib/gcc/nios2-elf/4.1.2/../../../../nios2-elf/lib\libc.a(lib_a-memcmp.o)
                0x00815d58                memcmp
 .text          0x00815dcc      0x134 c:/altera/11.1/nios2eds/bin/gnu/h-i686-mingw32/bin/../lib/gcc/nios2-elf/4.1.2/../../../../nios2-elf/lib\libc.a(lib_a-__atexit.o)
                0x00815dcc                __register_exitproc
 .text          0x00815f00      0x1b4 c:/altera/11.1/nios2eds/bin/gnu/h-i686-mingw32/bin/../lib/gcc/nios2-elf/4.1.2/../../../../nios2-elf/lib\libc.a(lib_a-__call_atexit.o)
                0x00815f04                __call_exitprocs
 .text          0x008160b4       0x60 ../hello_world_bsp/\libhal_bsp.a(alt_exit.o)
                0x008160f4                _exit
 *(.gnu.warning.*)
 *(.fini)
                0x00816114                PROVIDE (__etext, ABSOLUTE (.))
                0x00816114                PROVIDE (_etext, ABSOLUTE (.))
                0x00816114                PROVIDE (etext, ABSOLUTE (.))
 *(.eh_frame_hdr)
                0x00816114                . = ALIGN (0x4)
                0x00816114                PROVIDE (__preinit_array_start, ABSOLUTE (.))
 *(.preinit_array)
                0x00816114                PROVIDE (__preinit_array_end, ABSOLUTE (.))
                0x00816114                PROVIDE (__init_array_start, ABSOLUTE (.))
 *(.init_array)
                0x00816114                PROVIDE (__init_array_end, ABSOLUTE (.))
                0x00816114                PROVIDE (__fini_array_start, ABSOLUTE (.))
 *(.fini_array)
                0x00816114                PROVIDE (__fini_array_end, ABSOLUTE (.))
 *(.eh_frame)
 .eh_frame      0x00816114       0x40 c:/altera/11.1/nios2eds/bin/gnu/h-i686-mingw32/bin/../lib/gcc/nios2-elf/4.1.2\libgcc.a(_udivdi3.o)
 .eh_frame      0x00816154       0x2c c:/altera/11.1/nios2eds/bin/gnu/h-i686-mingw32/bin/../lib/gcc/nios2-elf/4.1.2\libgcc.a(_umoddi3.o)
                                 0x40 (size before relaxing)
 *(.gcc_except_table)
 *(.dynamic)
                0x00816180                PROVIDE (__CTOR_LIST__, ABSOLUTE (.))
 *(.ctors)
 *(SORT(.ctors.*))
 .ctors.65535   0x00816180        0x4 c:/altera/11.1/nios2eds/bin/gnu/h-i686-mingw32/bin/../lib/gcc/nios2-elf/4.1.2/../../../../nios2-elf/lib\libc.a(lib_a-__call_atexit.o)
                0x00816184                PROVIDE (__CTOR_END__, ABSOLUTE (.))
                0x00816184                PROVIDE (__DTOR_LIST__, ABSOLUTE (.))
 *(.dtors)
 *(SORT(.dtors.*))
                0x00816184                PROVIDE (__DTOR_END__, ABSOLUTE (.))
 *(.jcr)
                0x00816184                . = ALIGN (0x4)

.rodata         0x00816184      0xca8
                0x00816184                PROVIDE (__ram_rodata_start, ABSOLUTE (.))
                0x00816184                . = ALIGN (0x4)
 *(.rodata .rodata.* .gnu.linkonce.r.*)
 .rodata        0x00816184       0x60 obj/CHAP_9.o
 .rodata        0x008161e4       0xd8 obj/D13BUS.o
 .rodata        0x008162bc      0x140 obj/HAL4D13.o
 .rodata        0x008163fc       0x5c obj/ISO.o
 .rodata        0x00816458       0xfc obj/ISR.o
 .rodata        0x00816554       0x28 obj/LCD.o
 .rodata        0x0081657c      0x28c obj/MAINLOOP.o
 .rodata        0x00816808       0x10 obj/debug.o
 .rodata.str1.4
                0x00816818        0x2 c:/altera/11.1/nios2eds/bin/gnu/h-i686-mingw32/bin/../lib/gcc/nios2-elf/4.1.2/../../../../nios2-elf/lib\libc.a(lib_a-puts.o)
                                  0x4 (size before relaxing)
 *fill*         0x0081681a        0x2 00
 .rodata.str1.4
                0x0081681c       0x5e c:/altera/11.1/nios2eds/bin/gnu/h-i686-mingw32/bin/../lib/gcc/nios2-elf/4.1.2/../../../../nios2-elf/lib\libc.a(lib_a-vfprintf.o)
                                 0x60 (size before relaxing)
 .rodata        0x0081687a       0x20 c:/altera/11.1/nios2eds/bin/gnu/h-i686-mingw32/bin/../lib/gcc/nios2-elf/4.1.2/../../../../nios2-elf/lib\libc.a(lib_a-vfprintf.o)
 *fill*         0x0081689a        0x2 00
 .rodata.str1.4
                0x0081689c       0x10 c:/altera/11.1/nios2eds/bin/gnu/h-i686-mingw32/bin/../lib/gcc/nios2-elf/4.1.2/../../../../nios2-elf/lib\libc.a(lib_a-dtoa.o)
                                 0x14 (size before relaxing)
 .rodata.str1.4
                0x008168ac        0x2 c:/altera/11.1/nios2eds/bin/gnu/h-i686-mingw32/bin/../lib/gcc/nios2-elf/4.1.2/../../../../nios2-elf/lib\libc.a(lib_a-impure.o)
                                  0x4 (size before relaxing)
 *fill*         0x008168ae        0x2 00
 .rodata.str1.4
                0x008168b0       0x10 c:/altera/11.1/nios2eds/bin/gnu/h-i686-mingw32/bin/../lib/gcc/nios2-elf/4.1.2/../../../../nios2-elf/lib\libc.a(lib_a-locale.o)
                                 0x18 (size before relaxing)
 .rodata        0x008168c0       0x30 c:/altera/11.1/nios2eds/bin/gnu/h-i686-mingw32/bin/../lib/gcc/nios2-elf/4.1.2/../../../../nios2-elf/lib\libc.a(lib_a-locale.o)
 .rodata        0x008168f0      0x124 c:/altera/11.1/nios2eds/bin/gnu/h-i686-mingw32/bin/../lib/gcc/nios2-elf/4.1.2/../../../../nios2-elf/lib\libc.a(lib_a-mprec.o)
                0x008168f0                __mprec_tens
                0x008169b8                __mprec_bigtens
                0x008169e0                __mprec_tinytens
 .rodata        0x00816a14       0x14 c:/altera/11.1/nios2eds/bin/gnu/h-i686-mingw32/bin/../lib/gcc/nios2-elf/4.1.2\libgcc.a(_thenan_df.o)
                0x00816a14                __thenan_df
 .rodata        0x00816a28      0x100 c:/altera/11.1/nios2eds/bin/gnu/h-i686-mingw32/bin/../lib/gcc/nios2-elf/4.1.2\libgcc.a(_clz.o)
                0x00816a28                __clz_tab
 .rodata        0x00816b28        0xc ../hello_world_bsp/\libhal_bsp.a(alt_dev.o)
 .rodata        0x00816b34       0x14 ../hello_world_bsp/\libhal_bsp.a(alt_main.o)
 .rodata        0x00816b48       0x60 ../hello_world_bsp/\libhal_bsp.a(alt_sys_init.o)
 .rodata        0x00816ba8      0x281 c:/altera/11.1/nios2eds/bin/gnu/h-i686-mingw32/bin/../lib/gcc/nios2-elf/4.1.2/../../../../nios2-elf/lib\libc.a(lib_a-ctype_.o)
                0x00816ba8                _ctype_
 *(.rodata1)
                0x00816e2c                . = ALIGN (0x4)
 *fill*         0x00816e29        0x3 00
                0x00816e2c                PROVIDE (__ram_rodata_end, ABSOLUTE (.))
                0x00816184                PROVIDE (__flash_rodata_start, LOADADDR (.rodata))

.rwdata         0x00816e2c     0x20c0
                0x00816e2c                PROVIDE (__ram_rwdata_start, ABSOLUTE (.))
                0x00816e2c                . = ALIGN (0x4)
 *(.got.plt)
 *(.got)
 *(.data1)
 *(.data .data.* .gnu.linkonce.d.*)
 .data          0x00816e2c        0x0 ../hello_world_bsp//obj/HAL/src/crt0.o
 .data          0x00816e2c      0x1ac obj/CHAP_9.o
                0x00816e2c                DeviceDescr
                0x00816e3e                ConfigDescr_a
                0x00816e6c                ConfigDescr
                0x00816eb4                InterfaceDescr0
                0x00816ebd                InterfaceDescr1
                0x00816ec6                EP_Descr
                0x00816ee6                REPORT_DESCRIPTOR
                0x00816f18                strInterface
                0x00816f30                strConfiguration
                0x00816f42                strSerialNum
                0x00816f5c                strProduct
                0x00816f9e                strManufacturer
 .data          0x00816fd8        0x0 obj/D13BUS.o
 .data          0x00816fd8        0x0 obj/HAL4D13.o
 .data          0x00816fd8        0x0 obj/ISO.o
 .data          0x00816fd8        0x0 obj/ISR.o
 .data          0x00816fd8        0x0 obj/LCD.o
 .data          0x00816fd8      0x108 obj/MAINLOOP.o
                0x00816fd8                StandardDeviceRequest
                0x0081700c                _NAME_USB_REQUEST_RECIPIENT
                0x0081701c                _NAME_USB_REQUEST_TYPE
                0x0081702c                _NAME_USB_STANDARD_REQUEST
                0x00817060                VendorDeviceRequest
                0x008170a0                _NAME_USB_VENDOR_REQUEST
 .data          0x008170e0        0x0 obj/debug.o
 .data          0x008170e0        0x0 obj/hello_world_0.o
 .data          0x008170e0        0x0 obj/usb_irq.o
 .data          0x008170e0        0x0 c:/altera/11.1/nios2eds/bin/gnu/h-i686-mingw32/bin/../lib/gcc/nios2-elf/4.1.2/../../../../nios2-elf/lib\libc.a(lib_a-memcpy.o)
 .data          0x008170e0        0x0 c:/altera/11.1/nios2eds/bin/gnu/h-i686-mingw32/bin/../lib/gcc/nios2-elf/4.1.2/../../../../nios2-elf/lib\libc.a(lib_a-printf.o)
 .data          0x008170e0        0x0 c:/altera/11.1/nios2eds/bin/gnu/h-i686-mingw32/bin/../lib/gcc/nios2-elf/4.1.2/../../../../nios2-elf/lib\libc.a(lib_a-putchar.o)
 .data          0x008170e0        0x0 c:/altera/11.1/nios2eds/bin/gnu/h-i686-mingw32/bin/../lib/gcc/nios2-elf/4.1.2/../../../../nios2-elf/lib\libc.a(lib_a-puts.o)
 .data          0x008170e0        0x0 c:/altera/11.1/nios2eds/bin/gnu/h-i686-mingw32/bin/../lib/gcc/nios2-elf/4.1.2/../../../../nios2-elf/lib\libc.a(lib_a-sprintf.o)
 .data          0x008170e0        0x0 c:/altera/11.1/nios2eds/bin/gnu/h-i686-mingw32/bin/../lib/gcc/nios2-elf/4.1.2/../../../../nios2-elf/lib\libc.a(lib_a-strlen.o)
 .data          0x008170e0        0x0 c:/altera/11.1/nios2eds/bin/gnu/h-i686-mingw32/bin/../lib/gcc/nios2-elf/4.1.2/../../../../nios2-elf/lib\libc.a(lib_a-vfprintf.o)
 .data          0x008170e0        0x0 c:/altera/11.1/nios2eds/bin/gnu/h-i686-mingw32/bin/../lib/gcc/nios2-elf/4.1.2/../../../../nios2-elf/lib\libc.a(lib_a-vsnprintf.o)
 .data          0x008170e0        0x0 c:/altera/11.1/nios2eds/bin/gnu/h-i686-mingw32/bin/../lib/gcc/nios2-elf/4.1.2/../../../../nios2-elf/lib\libc.a(lib_a-wsetup.o)
 .data          0x008170e0        0x0 c:/altera/11.1/nios2eds/bin/gnu/h-i686-mingw32/bin/../lib/gcc/nios2-elf/4.1.2/../../../../nios2-elf/lib\libc.a(lib_a-dtoa.o)
 .data          0x008170e0        0x0 c:/altera/11.1/nios2eds/bin/gnu/h-i686-mingw32/bin/../lib/gcc/nios2-elf/4.1.2/../../../../nios2-elf/lib\libc.a(lib_a-fflush.o)
 .data          0x008170e0        0x0 c:/altera/11.1/nios2eds/bin/gnu/h-i686-mingw32/bin/../lib/gcc/nios2-elf/4.1.2/../../../../nios2-elf/lib\libc.a(lib_a-findfp.o)
 .data          0x008170e0        0x0 c:/altera/11.1/nios2eds/bin/gnu/h-i686-mingw32/bin/../lib/gcc/nios2-elf/4.1.2/../../../../nios2-elf/lib\libc.a(lib_a-freer.o)
 .data          0x008170e0        0x0 c:/altera/11.1/nios2eds/bin/gnu/h-i686-mingw32/bin/../lib/gcc/nios2-elf/4.1.2/../../../../nios2-elf/lib\libc.a(lib_a-fvwrite.o)
 .data          0x008170e0        0x0 c:/altera/11.1/nios2eds/bin/gnu/h-i686-mingw32/bin/../lib/gcc/nios2-elf/4.1.2/../../../../nios2-elf/lib\libc.a(lib_a-fwalk.o)
 .data          0x008170e0      0x400 c:/altera/11.1/nios2eds/bin/gnu/h-i686-mingw32/bin/../lib/gcc/nios2-elf/4.1.2/../../../../nios2-elf/lib\libc.a(lib_a-impure.o)
 .data          0x008174e0        0xc c:/altera/11.1/nios2eds/bin/gnu/h-i686-mingw32/bin/../lib/gcc/nios2-elf/4.1.2/../../../../nios2-elf/lib\libc.a(lib_a-locale.o)
                0x008174e0                __lc_ctype
 .data          0x008174ec        0x0 c:/altera/11.1/nios2eds/bin/gnu/h-i686-mingw32/bin/../lib/gcc/nios2-elf/4.1.2/../../../../nios2-elf/lib\libc.a(lib_a-makebuf.o)
 .data          0x008174ec      0x408 c:/altera/11.1/nios2eds/bin/gnu/h-i686-mingw32/bin/../lib/gcc/nios2-elf/4.1.2/../../../../nios2-elf/lib\libc.a(lib_a-mallocr.o)
                0x008174ec                __malloc_av_
 .data          0x008178f4        0x0 c:/altera/11.1/nios2eds/bin/gnu/h-i686-mingw32/bin/../lib/gcc/nios2-elf/4.1.2/../../../../nios2-elf/lib\libc.a(lib_a-memchr.o)
 .data          0x008178f4        0x0 c:/altera/11.1/nios2eds/bin/gnu/h-i686-mingw32/bin/../lib/gcc/nios2-elf/4.1.2/../../../../nios2-elf/lib\libc.a(lib_a-memmove.o)
 .data          0x008178f4        0x0 c:/altera/11.1/nios2eds/bin/gnu/h-i686-mingw32/bin/../lib/gcc/nios2-elf/4.1.2/../../../../nios2-elf/lib\libc.a(lib_a-memset.o)
 .data          0x008178f4        0x0 c:/altera/11.1/nios2eds/bin/gnu/h-i686-mingw32/bin/../lib/gcc/nios2-elf/4.1.2/../../../../nios2-elf/lib\libc.a(lib_a-mprec.o)
 .data          0x008178f4        0x0 c:/altera/11.1/nios2eds/bin/gnu/h-i686-mingw32/bin/../lib/gcc/nios2-elf/4.1.2/../../../../nios2-elf/lib\libc.a(lib_a-putc.o)
 .data          0x008178f4        0x0 c:/altera/11.1/nios2eds/bin/gnu/h-i686-mingw32/bin/../lib/gcc/nios2-elf/4.1.2/../../../../nios2-elf/lib\libc.a(lib_a-reallocr.o)
 .data          0x008178f4        0x0 c:/altera/11.1/nios2eds/bin/gnu/h-i686-mingw32/bin/../lib/gcc/nios2-elf/4.1.2/../../../../nios2-elf/lib\libc.a(lib_a-s_isinfd.o)
 .data          0x008178f4        0x0 c:/altera/11.1/nios2eds/bin/gnu/h-i686-mingw32/bin/../lib/gcc/nios2-elf/4.1.2/../../../../nios2-elf/lib\libc.a(lib_a-s_isnand.o)
 .data          0x008178f4        0x0 c:/altera/11.1/nios2eds/bin/gnu/h-i686-mingw32/bin/../lib/gcc/nios2-elf/4.1.2/../../../../nios2-elf/lib\libc.a(lib_a-sbrkr.o)
 .data          0x008178f4        0x0 c:/altera/11.1/nios2eds/bin/gnu/h-i686-mingw32/bin/../lib/gcc/nios2-elf/4.1.2/../../../../nios2-elf/lib\libc.a(lib_a-stdio.o)
 .data          0x008178f4        0x0 c:/altera/11.1/nios2eds/bin/gnu/h-i686-mingw32/bin/../lib/gcc/nios2-elf/4.1.2/../../../../nios2-elf/lib\libc.a(lib_a-strcmp.o)
 .data          0x008178f4        0x0 c:/altera/11.1/nios2eds/bin/gnu/h-i686-mingw32/bin/../lib/gcc/nios2-elf/4.1.2/../../../../nios2-elf/lib\libc.a(lib_a-wbuf.o)
 .data          0x008178f4        0x0 c:/altera/11.1/nios2eds/bin/gnu/h-i686-mingw32/bin/../lib/gcc/nios2-elf/4.1.2/../../../../nios2-elf/lib\libc.a(lib_a-writer.o)
 .data          0x008178f4        0x0 c:/altera/11.1/nios2eds/bin/gnu/h-i686-mingw32/bin/../lib/gcc/nios2-elf/4.1.2/../../../../nios2-elf/lib\libc.a(lib_a-callocr.o)
 .data          0x008178f4        0x0 c:/altera/11.1/nios2eds/bin/gnu/h-i686-mingw32/bin/../lib/gcc/nios2-elf/4.1.2/../../../../nios2-elf/lib\libc.a(lib_a-closer.o)
 .data          0x008178f4        0x0 c:/altera/11.1/nios2eds/bin/gnu/h-i686-mingw32/bin/../lib/gcc/nios2-elf/4.1.2/../../../../nios2-elf/lib\libc.a(lib_a-fclose.o)
 .data          0x008178f4        0x0 c:/altera/11.1/nios2eds/bin/gnu/h-i686-mingw32/bin/../lib/gcc/nios2-elf/4.1.2/../../../../nios2-elf/lib\libc.a(lib_a-fstatr.o)
 .data          0x008178f4        0x0 c:/altera/11.1/nios2eds/bin/gnu/h-i686-mingw32/bin/../lib/gcc/nios2-elf/4.1.2/../../../../nios2-elf/lib\libc.a(lib_a-int_errno.o)
 .data          0x008178f4        0x0 c:/altera/11.1/nios2eds/bin/gnu/h-i686-mingw32/bin/../lib/gcc/nios2-elf/4.1.2/../../../../nios2-elf/lib\libc.a(lib_a-isattyr.o)
 .data          0x008178f4        0x0 c:/altera/11.1/nios2eds/bin/gnu/h-i686-mingw32/bin/../lib/gcc/nios2-elf/4.1.2/../../../../nios2-elf/lib\libc.a(lib_a-lseekr.o)
 .data          0x008178f4        0x0 c:/altera/11.1/nios2eds/bin/gnu/h-i686-mingw32/bin/../lib/gcc/nios2-elf/4.1.2/../../../../nios2-elf/lib\libc.a(lib_a-readr.o)
 .data          0x008178f4        0x0 c:/altera/11.1/nios2eds/bin/gnu/h-i686-mingw32/bin/../lib/gcc/nios2-elf/4.1.2\libgcc.a(_udivdi3.o)
 .data          0x008178f4        0x0 c:/altera/11.1/nios2eds/bin/gnu/h-i686-mingw32/bin/../lib/gcc/nios2-elf/4.1.2\libgcc.a(_umoddi3.o)
 .data          0x008178f4        0x0 c:/altera/11.1/nios2eds/bin/gnu/h-i686-mingw32/bin/../lib/gcc/nios2-elf/4.1.2\libgcc.a(_addsub_df.o)
 .data          0x008178f4        0x0 c:/altera/11.1/nios2eds/bin/gnu/h-i686-mingw32/bin/../lib/gcc/nios2-elf/4.1.2\libgcc.a(_mul_df.o)
 .data          0x008178f4        0x0 c:/altera/11.1/nios2eds/bin/gnu/h-i686-mingw32/bin/../lib/gcc/nios2-elf/4.1.2\libgcc.a(_div_df.o)
 .data          0x008178f4        0x0 c:/altera/11.1/nios2eds/bin/gnu/h-i686-mingw32/bin/../lib/gcc/nios2-elf/4.1.2\libgcc.a(_eq_df.o)
 .data          0x008178f4        0x0 c:/altera/11.1/nios2eds/bin/gnu/h-i686-mingw32/bin/../lib/gcc/nios2-elf/4.1.2\libgcc.a(_ne_df.o)
 .data          0x008178f4        0x0 c:/altera/11.1/nios2eds/bin/gnu/h-i686-mingw32/bin/../lib/gcc/nios2-elf/4.1.2\libgcc.a(_gt_df.o)
 .data          0x008178f4        0x0 c:/altera/11.1/nios2eds/bin/gnu/h-i686-mingw32/bin/../lib/gcc/nios2-elf/4.1.2\libgcc.a(_ge_df.o)
 .data          0x008178f4        0x0 c:/altera/11.1/nios2eds/bin/gnu/h-i686-mingw32/bin/../lib/gcc/nios2-elf/4.1.2\libgcc.a(_lt_df.o)
 .data          0x008178f4        0x0 c:/altera/11.1/nios2eds/bin/gnu/h-i686-mingw32/bin/../lib/gcc/nios2-elf/4.1.2\libgcc.a(_si_to_df.o)
 .data          0x008178f4        0x0 c:/altera/11.1/nios2eds/bin/gnu/h-i686-mingw32/bin/../lib/gcc/nios2-elf/4.1.2\libgcc.a(_df_to_si.o)
 .data          0x008178f4        0x0 c:/altera/11.1/nios2eds/bin/gnu/h-i686-mingw32/bin/../lib/gcc/nios2-elf/4.1.2\libgcc.a(_thenan_df.o)
 .data          0x008178f4        0x0 c:/altera/11.1/nios2eds/bin/gnu/h-i686-mingw32/bin/../lib/gcc/nios2-elf/4.1.2\libgcc.a(_usi_to_df.o)
 .data          0x008178f4        0x0 c:/altera/11.1/nios2eds/bin/gnu/h-i686-mingw32/bin/../lib/gcc/nios2-elf/4.1.2\libgcc.a(lib2-divmod.o)
 .data          0x008178f4        0x0 c:/altera/11.1/nios2eds/bin/gnu/h-i686-mingw32/bin/../lib/gcc/nios2-elf/4.1.2\libgcc.a(_muldi3.o)
 .data          0x008178f4        0x0 c:/altera/11.1/nios2eds/bin/gnu/h-i686-mingw32/bin/../lib/gcc/nios2-elf/4.1.2\libgcc.a(_clz.o)
 .data          0x008178f4        0x0 c:/altera/11.1/nios2eds/bin/gnu/h-i686-mingw32/bin/../lib/gcc/nios2-elf/4.1.2\libgcc.a(_clzsi2.o)
 .data          0x008178f4        0x0 c:/altera/11.1/nios2eds/bin/gnu/h-i686-mingw32/bin/../lib/gcc/nios2-elf/4.1.2\libgcc.a(_pack_df.o)
 .data          0x008178f4        0x0 c:/altera/11.1/nios2eds/bin/gnu/h-i686-mingw32/bin/../lib/gcc/nios2-elf/4.1.2\libgcc.a(_unpack_df.o)
 .data          0x008178f4        0x0 c:/altera/11.1/nios2eds/bin/gnu/h-i686-mingw32/bin/../lib/gcc/nios2-elf/4.1.2\libgcc.a(_fpcmp_parts_df.o)
 .data          0x008178f4        0x0 ../hello_world_bsp/\libhal_bsp.a(alt_close.o)
 .data          0x008178f4      0x1a8 ../hello_world_bsp/\libhal_bsp.a(alt_dev.o)
                0x008178f4                alt_dev_null
                0x0081791c                alt_fd_list
 .data          0x00817a9c        0x0 ../hello_world_bsp/\libhal_bsp.a(alt_errno.o)
 .data          0x00817a9c        0x0 ../hello_world_bsp/\libhal_bsp.a(alt_fstat.o)
 .data          0x00817a9c        0x0 ../hello_world_bsp/\libhal_bsp.a(alt_irq_register.o)
 .data          0x00817a9c        0x0 ../hello_world_bsp/\libhal_bsp.a(alt_irq_vars.o)
 .data          0x00817a9c        0x0 ../hello_world_bsp/\libhal_bsp.a(alt_isatty.o)
 .data          0x00817a9c        0x0 ../hello_world_bsp/\libhal_bsp.a(alt_lseek.o)
 .data          0x00817a9c        0x0 ../hello_world_bsp/\libhal_bsp.a(alt_main.o)
 .data          0x00817a9c        0x0 ../hello_world_bsp/\libhal_bsp.a(alt_malloc_lock.o)
 .data          0x00817a9c        0x0 ../hello_world_bsp/\libhal_bsp.a(alt_read.o)
 .data          0x00817a9c        0x0 ../hello_world_bsp/\libhal_bsp.a(alt_release_fd.o)
 .data          0x00817a9c        0x0 ../hello_world_bsp/\libhal_bsp.a(alt_sbrk.o)
 .data          0x00817a9c        0x0 ../hello_world_bsp/\libhal_bsp.a(alt_usleep.o)
 .data          0x00817a9c        0x0 ../hello_world_bsp/\libhal_bsp.a(alt_write.o)
 .data          0x00817a9c     0x13e0 ../hello_world_bsp/\libhal_bsp.a(alt_sys_init.o)
 .data          0x00818e7c        0x0 ../hello_world_bsp/\libhal_bsp.a(altera_avalon_cfi_flash.o)
 .data          0x00818e7c        0x0 ../hello_world_bsp/\libhal_bsp.a(altera_avalon_cfi_flash_table.o)
 .data          0x00818e7c        0x0 ../hello_world_bsp/\libhal_bsp.a(altera_avalon_epcs_flash_controller.o)
 .data          0x00818e7c        0x0 ../hello_world_bsp/\libhal_bsp.a(altera_avalon_jtag_uart_fd.o)
 .data          0x00818e7c        0x0 ../hello_world_bsp/\libhal_bsp.a(altera_avalon_jtag_uart_init.o)
 .data          0x00818e7c        0x0 ../hello_world_bsp/\libhal_bsp.a(altera_avalon_jtag_uart_ioctl.o)
 .data          0x00818e7c        0x0 ../hello_world_bsp/\libhal_bsp.a(altera_avalon_jtag_uart_read.o)
 .data          0x00818e7c        0x0 ../hello_world_bsp/\libhal_bsp.a(altera_avalon_jtag_uart_write.o)
 .data          0x00818e7c        0x0 ../hello_world_bsp/\libhal_bsp.a(altera_avalon_lcd_16207.o)
 .data          0x00818e7c        0x0 ../hello_world_bsp/\libhal_bsp.a(altera_avalon_lcd_16207_fd.o)
 .data          0x00818e7c        0x0 ../hello_world_bsp/\libhal_bsp.a(altera_avalon_timer_sc.o)
 .data          0x00818e7c        0x0 ../hello_world_bsp/\libhal_bsp.a(altera_avalon_uart_fd.o)
 .data          0x00818e7c        0x0 ../hello_world_bsp/\libhal_bsp.a(altera_avalon_uart_init.o)
 .data          0x00818e7c        0x0 ../hello_world_bsp/\libhal_bsp.a(altera_avalon_uart_read.o)
 .data          0x00818e7c        0x0 ../hello_world_bsp/\libhal_bsp.a(altera_avalon_uart_write.o)
 .data          0x00818e7c        0x0 ../hello_world_bsp/\libhal_bsp.a(epcs_commands.o)
 .data          0x00818e7c        0x0 ../hello_world_bsp/\libhal_bsp.a(alt_alarm_start.o)
 .data          0x00818e7c        0x0 ../hello_world_bsp/\libhal_bsp.a(alt_busy_sleep.o)
 .data          0x00818e7c        0x0 ../hello_world_bsp/\libhal_bsp.a(alt_dcache_flush.o)
 .data          0x00818e7c        0x0 ../hello_world_bsp/\libhal_bsp.a(alt_dev_llist_insert.o)
 .data          0x00818e7c        0x0 ../hello_world_bsp/\libhal_bsp.a(alt_do_ctors.o)
 .data          0x00818e7c        0x0 ../hello_world_bsp/\libhal_bsp.a(alt_do_dtors.o)
 .data          0x00818e7c        0x0 ../hello_world_bsp/\libhal_bsp.a(alt_flash_dev.o)
 .data          0x00818e7c        0x0 ../hello_world_bsp/\libhal_bsp.a(alt_iic.o)
 .data          0x00818e7c        0x0 ../hello_world_bsp/\libhal_bsp.a(alt_iic_isr_register.o)
 .data          0x00818e7c        0x0 ../hello_world_bsp/\libhal_bsp.a(alt_io_redirect.o)
 .data          0x00818e7c        0x0 ../hello_world_bsp/\libhal_bsp.a(alt_irq_entry.o)
 .data          0x00818e7c        0x0 ../hello_world_bsp/\libhal_bsp.a(alt_irq_handler.o)
 .data          0x00818e7c        0x0 ../hello_world_bsp/\libhal_bsp.a(alt_open.o)
 .data          0x00818e7c        0x0 ../hello_world_bsp/\libhal_bsp.a(alt_tick.o)
 .data          0x00818e7c        0x0 ../hello_world_bsp/\libhal_bsp.a(altera_nios2_qsys_irq.o)
 .data          0x00818e7c        0x0 ../hello_world_bsp/\libhal_bsp.a(altera_avalon_cfi_flash_amd.o)
 .data          0x00818e7c        0x0 ../hello_world_bsp/\libhal_bsp.a(altera_avalon_cfi_flash_intel.o)
 .data          0x00818e7c        0x0 ../hello_world_bsp/\libhal_bsp.a(altera_avalon_spi.o)
 .data          0x00818e7c        0x0 ../hello_world_bsp/\libhal_bsp.a(alt_exception_entry.o)
 .data          0x00818e7c        0x0 ../hello_world_bsp/\libhal_bsp.a(alt_find_dev.o)
 .data          0x00818e7c        0x0 ../hello_world_bsp/\libhal_bsp.a(alt_find_file.o)
 .data          0x00818e7c        0x0 ../hello_world_bsp/\libhal_bsp.a(alt_get_fd.o)
 .data          0x00818e7c        0x0 c:/altera/11.1/nios2eds/bin/gnu/h-i686-mingw32/bin/../lib/gcc/nios2-elf/4.1.2/../../../../nios2-elf/lib\libc.a(lib_a-atexit.o)
 .data          0x00818e7c        0x0 c:/altera/11.1/nios2eds/bin/gnu/h-i686-mingw32/bin/../lib/gcc/nios2-elf/4.1.2/../../../../nios2-elf/lib\libc.a(lib_a-ctype_.o)
 .data          0x00818e7c        0x0 c:/altera/11.1/nios2eds/bin/gnu/h-i686-mingw32/bin/../lib/gcc/nios2-elf/4.1.2/../../../../nios2-elf/lib\libc.a(lib_a-exit.o)
 .data          0x00818e7c        0x0 c:/altera/11.1/nios2eds/bin/gnu/h-i686-mingw32/bin/../lib/gcc/nios2-elf/4.1.2/../../../../nios2-elf/lib\libc.a(lib_a-memcmp.o)
 .data          0x00818e7c        0x0 c:/altera/11.1/nios2eds/bin/gnu/h-i686-mingw32/bin/../lib/gcc/nios2-elf/4.1.2/../../../../nios2-elf/lib\libc.a(lib_a-__atexit.o)
 .data          0x00818e7c        0x0 c:/altera/11.1/nios2eds/bin/gnu/h-i686-mingw32/bin/../lib/gcc/nios2-elf/4.1.2/../../../../nios2-elf/lib\libc.a(lib_a-__call_atexit.o)
 .data          0x00818e7c        0x0 ../hello_world_bsp/\libhal_bsp.a(alt_exit.o)
                0x00820e7c                _gp = ABSOLUTE ((. + 0x8000))
                0x00820e7c                PROVIDE (gp, _gp)
 *(.rwdata .rwdata.*)
 *(.sdata .sdata.* .gnu.linkonce.s.*)
 .sdata         0x00818e7c        0x4 obj/CHAP_9.o
                0x00818e7c                strLanguage
 .sdata         0x00818e80        0x6 obj/ISO.o
                0x00818e80                IsoDisable
                0x00818e82                IsoOutPattern
                0x00818e84                IsoInPattern
 *fill*         0x00818e86        0x2 00
 .sdata         0x00818e88       0x10 obj/MAINLOOP.o
                0x00818e88                _NAME_USB_REQUEST_DIRECTION
                0x00818e90                ClassDeviceRequest
                0x00818e94                _NAME_USB_CLASS_REQUEST
 .sdata         0x00818e98        0x1 obj/usb_irq.o
                0x00818e98                INT_Enabled
 *fill*         0x00818e99        0x3 00
 .sdata         0x00818e9c        0x8 c:/altera/11.1/nios2eds/bin/gnu/h-i686-mingw32/bin/../lib/gcc/nios2-elf/4.1.2/../../../../nios2-elf/lib\libc.a(lib_a-impure.o)
                0x00818e9c                _impure_ptr
                0x00818ea0                _global_impure_ptr
 .sdata         0x00818ea4        0x8 c:/altera/11.1/nios2eds/bin/gnu/h-i686-mingw32/bin/../lib/gcc/nios2-elf/4.1.2/../../../../nios2-elf/lib\libc.a(lib_a-locale.o)
                0x00818ea4                __mb_cur_max
 .sdata         0x00818eac        0x8 c:/altera/11.1/nios2eds/bin/gnu/h-i686-mingw32/bin/../lib/gcc/nios2-elf/4.1.2/../../../../nios2-elf/lib\libc.a(lib_a-mallocr.o)
                0x00818eac                __malloc_trim_threshold
                0x00818eb0                __malloc_sbrk_base
 .sdata         0x00818eb4       0x14 ../hello_world_bsp/\libhal_bsp.a(alt_dev.o)
                0x00818eb4                alt_fs_list
                0x00818ebc                alt_dev_list
                0x00818ec4                alt_max_fd
 .sdata         0x00818ec8        0x4 ../hello_world_bsp/\libhal_bsp.a(alt_errno.o)
                0x00818ec8                alt_errno
 .sdata         0x00818ecc        0x4 ../hello_world_bsp/\libhal_bsp.a(alt_irq_vars.o)
                0x00818ecc                alt_priority_mask
 .sdata         0x00818ed0        0x4 ../hello_world_bsp/\libhal_bsp.a(alt_sbrk.o)
 .sdata         0x00818ed4        0x4 ../hello_world_bsp/\libhal_bsp.a(altera_avalon_lcd_16207.o)
 .sdata         0x00818ed8        0x8 ../hello_world_bsp/\libhal_bsp.a(alt_flash_dev.o)
                0x00818ed8                alt_flash_dev_list
 .sdata         0x00818ee0        0x8 ../hello_world_bsp/\libhal_bsp.a(alt_tick.o)
                0x00818ee0                alt_alarm_list
 .sdata         0x00818ee8        0x4 c:/altera/11.1/nios2eds/bin/gnu/h-i686-mingw32/bin/../lib/gcc/nios2-elf/4.1.2/../../../../nios2-elf/lib\libc.a(lib_a-ctype_.o)
                0x00818ee8                __ctype_ptr
 *(.sdata2 .sdata2.* .gnu.linkonce.s2.*)
                0x00818eec                . = ALIGN (0x4)
                0x00818eec                _edata = ABSOLUTE (.)
                0x00818eec                PROVIDE (edata, ABSOLUTE (.))
                0x00818eec                PROVIDE (__ram_rwdata_end, ABSOLUTE (.))
                0x00816e2c                PROVIDE (__flash_rwdata_start, LOADADDR (.rwdata))

.bss            0x00818eec      0xb2c
                0x00818eec                __bss_start = ABSOLUTE (.)
                0x00818eec                PROVIDE (__sbss_start, ABSOLUTE (.))
                0x00818eec                PROVIDE (___sbss_start, ABSOLUTE (.))
 *(.dynsbss)
 *(.sbss .sbss.* .gnu.linkonce.sb.*)
 .sbss          0x00818eec        0x1 obj/CHAP_9.o
                0x00818eec                ALTERNATIVE_SETTING
 *fill*         0x00818eed        0x1 00
 .sbss          0x00818eee        0x6 obj/ISO.o
                0x00818eee                IsoMode
                0x00818ef0                IsoOutPktLen
                0x00818ef2                IsoInPktLen
 .sbss          0x00818ef4        0xf obj/hello_world_0.o
                0x00818ef4                bD13flags
                0x00818ef8                ioRequest
                0x00818f00                bUSBCheck_Device_State
 *fill*         0x00818f03        0x1 00
 .sbss          0x00818f04        0x4 obj/usb_irq.o
                0x00818f04                status
 .sbss          0x00818f08        0xc c:/altera/11.1/nios2eds/bin/gnu/h-i686-mingw32/bin/../lib/gcc/nios2-elf/4.1.2/../../../../nios2-elf/lib\libc.a(lib_a-locale.o)
                0x00818f08                __nlocale_changed
                0x00818f0c                __mlocale_changed
                0x00818f10                _PathLocale
 .sbss          0x00818f14        0xc c:/altera/11.1/nios2eds/bin/gnu/h-i686-mingw32/bin/../lib/gcc/nios2-elf/4.1.2/../../../../nios2-elf/lib\libc.a(lib_a-mallocr.o)
                0x00818f14                __malloc_top_pad
                0x00818f18                __malloc_max_sbrked_mem
                0x00818f1c                __malloc_max_total_mem
 .sbss          0x00818f20        0x4 c:/altera/11.1/nios2eds/bin/gnu/h-i686-mingw32/bin/../lib/gcc/nios2-elf/4.1.2/../../../../nios2-elf/lib\libc.a(lib_a-int_errno.o)
                0x00818f20                errno
 .sbss          0x00818f24        0x4 ../hello_world_bsp/\libhal_bsp.a(alt_irq_vars.o)
                0x00818f24                alt_irq_active
 .sbss          0x00818f28        0xc ../hello_world_bsp/\libhal_bsp.a(alt_main.o)
                0x00818f28                alt_argc
                0x00818f2c                alt_argv
                0x00818f30                alt_envp
 .sbss          0x00818f34        0x8 ../hello_world_bsp/\libhal_bsp.a(alt_tick.o)
                0x00818f34                _alt_tick_rate
                0x00818f38                _alt_nticks
 *(.sbss2 .sbss2.* .gnu.linkonce.sb2.*)
 *(.scommon)
                0x00818f3c                PROVIDE (__sbss_end, ABSOLUTE (.))
                0x00818f3c                PROVIDE (___sbss_end, ABSOLUTE (.))
 *(.dynbss)
 *(.bss .bss.* .gnu.linkonce.b.*)
 .bss           0x00818f3c        0x0 ../hello_world_bsp//obj/HAL/src/crt0.o
 .bss           0x00818f3c        0x0 obj/CHAP_9.o
 .bss           0x00818f3c        0x0 obj/D13BUS.o
 .bss           0x00818f3c        0x0 obj/HAL4D13.o
 .bss           0x00818f3c        0x0 obj/ISO.o
 .bss           0x00818f3c        0x0 obj/ISR.o
 .bss           0x00818f3c        0x0 obj/LCD.o
 .bss           0x00818f3c        0x0 obj/MAINLOOP.o
 .bss           0x00818f3c        0x0 obj/debug.o
 .bss           0x00818f3c        0x0 obj/hello_world_0.o
 .bss           0x00818f3c        0x0 obj/usb_irq.o
 .bss           0x00818f3c        0x0 c:/altera/11.1/nios2eds/bin/gnu/h-i686-mingw32/bin/../lib/gcc/nios2-elf/4.1.2/../../../../nios2-elf/lib\libc.a(lib_a-memcpy.o)
 .bss           0x00818f3c        0x0 c:/altera/11.1/nios2eds/bin/gnu/h-i686-mingw32/bin/../lib/gcc/nios2-elf/4.1.2/../../../../nios2-elf/lib\libc.a(lib_a-printf.o)
 .bss           0x00818f3c        0x0 c:/altera/11.1/nios2eds/bin/gnu/h-i686-mingw32/bin/../lib/gcc/nios2-elf/4.1.2/../../../../nios2-elf/lib\libc.a(lib_a-putchar.o)
 .bss           0x00818f3c        0x0 c:/altera/11.1/nios2eds/bin/gnu/h-i686-mingw32/bin/../lib/gcc/nios2-elf/4.1.2/../../../../nios2-elf/lib\libc.a(lib_a-puts.o)
 .bss           0x00818f3c        0x0 c:/altera/11.1/nios2eds/bin/gnu/h-i686-mingw32/bin/../lib/gcc/nios2-elf/4.1.2/../../../../nios2-elf/lib\libc.a(lib_a-sprintf.o)
 .bss           0x00818f3c        0x0 c:/altera/11.1/nios2eds/bin/gnu/h-i686-mingw32/bin/../lib/gcc/nios2-elf/4.1.2/../../../../nios2-elf/lib\libc.a(lib_a-strlen.o)
 .bss           0x00818f3c        0x0 c:/altera/11.1/nios2eds/bin/gnu/h-i686-mingw32/bin/../lib/gcc/nios2-elf/4.1.2/../../../../nios2-elf/lib\libc.a(lib_a-vfprintf.o)
 .bss           0x00818f3c        0x0 c:/altera/11.1/nios2eds/bin/gnu/h-i686-mingw32/bin/../lib/gcc/nios2-elf/4.1.2/../../../../nios2-elf/lib\libc.a(lib_a-vsnprintf.o)
 .bss           0x00818f3c        0x0 c:/altera/11.1/nios2eds/bin/gnu/h-i686-mingw32/bin/../lib/gcc/nios2-elf/4.1.2/../../../../nios2-elf/lib\libc.a(lib_a-wsetup.o)
 .bss           0x00818f3c        0x0 c:/altera/11.1/nios2eds/bin/gnu/h-i686-mingw32/bin/../lib/gcc/nios2-elf/4.1.2/../../../../nios2-elf/lib\libc.a(lib_a-dtoa.o)
 .bss           0x00818f3c        0x0 c:/altera/11.1/nios2eds/bin/gnu/h-i686-mingw32/bin/../lib/gcc/nios2-elf/4.1.2/../../../../nios2-elf/lib\libc.a(lib_a-fflush.o)
 .bss           0x00818f3c        0x0 c:/altera/11.1/nios2eds/bin/gnu/h-i686-mingw32/bin/../lib/gcc/nios2-elf/4.1.2/../../../../nios2-elf/lib\libc.a(lib_a-findfp.o)
 .bss           0x00818f3c        0x0 c:/altera/11.1/nios2eds/bin/gnu/h-i686-mingw32/bin/../lib/gcc/nios2-elf/4.1.2/../../../../nios2-elf/lib\libc.a(lib_a-freer.o)
 .bss           0x00818f3c        0x0 c:/altera/11.1/nios2eds/bin/gnu/h-i686-mingw32/bin/../lib/gcc/nios2-elf/4.1.2/../../../../nios2-elf/lib\libc.a(lib_a-fvwrite.o)
 .bss           0x00818f3c        0x0 c:/altera/11.1/nios2eds/bin/gnu/h-i686-mingw32/bin/../lib/gcc/nios2-elf/4.1.2/../../../../nios2-elf/lib\libc.a(lib_a-fwalk.o)
 .bss           0x00818f3c        0x0 c:/altera/11.1/nios2eds/bin/gnu/h-i686-mingw32/bin/../lib/gcc/nios2-elf/4.1.2/../../../../nios2-elf/lib\libc.a(lib_a-impure.o)
 .bss           0x00818f3c        0x0 c:/altera/11.1/nios2eds/bin/gnu/h-i686-mingw32/bin/../lib/gcc/nios2-elf/4.1.2/../../../../nios2-elf/lib\libc.a(lib_a-locale.o)
 .bss           0x00818f3c        0x0 c:/altera/11.1/nios2eds/bin/gnu/h-i686-mingw32/bin/../lib/gcc/nios2-elf/4.1.2/../../../../nios2-elf/lib\libc.a(lib_a-makebuf.o)
 .bss           0x00818f3c       0x28 c:/altera/11.1/nios2eds/bin/gnu/h-i686-mingw32/bin/../lib/gcc/nios2-elf/4.1.2/../../../../nios2-elf/lib\libc.a(lib_a-mallocr.o)
                0x00818f3c                __malloc_current_mallinfo
 .bss           0x00818f64        0x0 c:/altera/11.1/nios2eds/bin/gnu/h-i686-mingw32/bin/../lib/gcc/nios2-elf/4.1.2/../../../../nios2-elf/lib\libc.a(lib_a-memchr.o)
 .bss           0x00818f64        0x0 c:/altera/11.1/nios2eds/bin/gnu/h-i686-mingw32/bin/../lib/gcc/nios2-elf/4.1.2/../../../../nios2-elf/lib\libc.a(lib_a-memmove.o)
 .bss           0x00818f64        0x0 c:/altera/11.1/nios2eds/bin/gnu/h-i686-mingw32/bin/../lib/gcc/nios2-elf/4.1.2/../../../../nios2-elf/lib\libc.a(lib_a-memset.o)
 .bss           0x00818f64        0x0 c:/altera/11.1/nios2eds/bin/gnu/h-i686-mingw32/bin/../lib/gcc/nios2-elf/4.1.2/../../../../nios2-elf/lib\libc.a(lib_a-mprec.o)
 .bss           0x00818f64        0x0 c:/altera/11.1/nios2eds/bin/gnu/h-i686-mingw32/bin/../lib/gcc/nios2-elf/4.1.2/../../../../nios2-elf/lib\libc.a(lib_a-putc.o)
 .bss           0x00818f64        0x0 c:/altera/11.1/nios2eds/bin/gnu/h-i686-mingw32/bin/../lib/gcc/nios2-elf/4.1.2/../../../../nios2-elf/lib\libc.a(lib_a-reallocr.o)
 .bss           0x00818f64        0x0 c:/altera/11.1/nios2eds/bin/gnu/h-i686-mingw32/bin/../lib/gcc/nios2-elf/4.1.2/../../../../nios2-elf/lib\libc.a(lib_a-s_isinfd.o)
 .bss           0x00818f64        0x0 c:/altera/11.1/nios2eds/bin/gnu/h-i686-mingw32/bin/../lib/gcc/nios2-elf/4.1.2/../../../../nios2-elf/lib\libc.a(lib_a-s_isnand.o)
 .bss           0x00818f64        0x0 c:/altera/11.1/nios2eds/bin/gnu/h-i686-mingw32/bin/../lib/gcc/nios2-elf/4.1.2/../../../../nios2-elf/lib\libc.a(lib_a-sbrkr.o)
 .bss           0x00818f64        0x0 c:/altera/11.1/nios2eds/bin/gnu/h-i686-mingw32/bin/../lib/gcc/nios2-elf/4.1.2/../../../../nios2-elf/lib\libc.a(lib_a-stdio.o)
 .bss           0x00818f64        0x0 c:/altera/11.1/nios2eds/bin/gnu/h-i686-mingw32/bin/../lib/gcc/nios2-elf/4.1.2/../../../../nios2-elf/lib\libc.a(lib_a-strcmp.o)
 .bss           0x00818f64        0x0 c:/altera/11.1/nios2eds/bin/gnu/h-i686-mingw32/bin/../lib/gcc/nios2-elf/4.1.2/../../../../nios2-elf/lib\libc.a(lib_a-wbuf.o)
 .bss           0x00818f64        0x0 c:/altera/11.1/nios2eds/bin/gnu/h-i686-mingw32/bin/../lib/gcc/nios2-elf/4.1.2/../../../../nios2-elf/lib\libc.a(lib_a-writer.o)
 .bss           0x00818f64        0x0 c:/altera/11.1/nios2eds/bin/gnu/h-i686-mingw32/bin/../lib/gcc/nios2-elf/4.1.2/../../../../nios2-elf/lib\libc.a(lib_a-callocr.o)
 .bss           0x00818f64        0x0 c:/altera/11.1/nios2eds/bin/gnu/h-i686-mingw32/bin/../lib/gcc/nios2-elf/4.1.2/../../../../nios2-elf/lib\libc.a(lib_a-closer.o)
 .bss           0x00818f64        0x0 c:/altera/11.1/nios2eds/bin/gnu/h-i686-mingw32/bin/../lib/gcc/nios2-elf/4.1.2/../../../../nios2-elf/lib\libc.a(lib_a-fclose.o)
 .bss           0x00818f64        0x0 c:/altera/11.1/nios2eds/bin/gnu/h-i686-mingw32/bin/../lib/gcc/nios2-elf/4.1.2/../../../../nios2-elf/lib\libc.a(lib_a-fstatr.o)
 .bss           0x00818f64        0x0 c:/altera/11.1/nios2eds/bin/gnu/h-i686-mingw32/bin/../lib/gcc/nios2-elf/4.1.2/../../../../nios2-elf/lib\libc.a(lib_a-int_errno.o)
 .bss           0x00818f64        0x0 c:/altera/11.1/nios2eds/bin/gnu/h-i686-mingw32/bin/../lib/gcc/nios2-elf/4.1.2/../../../../nios2-elf/lib\libc.a(lib_a-isattyr.o)
 .bss           0x00818f64        0x0 c:/altera/11.1/nios2eds/bin/gnu/h-i686-mingw32/bin/../lib/gcc/nios2-elf/4.1.2/../../../../nios2-elf/lib\libc.a(lib_a-lseekr.o)
 .bss           0x00818f64        0x0 c:/altera/11.1/nios2eds/bin/gnu/h-i686-mingw32/bin/../lib/gcc/nios2-elf/4.1.2/../../../../nios2-elf/lib\libc.a(lib_a-readr.o)
 .bss           0x00818f64        0x0 c:/altera/11.1/nios2eds/bin/gnu/h-i686-mingw32/bin/../lib/gcc/nios2-elf/4.1.2\libgcc.a(_udivdi3.o)
 .bss           0x00818f64        0x0 c:/altera/11.1/nios2eds/bin/gnu/h-i686-mingw32/bin/../lib/gcc/nios2-elf/4.1.2\libgcc.a(_umoddi3.o)
 .bss           0x00818f64        0x0 c:/altera/11.1/nios2eds/bin/gnu/h-i686-mingw32/bin/../lib/gcc/nios2-elf/4.1.2\libgcc.a(_addsub_df.o)
 .bss           0x00818f64        0x0 c:/altera/11.1/nios2eds/bin/gnu/h-i686-mingw32/bin/../lib/gcc/nios2-elf/4.1.2\libgcc.a(_mul_df.o)
 .bss           0x00818f64        0x0 c:/altera/11.1/nios2eds/bin/gnu/h-i686-mingw32/bin/../lib/gcc/nios2-elf/4.1.2\libgcc.a(_div_df.o)
 .bss           0x00818f64        0x0 c:/altera/11.1/nios2eds/bin/gnu/h-i686-mingw32/bin/../lib/gcc/nios2-elf/4.1.2\libgcc.a(_eq_df.o)
 .bss           0x00818f64        0x0 c:/altera/11.1/nios2eds/bin/gnu/h-i686-mingw32/bin/../lib/gcc/nios2-elf/4.1.2\libgcc.a(_ne_df.o)
 .bss           0x00818f64        0x0 c:/altera/11.1/nios2eds/bin/gnu/h-i686-mingw32/bin/../lib/gcc/nios2-elf/4.1.2\libgcc.a(_gt_df.o)
 .bss           0x00818f64        0x0 c:/altera/11.1/nios2eds/bin/gnu/h-i686-mingw32/bin/../lib/gcc/nios2-elf/4.1.2\libgcc.a(_ge_df.o)
 .bss           0x00818f64        0x0 c:/altera/11.1/nios2eds/bin/gnu/h-i686-mingw32/bin/../lib/gcc/nios2-elf/4.1.2\libgcc.a(_lt_df.o)
 .bss           0x00818f64        0x0 c:/altera/11.1/nios2eds/bin/gnu/h-i686-mingw32/bin/../lib/gcc/nios2-elf/4.1.2\libgcc.a(_si_to_df.o)
 .bss           0x00818f64        0x0 c:/altera/11.1/nios2eds/bin/gnu/h-i686-mingw32/bin/../lib/gcc/nios2-elf/4.1.2\libgcc.a(_df_to_si.o)
 .bss           0x00818f64        0x0 c:/altera/11.1/nios2eds/bin/gnu/h-i686-mingw32/bin/../lib/gcc/nios2-elf/4.1.2\libgcc.a(_thenan_df.o)
 .bss           0x00818f64        0x0 c:/altera/11.1/nios2eds/bin/gnu/h-i686-mingw32/bin/../lib/gcc/nios2-elf/4.1.2\libgcc.a(_usi_to_df.o)
 .bss           0x00818f64        0x0 c:/altera/11.1/nios2eds/bin/gnu/h-i686-mingw32/bin/../lib/gcc/nios2-elf/4.1.2\libgcc.a(lib2-divmod.o)
 .bss           0x00818f64        0x0 c:/altera/11.1/nios2eds/bin/gnu/h-i686-mingw32/bin/../lib/gcc/nios2-elf/4.1.2\libgcc.a(_muldi3.o)
 .bss           0x00818f64        0x0 c:/altera/11.1/nios2eds/bin/gnu/h-i686-mingw32/bin/../lib/gcc/nios2-elf/4.1.2\libgcc.a(_clz.o)
 .bss           0x00818f64        0x0 c:/altera/11.1/nios2eds/bin/gnu/h-i686-mingw32/bin/../lib/gcc/nios2-elf/4.1.2\libgcc.a(_clzsi2.o)
 .bss           0x00818f64        0x0 c:/altera/11.1/nios2eds/bin/gnu/h-i686-mingw32/bin/../lib/gcc/nios2-elf/4.1.2\libgcc.a(_pack_df.o)
 .bss           0x00818f64        0x0 c:/altera/11.1/nios2eds/bin/gnu/h-i686-mingw32/bin/../lib/gcc/nios2-elf/4.1.2\libgcc.a(_unpack_df.o)
 .bss           0x00818f64        0x0 c:/altera/11.1/nios2eds/bin/gnu/h-i686-mingw32/bin/../lib/gcc/nios2-elf/4.1.2\libgcc.a(_fpcmp_parts_df.o)
 .bss           0x00818f64        0x0 ../hello_world_bsp/\libhal_bsp.a(alt_close.o)
 .bss           0x00818f64        0x0 ../hello_world_bsp/\libhal_bsp.a(alt_dev.o)
 .bss           0x00818f64        0x0 ../hello_world_bsp/\libhal_bsp.a(alt_errno.o)
 .bss           0x00818f64        0x0 ../hello_world_bsp/\libhal_bsp.a(alt_fstat.o)
 .bss           0x00818f64        0x0 ../hello_world_bsp/\libhal_bsp.a(alt_irq_register.o)
 .bss           0x00818f64        0x0 ../hello_world_bsp/\libhal_bsp.a(alt_irq_vars.o)
 .bss           0x00818f64        0x0 ../hello_world_bsp/\libhal_bsp.a(alt_isatty.o)
 .bss           0x00818f64        0x0 ../hello_world_bsp/\libhal_bsp.a(alt_lseek.o)
 .bss           0x00818f64        0x0 ../hello_world_bsp/\libhal_bsp.a(alt_main.o)
 .bss           0x00818f64        0x0 ../hello_world_bsp/\libhal_bsp.a(alt_malloc_lock.o)
 .bss           0x00818f64        0x0 ../hello_world_bsp/\libhal_bsp.a(alt_read.o)
 .bss           0x00818f64        0x0 ../hello_world_bsp/\libhal_bsp.a(alt_release_fd.o)
 .bss           0x00818f64        0x0 ../hello_world_bsp/\libhal_bsp.a(alt_sbrk.o)
 .bss           0x00818f64        0x0 ../hello_world_bsp/\libhal_bsp.a(alt_usleep.o)
 .bss           0x00818f64        0x0 ../hello_world_bsp/\libhal_bsp.a(alt_write.o)
 .bss           0x00818f64        0x0 ../hello_world_bsp/\libhal_bsp.a(alt_sys_init.o)
 .bss           0x00818f64        0x0 ../hello_world_bsp/\libhal_bsp.a(altera_avalon_cfi_flash.o)
 .bss           0x00818f64        0x0 ../hello_world_bsp/\libhal_bsp.a(altera_avalon_cfi_flash_table.o)
 .bss           0x00818f64        0x0 ../hello_world_bsp/\libhal_bsp.a(altera_avalon_epcs_flash_controller.o)
 .bss           0x00818f64        0x0 ../hello_world_bsp/\libhal_bsp.a(altera_avalon_jtag_uart_fd.o)
 .bss           0x00818f64        0x0 ../hello_world_bsp/\libhal_bsp.a(altera_avalon_jtag_uart_init.o)
 .bss           0x00818f64        0x0 ../hello_world_bsp/\libhal_bsp.a(altera_avalon_jtag_uart_ioctl.o)
 .bss           0x00818f64        0x0 ../hello_world_bsp/\libhal_bsp.a(altera_avalon_jtag_uart_read.o)
 .bss           0x00818f64        0x0 ../hello_world_bsp/\libhal_bsp.a(altera_avalon_jtag_uart_write.o)
 .bss           0x00818f64        0x0 ../hello_world_bsp/\libhal_bsp.a(altera_avalon_lcd_16207.o)
 .bss           0x00818f64        0x0 ../hello_world_bsp/\libhal_bsp.a(altera_avalon_lcd_16207_fd.o)
 .bss           0x00818f64        0x0 ../hello_world_bsp/\libhal_bsp.a(altera_avalon_timer_sc.o)
 .bss           0x00818f64        0x0 ../hello_world_bsp/\libhal_bsp.a(altera_avalon_uart_fd.o)
 .bss           0x00818f64        0x0 ../hello_world_bsp/\libhal_bsp.a(altera_avalon_uart_init.o)
 .bss           0x00818f64        0x0 ../hello_world_bsp/\libhal_bsp.a(altera_avalon_uart_read.o)
 .bss           0x00818f64        0x0 ../hello_world_bsp/\libhal_bsp.a(altera_avalon_uart_write.o)
 .bss           0x00818f64        0x0 ../hello_world_bsp/\libhal_bsp.a(epcs_commands.o)
 .bss           0x00818f64        0x0 ../hello_world_bsp/\libhal_bsp.a(alt_alarm_start.o)
 .bss           0x00818f64        0x0 ../hello_world_bsp/\libhal_bsp.a(alt_busy_sleep.o)
 .bss           0x00818f64        0x0 ../hello_world_bsp/\libhal_bsp.a(alt_dcache_flush.o)
 .bss           0x00818f64        0x0 ../hello_world_bsp/\libhal_bsp.a(alt_dev_llist_insert.o)
 .bss           0x00818f64        0x0 ../hello_world_bsp/\libhal_bsp.a(alt_do_ctors.o)
 .bss           0x00818f64        0x0 ../hello_world_bsp/\libhal_bsp.a(alt_do_dtors.o)
 .bss           0x00818f64        0x0 ../hello_world_bsp/\libhal_bsp.a(alt_flash_dev.o)
 .bss           0x00818f64        0x0 ../hello_world_bsp/\libhal_bsp.a(alt_iic.o)
 .bss           0x00818f64        0x0 ../hello_world_bsp/\libhal_bsp.a(alt_iic_isr_register.o)
 .bss           0x00818f64        0x0 ../hello_world_bsp/\libhal_bsp.a(alt_io_redirect.o)
 .bss           0x00818f64        0x0 ../hello_world_bsp/\libhal_bsp.a(alt_irq_entry.o)
 .bss           0x00818f64        0x0 ../hello_world_bsp/\libhal_bsp.a(alt_irq_handler.o)
 .bss           0x00818f64        0x0 ../hello_world_bsp/\libhal_bsp.a(alt_open.o)
 .bss           0x00818f64        0x0 ../hello_world_bsp/\libhal_bsp.a(alt_tick.o)
 .bss           0x00818f64        0x0 ../hello_world_bsp/\libhal_bsp.a(altera_nios2_qsys_irq.o)
 .bss           0x00818f64        0x0 ../hello_world_bsp/\libhal_bsp.a(altera_avalon_cfi_flash_amd.o)
 .bss           0x00818f64        0x0 ../hello_world_bsp/\libhal_bsp.a(altera_avalon_cfi_flash_intel.o)
 .bss           0x00818f64        0x0 ../hello_world_bsp/\libhal_bsp.a(altera_avalon_spi.o)
 .bss           0x00818f64        0x0 ../hello_world_bsp/\libhal_bsp.a(alt_exception_entry.o)
 .bss           0x00818f64        0x0 ../hello_world_bsp/\libhal_bsp.a(alt_find_dev.o)
 .bss           0x00818f64        0x0 ../hello_world_bsp/\libhal_bsp.a(alt_find_file.o)
 .bss           0x00818f64        0x0 ../hello_world_bsp/\libhal_bsp.a(alt_get_fd.o)
 .bss           0x00818f64        0x0 c:/altera/11.1/nios2eds/bin/gnu/h-i686-mingw32/bin/../lib/gcc/nios2-elf/4.1.2/../../../../nios2-elf/lib\libc.a(lib_a-atexit.o)
 .bss           0x00818f64        0x0 c:/altera/11.1/nios2eds/bin/gnu/h-i686-mingw32/bin/../lib/gcc/nios2-elf/4.1.2/../../../../nios2-elf/lib\libc.a(lib_a-ctype_.o)
 .bss           0x00818f64        0x0 c:/altera/11.1/nios2eds/bin/gnu/h-i686-mingw32/bin/../lib/gcc/nios2-elf/4.1.2/../../../../nios2-elf/lib\libc.a(lib_a-exit.o)
 .bss           0x00818f64        0x0 c:/altera/11.1/nios2eds/bin/gnu/h-i686-mingw32/bin/../lib/gcc/nios2-elf/4.1.2/../../../../nios2-elf/lib\libc.a(lib_a-memcmp.o)
 .bss           0x00818f64        0x0 c:/altera/11.1/nios2eds/bin/gnu/h-i686-mingw32/bin/../lib/gcc/nios2-elf/4.1.2/../../../../nios2-elf/lib\libc.a(lib_a-__atexit.o)
 .bss           0x00818f64        0x0 c:/altera/11.1/nios2eds/bin/gnu/h-i686-mingw32/bin/../lib/gcc/nios2-elf/4.1.2/../../../../nios2-elf/lib\libc.a(lib_a-__call_atexit.o)
 .bss           0x00818f64        0x0 ../hello_world_bsp/\libhal_bsp.a(alt_exit.o)
 *(COMMON)
 COMMON         0x00818f64      0x800 obj/ISO.o
                0x00818f64                IsoOutDataBuff
                0x00819364                IsoInDataBuff
 COMMON         0x00819764       0x24 obj/hello_world_0.o
                0x00819764                ControlData
 COMMON         0x00819788      0x100 ../hello_world_bsp/\libhal_bsp.a(alt_irq_handler.o)
                0x00819788                alt_irq
 COMMON         0x00819888      0x190 c:/altera/11.1/nios2eds/bin/gnu/h-i686-mingw32/bin/../lib/gcc/nios2-elf/4.1.2/../../../../nios2-elf/lib\libc.a(lib_a-atexit.o)
                0x00819888                _atexit0
                0x00819a18                . = ALIGN (0x4)
                0x00819a18                __bss_end = ABSOLUTE (.)

.sdram_0        0x00819a18        0x0
                0x00819a18                PROVIDE (_alt_partition_sdram_0_start, ABSOLUTE (.))
 *(.sdram_0. sdram_0.*)
                0x00819a18                . = ALIGN (0x4)
                0x00819a18                PROVIDE (_alt_partition_sdram_0_end, ABSOLUTE (.))
                0x00819a18                _end = ABSOLUTE (.)
                0x00819a18                end = ABSOLUTE (.)
                0x00819a18                __alt_stack_base = ABSOLUTE (.)
                0x00819a18                PROVIDE (_alt_partition_sdram_0_load_addr, LOADADDR (.sdram_0))

.cfi_flash_0    0x01400020        0x0
                0x01400020                PROVIDE (_alt_partition_cfi_flash_0_start, ABSOLUTE (.))
 *(.cfi_flash_0. cfi_flash_0.*)
                0x01400020                . = ALIGN (0x4)
                0x01400020                PROVIDE (_alt_partition_cfi_flash_0_end, ABSOLUTE (.))
                0x01400020                PROVIDE (_alt_partition_cfi_flash_0_load_addr, LOADADDR (.cfi_flash_0))

.sram_0         0x01a80000        0x0
                0x01a80000                PROVIDE (_alt_partition_sram_0_start, ABSOLUTE (.))
 *(.sram_0. sram_0.*)
                0x01a80000                . = ALIGN (0x4)
                0x01a80000                PROVIDE (_alt_partition_sram_0_end, ABSOLUTE (.))
                0x01a80000                PROVIDE (_alt_partition_sram_0_load_addr, LOADADDR (.sram_0))

.epcs_controller
                0x01b01800        0x0
                0x01b01800                PROVIDE (_alt_partition_epcs_controller_start, ABSOLUTE (.))
 *(.epcs_controller. epcs_controller.*)
                0x01b01800                . = ALIGN (0x4)
                0x01b01800                PROVIDE (_alt_partition_epcs_controller_end, ABSOLUTE (.))
                0x01b01800                PROVIDE (_alt_partition_epcs_controller_load_addr, LOADADDR (.epcs_controller))

.stab
 *(.stab)

.stabstr
 *(.stabstr)

.stab.excl
 *(.stab.excl)

.stab.exclstr
 *(.stab.exclstr)

.stab.index
 *(.stab.index)

.stab.indexstr
 *(.stab.indexstr)

.comment        0x00000000       0x26
 *(.comment)
 .comment       0x00000000       0x26 obj/CHAP_9.o
                                 0x27 (size before relaxing)
 .comment       0x00000000       0x27 obj/D13BUS.o
 .comment       0x00000000       0x27 obj/HAL4D13.o
 .comment       0x00000000       0x27 obj/ISO.o
 .comment       0x00000000       0x27 obj/ISR.o
 .comment       0x00000000       0x27 obj/LCD.o
 .comment       0x00000000       0x27 obj/MAINLOOP.o
 .comment       0x00000000       0x27 obj/debug.o
 .comment       0x00000000       0x27 obj/hello_world_0.o
 .comment       0x00000000       0x27 obj/usb_irq.o
 .comment       0x00000000       0x27 c:/altera/11.1/nios2eds/bin/gnu/h-i686-mingw32/bin/../lib/gcc/nios2-elf/4.1.2/../../../../nios2-elf/lib\libc.a(lib_a-memcpy.o)
 .comment       0x00000000       0x27 c:/altera/11.1/nios2eds/bin/gnu/h-i686-mingw32/bin/../lib/gcc/nios2-elf/4.1.2/../../../../nios2-elf/lib\libc.a(lib_a-printf.o)
 .comment       0x00000000       0x27 c:/altera/11.1/nios2eds/bin/gnu/h-i686-mingw32/bin/../lib/gcc/nios2-elf/4.1.2/../../../../nios2-elf/lib\libc.a(lib_a-putchar.o)
 .comment       0x00000000       0x27 c:/altera/11.1/nios2eds/bin/gnu/h-i686-mingw32/bin/../lib/gcc/nios2-elf/4.1.2/../../../../nios2-elf/lib\libc.a(lib_a-puts.o)
 .comment       0x00000000       0x27 c:/altera/11.1/nios2eds/bin/gnu/h-i686-mingw32/bin/../lib/gcc/nios2-elf/4.1.2/../../../../nios2-elf/lib\libc.a(lib_a-sprintf.o)
 .comment       0x00000000       0x27 c:/altera/11.1/nios2eds/bin/gnu/h-i686-mingw32/bin/../lib/gcc/nios2-elf/4.1.2/../../../../nios2-elf/lib\libc.a(lib_a-strlen.o)
 .comment       0x00000000       0x27 c:/altera/11.1/nios2eds/bin/gnu/h-i686-mingw32/bin/../lib/gcc/nios2-elf/4.1.2/../../../../nios2-elf/lib\libc.a(lib_a-vfprintf.o)
 .comment       0x00000000       0x27 c:/altera/11.1/nios2eds/bin/gnu/h-i686-mingw32/bin/../lib/gcc/nios2-elf/4.1.2/../../../../nios2-elf/lib\libc.a(lib_a-vsnprintf.o)
 .comment       0x00000000       0x27 c:/altera/11.1/nios2eds/bin/gnu/h-i686-mingw32/bin/../lib/gcc/nios2-elf/4.1.2/../../../../nios2-elf/lib\libc.a(lib_a-wsetup.o)
 .comment       0x00000000       0x27 c:/altera/11.1/nios2eds/bin/gnu/h-i686-mingw32/bin/../lib/gcc/nios2-elf/4.1.2/../../../../nios2-elf/lib\libc.a(lib_a-dtoa.o)
 .comment       0x00000000       0x27 c:/altera/11.1/nios2eds/bin/gnu/h-i686-mingw32/bin/../lib/gcc/nios2-elf/4.1.2/../../../../nios2-elf/lib\libc.a(lib_a-fflush.o)
 .comment       0x00000000       0x27 c:/altera/11.1/nios2eds/bin/gnu/h-i686-mingw32/bin/../lib/gcc/nios2-elf/4.1.2/../../../../nios2-elf/lib\libc.a(lib_a-findfp.o)
 .comment       0x00000000       0x27 c:/altera/11.1/nios2eds/bin/gnu/h-i686-mingw32/bin/../lib/gcc/nios2-elf/4.1.2/../../../../nios2-elf/lib\libc.a(lib_a-freer.o)
 .comment       0x00000000       0x27 c:/altera/11.1/nios2eds/bin/gnu/h-i686-mingw32/bin/../lib/gcc/nios2-elf/4.1.2/../../../../nios2-elf/lib\libc.a(lib_a-fvwrite.o)
 .comment       0x00000000       0x27 c:/altera/11.1/nios2eds/bin/gnu/h-i686-mingw32/bin/../lib/gcc/nios2-elf/4.1.2/../../../../nios2-elf/lib\libc.a(lib_a-fwalk.o)
 .comment       0x00000000       0x27 c:/altera/11.1/nios2eds/bin/gnu/h-i686-mingw32/bin/../lib/gcc/nios2-elf/4.1.2/../../../../nios2-elf/lib\libc.a(lib_a-impure.o)
 .comment       0x00000000       0x27 c:/altera/11.1/nios2eds/bin/gnu/h-i686-mingw32/bin/../lib/gcc/nios2-elf/4.1.2/../../../../nios2-elf/lib\libc.a(lib_a-locale.o)
 .comment       0x00000000       0x27 c:/altera/11.1/nios2eds/bin/gnu/h-i686-mingw32/bin/../lib/gcc/nios2-elf/4.1.2/../../../../nios2-elf/lib\libc.a(lib_a-makebuf.o)
 .comment       0x00000000       0x27 c:/altera/11.1/nios2eds/bin/gnu/h-i686-mingw32/bin/../lib/gcc/nios2-elf/4.1.2/../../../../nios2-elf/lib\libc.a(lib_a-mallocr.o)
 .comment       0x00000000       0x27 c:/altera/11.1/nios2eds/bin/gnu/h-i686-mingw32/bin/../lib/gcc/nios2-elf/4.1.2/../../../../nios2-elf/lib\libc.a(lib_a-memchr.o)
 .comment       0x00000000       0x27 c:/altera/11.1/nios2eds/bin/gnu/h-i686-mingw32/bin/../lib/gcc/nios2-elf/4.1.2/../../../../nios2-elf/lib\libc.a(lib_a-memmove.o)
 .comment       0x00000000       0x27 c:/altera/11.1/nios2eds/bin/gnu/h-i686-mingw32/bin/../lib/gcc/nios2-elf/4.1.2/../../../../nios2-elf/lib\libc.a(lib_a-memset.o)
 .comment       0x00000000       0x27 c:/altera/11.1/nios2eds/bin/gnu/h-i686-mingw32/bin/../lib/gcc/nios2-elf/4.1.2/../../../../nios2-elf/lib\libc.a(lib_a-mprec.o)
 .comment       0x00000000       0x27 c:/altera/11.1/nios2eds/bin/gnu/h-i686-mingw32/bin/../lib/gcc/nios2-elf/4.1.2/../../../../nios2-elf/lib\libc.a(lib_a-putc.o)
 .comment       0x00000000       0x27 c:/altera/11.1/nios2eds/bin/gnu/h-i686-mingw32/bin/../lib/gcc/nios2-elf/4.1.2/../../../../nios2-elf/lib\libc.a(lib_a-reallocr.o)
 .comment       0x00000000       0x27 c:/altera/11.1/nios2eds/bin/gnu/h-i686-mingw32/bin/../lib/gcc/nios2-elf/4.1.2/../../../../nios2-elf/lib\libc.a(lib_a-s_isinfd.o)
 .comment       0x00000000       0x27 c:/altera/11.1/nios2eds/bin/gnu/h-i686-mingw32/bin/../lib/gcc/nios2-elf/4.1.2/../../../../nios2-elf/lib\libc.a(lib_a-s_isnand.o)
 .comment       0x00000000       0x27 c:/altera/11.1/nios2eds/bin/gnu/h-i686-mingw32/bin/../lib/gcc/nios2-elf/4.1.2/../../../../nios2-elf/lib\libc.a(lib_a-sbrkr.o)